#0 building with "default" instance using docker driver

#1 [internal] load build definition from centos10-gluster.Dockerfile
#1 transferring dockerfile: 3.19kB done
#1 WARN: SecretsUsedInArgOrEnv: Do not use ARG or ENV instructions for sensitive data (ARG "RPM_GPG_KEY_URL") (line 15)
#1 DONE 0.0s

#2 [internal] load metadata for docker.io/library/almalinux:10@sha256:cc24bc5b6ac7e284f2f62a07bdaa1b15d3319fdcf46413c6b8fe9fa245068ddd
#2 DONE 0.0s

#3 [internal] load .dockerignore
#3 transferring context: 2B done
#3 DONE 0.0s

#4 [1/5] FROM docker.io/library/almalinux:10@sha256:cc24bc5b6ac7e284f2f62a07bdaa1b15d3319fdcf46413c6b8fe9fa245068ddd
#4 resolve docker.io/library/almalinux:10@sha256:cc24bc5b6ac7e284f2f62a07bdaa1b15d3319fdcf46413c6b8fe9fa245068ddd 0.0s done
#4 CACHED

#5 [internal] load build context
#5 transferring context: 84B done
#5 DONE 0.0s

#6 [2/5] RUN test -n "https://glusterfs.eliware.org/el10/x86_64/previews/epel10-rolling-2026.08.18-ae1d69672fe0/"     && test -n "95e479d2ee2cd78a4c222950638d4cdbde82ab7f2bfb286f1a77c674c2a849a7"     && dnf -y install dnf-plugins-core     && dnf -y install epel-release     && dnf config-manager --set-enabled crb     && curl --fail --silent --show-error --location --retry 6 --retry-all-errors --retry-delay 2 --connect-timeout 15 --max-time 60 "https://glusterfs.eliware.org/keys/RPM-GPG-KEY-ELIWARE-GLUSTER" --output /tmp/eliware-gluster-key     && rpm --import /tmp/eliware-gluster-key     && printf '[eliware-glusterfs]\nname=Eliware GlusterFS\nbaseurl=%s\nenabled=1\ngpgcheck=1\nrepo_gpgcheck=1\ngpgkey=%s\n' "https://glusterfs.eliware.org/el10/x86_64/previews/epel10-rolling-2026.08.18-ae1d69672fe0/" "https://glusterfs.eliware.org/keys/RPM-GPG-KEY-ELIWARE-GLUSTER" > /etc/yum.repos.d/eliware-glusterfs.repo     && curl --fail --silent --show-error --location --retry 6 --retry-all-errors --retry-delay 2 --connect-timeout 15 --max-time 60 "https://glusterfs.eliware.org/el10/x86_64/previews/epel10-rolling-2026.08.18-ae1d69672fe0/repodata/repomd.xml" --output /tmp/repomd.xml     && printf '%s  /tmp/repomd.xml\n' "95e479d2ee2cd78a4c222950638d4cdbde82ab7f2bfb286f1a77c674c2a849a7" | sha256sum --check --status     && dnf -y --enablerepo=eliware-glusterfs install          glusterfs glusterfs-server glusterfs-selinux glusterfs-cli          glusterfs-client-xlators glusterfs-fuse glusterfs-gnfs          libgfapi0 libgfchangelog0 libgfrpc0 libgfxdr0 libglusterfs0          python3-gluster nodejs     && dnf clean all     && rm -f /tmp/eliware-gluster-key /tmp/repomd.xml     && rm -rf /var/cache/dnf
#6 0.786 AlmaLinux 10 - AppStream                        7.7 MB/s | 2.4 MB     00:00    
#6 1.384 AlmaLinux 10 - BaseOS                           103 MB/s |  29 MB     00:00    
#6 4.013 AlmaLinux 10 - CRB                              8.3 MB/s | 566 kB     00:00    
#6 4.170 AlmaLinux 10 - Extras                           126 kB/s | 7.3 kB     00:00    
#6 4.570 Dependencies resolved.
#6 4.570 ================================================================================
#6 4.570  Package                 Architecture  Version              Repository     Size
#6 4.570 ================================================================================
#6 4.570 Installing:
#6 4.570  dnf-plugins-core        noarch        4.7.0-10.el10        baseos         37 k
#6 4.570 
#6 4.570 Transaction Summary
#6 4.570 ================================================================================
#6 4.570 Install  1 Package
#6 4.570 
#6 4.570 Total download size: 37 k
#6 4.571 Installed size: 22 k
#6 4.571 Downloading Packages:
#6 4.629 dnf-plugins-core-4.7.0-10.el10.noarch.rpm        11 MB/s |  37 kB     00:00    
#6 4.629 --------------------------------------------------------------------------------
#6 4.629 Total                                           637 kB/s |  37 kB     00:00     
#6 4.638 Running transaction check
#6 4.642 Transaction check succeeded.
#6 4.642 Running transaction test
#6 4.644 Transaction test succeeded.
#6 4.645 Running transaction
#6 4.649   Preparing        :                                                        1/1 
#6 4.661   Installing       : dnf-plugins-core-4.7.0-10.el10.noarch                  1/1 
#6 4.777 
#6 4.777 Installed:
#6 4.777   dnf-plugins-core-4.7.0-10.el10.noarch                                         
#6 4.777 
#6 4.777 Complete!
#6 5.034 Last metadata expiration check: 0:00:01 ago on Tue Aug 18 05:54:37 2026.
#6 5.099 Dependencies resolved.
#6 5.099 ================================================================================
#6 5.099  Package               Architecture    Version            Repository       Size
#6 5.099 ================================================================================
#6 5.099 Installing:
#6 5.099  epel-release          noarch          10-6.el10          extras           18 k
#6 5.099 
#6 5.099 Transaction Summary
#6 5.099 ================================================================================
#6 5.099 Install  1 Package
#6 5.099 
#6 5.100 Total download size: 18 k
#6 5.100 Installed size: 25 k
#6 5.100 Downloading Packages:
#6 5.158 epel-release-10-6.el10.noarch.rpm               4.2 MB/s |  18 kB     00:00    
#6 5.158 --------------------------------------------------------------------------------
#6 5.158 Total                                           316 kB/s |  18 kB     00:00     
#6 5.165 Running transaction check
#6 5.169 Transaction check succeeded.
#6 5.169 Running transaction test
#6 5.171 Transaction test succeeded.
#6 5.171 Running transaction
#6 5.175   Preparing        :                                                        1/1 
#6 5.182   Installing       : epel-release-10-6.el10.noarch                          1/1 
#6 5.183   Running scriptlet: epel-release-10-6.el10.noarch                          1/1 
#6 5.188 Many EPEL packages require the CodeReady Builder (CRB) repository.
#6 5.188 It is recommended that you run /usr/bin/crb enable to enable the CRB repository.
#6 5.188 
#6 5.255 
#6 5.255 Installed:
#6 5.255   epel-release-10-6.el10.noarch                                                 
#6 5.255 
#6 5.255 Complete!
#6 5.759 AlmaLinux 10 - CRB                               68 kB/s | 3.8 kB     00:00    
#6 5.807 Eliware GlusterFS                               5.3 kB/s | 228  B     00:00    
#6 5.822 Eliware GlusterFS                                56 kB/s | 847  B     00:00    
#6 5.822 Importing GPG key 0x79687D60:
#6 5.822  Userid     : "Eliware GlusterFS Release <gluster-release@eliware.org>"
#6 5.822  Fingerprint: 82EC A351 E170 E834 0B53 B476 EDCB 5E07 7968 7D60
#6 5.822  From       : https://glusterfs.eliware.org/keys/RPM-GPG-KEY-ELIWARE-GLUSTER
#6 5.864 Eliware GlusterFS                               245 kB/s |  10 kB     00:00    
#6 6.899 Extra Packages for Enterprise Linux 10 - x86_64 6.5 MB/s | 6.6 MB     00:01    
#6 9.131 Dependencies resolved.
#6 9.135 =====================================================================================================
#6 9.135  Package                         Arch    Version                             Repository          Size
#6 9.135 =====================================================================================================
#6 9.135 Installing:
#6 9.135  glusterfs                       x86_64  2026.08.18-0.0.gitae1d69672fe0.el10 eliware-glusterfs  594 k
#6 9.135  glusterfs-cli                   x86_64  2026.08.18-0.0.gitae1d69672fe0.el10 eliware-glusterfs  185 k
#6 9.135  glusterfs-client-xlators        x86_64  2026.08.18-0.0.gitae1d69672fe0.el10 eliware-glusterfs  784 k
#6 9.135  glusterfs-fuse                  x86_64  2026.08.18-0.0.gitae1d69672fe0.el10 eliware-glusterfs  137 k
#6 9.135  glusterfs-gnfs                  x86_64  2026.08.18-0.0.gitae1d69672fe0.el10 eliware-glusterfs  145 k
#6 9.135  glusterfs-selinux               noarch  2.0.1-1.el10                        eliware-glusterfs   25 k
#6 9.135  glusterfs-server                x86_64  2026.08.18-0.0.gitae1d69672fe0.el10 eliware-glusterfs  1.2 M
#6 9.135  libgfapi0                       x86_64  2026.08.18-0.0.gitae1d69672fe0.el10 eliware-glusterfs   95 k
#6 9.135  libgfchangelog0                 x86_64  2026.08.18-0.0.gitae1d69672fe0.el10 eliware-glusterfs   34 k
#6 9.135  libgfrpc0                       x86_64  2026.08.18-0.0.gitae1d69672fe0.el10 eliware-glusterfs   53 k
#6 9.135  libgfxdr0                       x86_64  2026.08.18-0.0.gitae1d69672fe0.el10 eliware-glusterfs   31 k
#6 9.135  libglusterfs0                   x86_64  2026.08.18-0.0.gitae1d69672fe0.el10 eliware-glusterfs  289 k
#6 9.135  nodejs                          x86_64  1:22.23.1-6.el10_2                  appstream           52 k
#6 9.135  python3-gluster                 x86_64  2026.08.18-0.0.gitae1d69672fe0.el10 eliware-glusterfs   17 k
#6 9.135 Installing dependencies:
#6 9.135  authselect                      x86_64  1.5.2-1.el10                        baseos             205 k
#6 9.135  authselect-libs                 x86_64  1.5.2-1.el10                        baseos             231 k
#6 9.135  c-ares                          x86_64  1.34.6-2.el10_2                     baseos             117 k
#6 9.135  checkpolicy                     x86_64  3.10-1.el10                         appstream          368 k
#6 9.135  cracklib                        x86_64  2.9.11-8.el10                       baseos              97 k
#6 9.135  cracklib-dicts                  x86_64  2.9.11-8.el10                       baseos             3.6 M
#6 9.135  cyrus-sasl-lib                  x86_64  2.1.28-30.el10_2                    baseos             100 k
#6 9.135  device-mapper                   x86_64  10:1.02.210-2.el10                  baseos             138 k
#6 9.135  device-mapper-event             x86_64  10:1.02.210-2.el10                  baseos              36 k
#6 9.135  device-mapper-event-libs        x86_64  10:1.02.210-2.el10                  baseos              31 k
#6 9.135  device-mapper-libs              x86_64  10:1.02.210-2.el10                  baseos             179 k
#6 9.135  device-mapper-persistent-data   x86_64  1.3.0-1.el10                        baseos             1.2 M
#6 9.135  diffutils                       x86_64  3.10-8.el10                         baseos             411 k
#6 9.135  e2fsprogs-libs                  x86_64  1.47.1-5.el10                       baseos             226 k
#6 9.135  gdbm                            x86_64  1:1.23-12.el10_0                    baseos             154 k
#6 9.135  gperftools-libs                 x86_64  2.15-4.el10_0                       epel               303 k
#6 9.135  gssproxy                        x86_64  0.9.2-10.el10                       baseos             120 k
#6 9.135  kmod                            x86_64  31-13.el10                          baseos             131 k
#6 9.135  libaio                          x86_64  0.3.111-22.el10                     baseos              24 k
#6 9.135  libbasicobjects                 x86_64  0.1.1-58.el10                       baseos              26 k
#6 9.135  libbrotli                       x86_64  1.1.0-7.el10_1                      baseos             343 k
#6 9.135  libcollection                   x86_64  0.7.0-58.el10                       baseos              44 k
#6 9.135  libedit                         x86_64  3.1-52.20230828cvs.el10             baseos             105 k
#6 9.135  libev                           x86_64  4.33-15.el10                        baseos              52 k
#6 9.135  libevent                        x86_64  2.1.12-16.el10                      baseos             258 k
#6 9.135  libini_config                   x86_64  1.3.1-58.el10                       baseos              67 k
#6 9.135  libnfsidmap                     x86_64  1:2.8.3-5.el10_2                    baseos              61 k
#6 9.135  libnl3                          x86_64  3.11.0-1.el10                       baseos             355 k
#6 9.135  libnvme                         x86_64  1.16.1-3.el10_2                     baseos             118 k
#6 9.135  libpath_utils                   x86_64  0.2.1-58.el10                       baseos              29 k
#6 9.135  libpwquality                    x86_64  1.4.5-12.el10                       baseos             123 k
#6 9.135  libref_array                    x86_64  0.1.5-58.el10                       baseos              27 k
#6 9.135  libselinux-utils                x86_64  3.10-1.el10                         baseos             109 k
#6 9.135  libtirpc                        x86_64  1.3.5-1.el10                        baseos              94 k
#6 9.135  libunwind                       x86_64  1.8.0-4.el10_0                      epel                73 k
#6 9.135  liburing                        x86_64  2.12-1.el10                         baseos              43 k
#6 9.135  libutempter                     x86_64  1.2.1-15.el10                       baseos              26 k
#6 9.135  libuv                           x86_64  1:1.52.1-1.el10_2                   appstream          265 k
#6 9.135  libverto-libev                  x86_64  0.3.2-10.el10                       baseos              13 k
#6 9.135  lvm2                            x86_64  10:2.03.36-2.el10                   baseos             1.6 M
#6 9.135  lvm2-libs                       x86_64  10:2.03.36-2.el10                   baseos             1.0 M
#6 9.135  nfs-utils                       x86_64  1:2.8.3-5.el10_2                    baseos             458 k
#6 9.135  nodejs-libs                     x86_64  1:22.23.1-6.el10_2                  appstream           20 M
#6 9.135  openldap                        x86_64  2.6.10-1.el10                       baseos             222 k
#6 9.135  openssl                         x86_64  1:3.5.5-2.el10_2.alma.1             baseos             1.2 M
#6 9.135  pam                             x86_64  1.6.1-9.el10                        baseos             512 k
#6 9.135  policycoreutils                 x86_64  3.10-2.el10_2                       baseos             233 k
#6 9.135  policycoreutils-python-utils    noarch  3.10-2.el10_2                       appstream           45 k
#6 9.135  psmisc                          x86_64  23.6-8.el10                         baseos             319 k
#6 9.135  python3-audit                   x86_64  4.0.3-5.el10                        appstream           68 k
#6 9.135  python3-distro                  noarch  1.9.0-5.el10                        appstream           51 k
#6 9.135  python3-libselinux              x86_64  3.10-1.el10                         appstream          201 k
#6 9.135  python3-libsemanage             x86_64  3.10-1.el10                         appstream           80 k
#6 9.135  python3-policycoreutils         noarch  3.10-2.el10_2                       appstream          2.1 M
#6 9.135  python3-pyxattr                 x86_64  0.7.2-14.el10                       crb                 33 k
#6 9.135  python3-setools                 x86_64  4.6.0-3.el10                        baseos             724 k
#6 9.135  quota                           x86_64  1:4.09-10.el10                      baseos             189 k
#6 9.135  quota-nls                       noarch  1:4.09-10.el10                      baseos              76 k
#6 9.135  rpcbind                         x86_64  1.2.7-3.el10                        baseos              56 k
#6 9.135  rpm-plugin-selinux              x86_64  4.19.1.1-23.el10.alma.1             baseos              17 k
#6 9.135  selinux-policy                  noarch  42.1.18-4.el10_2.3                  baseos              55 k
#6 9.135  selinux-policy-targeted         noarch  42.1.18-4.el10_2.3                  baseos             5.9 M
#6 9.135  userspace-rcu                   x86_64  0.14.0-7.el10                       baseos             113 k
#6 9.135  util-linux                      x86_64  2.40.2-18.el10                      baseos             1.2 M
#6 9.135 Installing weak dependencies:
#6 9.135  nodejs-docs                     noarch  1:22.23.1-6.el10_2                  appstream          9.3 M
#6 9.135  nodejs-full-i18n                x86_64  1:22.23.1-6.el10_2                  appstream          8.9 M
#6 9.135  nodejs-npm                      x86_64  1:10.9.8-1.22.23.1.6.el10_2         appstream          2.4 M
#6 9.135  selinux-policy-targeted-extra   noarch  42.1.18-4.el10_2.3                  crb                720 k
#6 9.135 
#6 9.135 Transaction Summary
#6 9.135 =====================================================================================================
#6 9.135 Install  82 Packages
#6 9.135 
#6 9.137 Total download size: 71 M
#6 9.137 Installed size: 306 M
#6 9.138 Downloading Packages:
#6 9.445 (1/82): nodejs-22.23.1-6.el10_2.x86_64.rpm       10 MB/s |  52 kB     00:00    
#6 9.448 (2/82): libuv-1.52.1-1.el10_2.x86_64.rpm         31 MB/s | 265 kB     00:00    
#6 9.452 (3/82): checkpolicy-3.10-1.el10.x86_64.rpm       28 MB/s | 368 kB     00:00    
#6 9.532 (4/82): nodejs-docs-22.23.1-6.el10_2.noarch.rpm 107 MB/s | 9.3 MB     00:00    
#6 9.585 (5/82): nodejs-full-i18n-22.23.1-6.el10_2.x86_6  65 MB/s | 8.9 MB     00:00    
#6 9.588 (6/82): policycoreutils-python-utils-3.10-2.el1  17 MB/s |  45 kB     00:00    
#6 9.603 (7/82): nodejs-npm-10.9.8-1.22.23.1.6.el10_2.x8  34 MB/s | 2.4 MB     00:00    
#6 9.604 (8/82): python3-audit-4.0.3-5.el10.x86_64.rpm   4.4 MB/s |  68 kB     00:00    
#6 9.606 (9/82): python3-libselinux-3.10-1.el10.x86_64.r  92 MB/s | 201 kB     00:00    
#6 9.607 (10/82): python3-distro-1.9.0-5.el10.noarch.rpm  15 MB/s |  51 kB     00:00    
#6 9.609 (11/82): python3-libsemanage-3.10-1.el10.x86_64  31 MB/s |  80 kB     00:00    
#6 9.616 (12/82): authselect-1.5.2-1.el10.x86_64.rpm      34 MB/s | 205 kB     00:00    
#6 9.621 (13/82): authselect-libs-1.5.2-1.el10.x86_64.rp  60 MB/s | 231 kB     00:00    
#6 9.630 (14/82): python3-policycoreutils-3.10-2.el10_2.  99 MB/s | 2.1 MB     00:00    
#6 9.631 (15/82): c-ares-1.34.6-2.el10_2.x86_64.rpm       12 MB/s | 117 kB     00:00    
#6 9.633 (16/82): cracklib-2.9.11-8.el10.x86_64.rpm       35 MB/s |  97 kB     00:00    
#6 9.637 (17/82): cyrus-sasl-lib-2.1.28-30.el10_2.x86_64  26 MB/s | 100 kB     00:00    
#6 9.640 (18/82): device-mapper-1.02.210-2.el10.x86_64.r  57 MB/s | 138 kB     00:00    
#6 9.643 (19/82): device-mapper-event-1.02.210-2.el10.x8  20 MB/s |  36 kB     00:00    
#6 9.657 (20/82): cracklib-dicts-2.9.11-8.el10.x86_64.rp 144 MB/s | 3.6 MB     00:00    
#6 9.658 (21/82): device-mapper-event-libs-1.02.210-2.el 2.1 MB/s |  31 kB     00:00    
#6 9.720 (22/82): nodejs-libs-22.23.1-6.el10_2.x86_64.rp  74 MB/s |  20 MB     00:00    
#6 9.721 (23/82): device-mapper-libs-1.02.210-2.el10.x86 2.7 MB/s | 179 kB     00:00    
#6 9.729 (24/82): device-mapper-persistent-data-1.3.0-1.  17 MB/s | 1.2 MB     00:00    
#6 9.730 (25/82): e2fsprogs-libs-1.47.1-5.el10.x86_64.rp  26 MB/s | 226 kB     00:00    
#6 9.732 (26/82): diffutils-3.10-8.el10.x86_64.rpm        37 MB/s | 411 kB     00:00    
#6 9.733 (27/82): gdbm-1.23-12.el10_0.x86_64.rpm          36 MB/s | 154 kB     00:00    
#6 9.735 (28/82): gssproxy-0.9.2-10.el10.x86_64.rpm       31 MB/s | 120 kB     00:00    
#6 9.736 (29/82): kmod-31-13.el10.x86_64.rpm              55 MB/s | 131 kB     00:00    
#6 9.736 (30/82): libaio-0.3.111-22.el10.x86_64.rpm      8.7 MB/s |  24 kB     00:00    
#6 9.737 (31/82): libbasicobjects-0.1.1-58.el10.x86_64.r  11 MB/s |  26 kB     00:00    
#6 9.740 (32/82): libedit-3.1-52.20230828cvs.el10.x86_64  43 MB/s | 105 kB     00:00    
#6 9.742 (33/82): libbrotli-1.1.0-7.el10_1.x86_64.rpm     66 MB/s | 343 kB     00:00    
#6 9.743 (34/82): libev-4.33-15.el10.x86_64.rpm           18 MB/s |  52 kB     00:00    
#6 9.745 (35/82): libevent-2.1.12-16.el10.x86_64.rpm      85 MB/s | 258 kB     00:00    
#6 9.746 (36/82): libcollection-0.7.0-58.el10.x86_64.rpm 4.6 MB/s |  44 kB     00:00    
#6 9.747 (37/82): libini_config-1.3.1-58.el10.x86_64.rpm  21 MB/s |  67 kB     00:00    
#6 9.749 (38/82): libnfsidmap-2.8.3-5.el10_2.x86_64.rpm   18 MB/s |  61 kB     00:00    
#6 9.749 (39/82): libnvme-1.16.1-3.el10_2.x86_64.rpm      49 MB/s | 118 kB     00:00    
#6 9.752 (40/82): libnl3-3.11.0-1.el10.x86_64.rpm         73 MB/s | 355 kB     00:00    
#6 9.753 (41/82): libpath_utils-0.2.1-58.el10.x86_64.rpm 8.5 MB/s |  29 kB     00:00    
#6 9.754 (42/82): libpwquality-1.4.5-12.el10.x86_64.rpm   30 MB/s | 123 kB     00:00    
#6 9.755 (43/82): libref_array-0.1.5-58.el10.x86_64.rpm   10 MB/s |  27 kB     00:00    
#6 9.756 (44/82): libselinux-utils-3.10-1.el10.x86_64.rp  61 MB/s | 109 kB     00:00    
#6 9.757 (45/82): libtirpc-1.3.5-1.el10.x86_64.rpm        32 MB/s |  94 kB     00:00    
#6 9.758 (46/82): liburing-2.12-1.el10.x86_64.rpm         15 MB/s |  43 kB     00:00    
#6 9.759 (47/82): libutempter-1.2.1-15.el10.x86_64.rpm    12 MB/s |  26 kB     00:00    
#6 9.760 (48/82): libverto-libev-0.3.2-10.el10.x86_64.rp 6.4 MB/s |  13 kB     00:00    
#6 9.768 (49/82): lvm2-2.03.36-2.el10.x86_64.rpm         154 MB/s | 1.6 MB     00:00    
#6 9.773 (50/82): lvm2-libs-2.03.36-2.el10.x86_64.rpm     73 MB/s | 1.0 MB     00:00    
#6 9.775 (51/82): nfs-utils-2.8.3-5.el10_2.x86_64.rpm     32 MB/s | 458 kB     00:00    
#6 9.778 (52/82): openldap-2.6.10-1.el10.x86_64.rpm       74 MB/s | 222 kB     00:00    
#6 9.781 (53/82): pam-1.6.1-9.el10.x86_64.rpm             82 MB/s | 512 kB     00:00    
#6 9.784 (54/82): policycoreutils-3.10-2.el10_2.x86_64.r  47 MB/s | 233 kB     00:00    
#6 9.789 (55/82): openssl-3.5.5-2.el10_2.alma.1.x86_64.r  87 MB/s | 1.2 MB     00:00    
#6 9.790 (56/82): psmisc-23.6-8.el10.x86_64.rpm           37 MB/s | 319 kB     00:00    
#6 9.794 (57/82): python3-setools-4.6.0-3.el10.x86_64.rp  69 MB/s | 724 kB     00:00    
#6 9.796 (58/82): quota-nls-4.09-10.el10.noarch.rpm       17 MB/s |  76 kB     00:00    
#6 9.797 (59/82): quota-4.09-10.el10.x86_64.rpm           31 MB/s | 189 kB     00:00    
#6 9.798 (60/82): rpcbind-1.2.7-3.el10.x86_64.rpm         18 MB/s |  56 kB     00:00    
#6 9.798 (61/82): rpm-plugin-selinux-4.19.1.1-23.el10.al 6.4 MB/s |  17 kB     00:00    
#6 9.800 (62/82): selinux-policy-42.1.18-4.el10_2.3.noar  24 MB/s |  55 kB     00:00    
#6 9.801 (63/82): userspace-rcu-0.14.0-7.el10.x86_64.rpm  59 MB/s | 113 kB     00:00    
#6 9.808 (64/82): util-linux-2.40.2-18.el10.x86_64.rpm   142 MB/s | 1.2 MB     00:00    
#6 9.809 (65/82): python3-pyxattr-0.7.2-14.el10.x86_64.r 4.1 MB/s |  33 kB     00:00    
#6 9.815 (66/82): selinux-policy-targeted-extra-42.1.18- 115 MB/s | 720 kB     00:00    
#6 9.846 (67/82): selinux-policy-targeted-42.1.18-4.el10 126 MB/s | 5.9 MB     00:00    
#6 9.849 (68/82): glusterfs-cli-2026.08.18-0.0.gitae1d69 5.3 MB/s | 185 kB     00:00    
#6 9.853 (69/82): glusterfs-2026.08.18-0.0.gitae1d69672f  13 MB/s | 594 kB     00:00    
#6 9.859 (70/82): glusterfs-fuse-2026.08.18-0.0.gitae1d6  15 MB/s | 137 kB     00:00    
#6 9.860 (71/82): glusterfs-gnfs-2026.08.18-0.0.gitae1d6  20 MB/s | 145 kB     00:00    
#6 9.865 (72/82): glusterfs-selinux-2.0.1-1.el10.noarch. 4.3 MB/s |  25 kB     00:00    
#6 9.878 (73/82): glusterfs-server-2026.08.18-0.0.gitae1  74 MB/s | 1.2 MB     00:00    
#6 9.879 (74/82): libgfapi0-2026.08.18-0.0.gitae1d69672f 7.1 MB/s |  95 kB     00:00    
#6 9.883 (75/82): glusterfs-client-xlators-2026.08.18-0.  21 MB/s | 784 kB     00:00    
#6 9.885 (76/82): libgfrpc0-2026.08.18-0.0.gitae1d69672f  10 MB/s |  53 kB     00:00    
#6 9.885 (77/82): libgfchangelog0-2026.08.18-0.0.gitae1d 4.7 MB/s |  34 kB     00:00    
#6 9.888 (78/82): libgfxdr0-2026.08.18-0.0.gitae1d69672f 5.7 MB/s |  31 kB     00:00    
#6 9.893 (79/82): libglusterfs0-2026.08.18-0.0.gitae1d69  37 MB/s | 289 kB     00:00    
#6 9.893 (80/82): python3-gluster-2026.08.18-0.0.gitae1d 2.2 MB/s |  17 kB     00:00    
#6 10.20 (81/82): libunwind-1.8.0-4.el10_0.x86_64.rpm    234 kB/s |  73 kB     00:00    
#6 10.33 (82/82): gperftools-libs-2.15-4.el10_0.x86_64.r 692 kB/s | 303 kB     00:00    
#6 10.33 --------------------------------------------------------------------------------
#6 10.33 Total                                            59 MB/s |  71 MB     00:01     
#6 11.38 Extra Packages for Enterprise Linux 10 - x86_64 1.6 MB/s | 1.6 kB     00:00    
#6 11.38 Importing GPG key 0xE37ED158:
#6 11.38  Userid     : "Fedora (epel10) <epel@fedoraproject.org>"
#6 11.38  Fingerprint: 7D8D 15CB FC4E 6268 8591 FB26 33D9 8517 E37E D158
#6 11.38  From       : /etc/pki/rpm-gpg/RPM-GPG-KEY-EPEL-10
#6 11.39 Key imported successfully
#6 11.41 Running transaction check
#6 11.47 Transaction check succeeded.
#6 11.47 Running transaction test
#6 12.33 Transaction test succeeded.
#6 12.33 Running transaction
#6 13.15   Running scriptlet: selinux-policy-targeted-42.1.18-4.el10_2.3.noarch      1/1 
#6 13.15   Running scriptlet: nodejs-1:22.23.1-6.el10_2.x86_64                       1/1 
#6 13.21   Preparing        :                                                        1/1 
#6 13.28   Installing       : libtirpc-1.3.5-1.el10.x86_64                          1/82 
#6 13.29   Installing       : userspace-rcu-0.14.0-7.el10.x86_64                    2/82 
#6 13.30   Installing       : libaio-0.3.111-22.el10.x86_64                         3/82 
#6 13.30   Running scriptlet: rpcbind-1.2.7-3.el10.x86_64                           4/82 
#6 13.32   Installing       : rpcbind-1.2.7-3.el10.x86_64                           4/82 
#6 13.32   Running scriptlet: rpcbind-1.2.7-3.el10.x86_64                           4/82 
#6 13.37   Installing       : device-mapper-libs-10:1.02.210-2.el10.x86_64          5/82 
#6 13.38   Installing       : device-mapper-10:1.02.210-2.el10.x86_64               6/82 
#6 13.38   Installing       : device-mapper-event-libs-10:1.02.210-2.el10.x86_64    7/82 
#6 13.39   Installing       : libselinux-utils-3.10-1.el10.x86_64                   8/82 
#6 13.40   Installing       : libref_array-0.1.5-58.el10.x86_64                     9/82 
#6 13.40   Installing       : libnvme-1.16.1-3.el10_2.x86_64                       10/82 
#6 13.41   Installing       : libevent-2.1.12-16.el10.x86_64                       11/82 
#6 13.42   Installing       : kmod-31-13.el10.x86_64                               12/82 
#6 13.43   Installing       : cracklib-2.9.11-8.el10.x86_64                        13/82 
#6 13.44   Installing       : authselect-libs-1.5.2-1.el10.x86_64                  14/82 
#6 13.44   Installing       : python3-libselinux-3.10-1.el10.x86_64                15/82 
#6 13.82   Installing       : nodejs-docs-1:22.23.1-6.el10_2.noarch                16/82 
#6 13.84   Installing       : libuv-1:1.52.1-1.el10_2.x86_64                       17/82 
#6 13.85   Installing       : python3-libsemanage-3.10-1.el10.x86_64               18/82 
#6 13.95   Installing       : cracklib-dicts-2.9.11-8.el10.x86_64                  19/82 
#6 13.95   Installing       : libpwquality-1.4.5-12.el10.x86_64                    20/82 
#6 13.96   Installing       : device-mapper-event-10:1.02.210-2.el10.x86_64        21/82 
#6 13.96   Running scriptlet: device-mapper-event-10:1.02.210-2.el10.x86_64        21/82 
#6 13.98 Created symlink '/etc/systemd/system/sockets.target.wants/dm-event.socket' → '/usr/lib/systemd/system/dm-event.socket'.
#6 13.98 
#6 14.00   Installing       : lvm2-libs-10:2.03.36-2.el10.x86_64                   22/82 
#6 14.00   Installing       : libunwind-1.8.0-4.el10_0.x86_64                      23/82 
#6 14.01   Installing       : gperftools-libs-2.15-4.el10_0.x86_64                 24/82 
#6 14.02   Installing       : libgfrpc0-2026.08.18-0.0.gitae1d69672fe0.el10.x86_   25/82 
#6 14.02   Running scriptlet: libgfrpc0-2026.08.18-0.0.gitae1d69672fe0.el10.x86_   25/82 
#6 14.03   Installing       : libgfxdr0-2026.08.18-0.0.gitae1d69672fe0.el10.x86_   26/82 
#6 14.03   Running scriptlet: libgfxdr0-2026.08.18-0.0.gitae1d69672fe0.el10.x86_   26/82 
#6 14.05   Installing       : libglusterfs0-2026.08.18-0.0.gitae1d69672fe0.el10.   27/82 
#6 14.05   Running scriptlet: libglusterfs0-2026.08.18-0.0.gitae1d69672fe0.el10.   27/82 
#6 14.08   Installing       : glusterfs-client-xlators-2026.08.18-0.0.gitae1d696   28/82 
#6 14.08   Running scriptlet: glusterfs-2026.08.18-0.0.gitae1d69672fe0.el10.x86_   29/82 
#6 14.11   Installing       : glusterfs-2026.08.18-0.0.gitae1d69672fe0.el10.x86_   29/82 
#6 14.12   Running scriptlet: glusterfs-2026.08.18-0.0.gitae1d69672fe0.el10.x86_   29/82 
#6 14.13   Installing       : libgfapi0-2026.08.18-0.0.gitae1d69672fe0.el10.x86_   30/82 
#6 14.13   Running scriptlet: libgfapi0-2026.08.18-0.0.gitae1d69672fe0.el10.x86_   30/82 
#6 14.15   Installing       : glusterfs-cli-2026.08.18-0.0.gitae1d69672fe0.el10.   31/82 
#6 14.15   Installing       : libgfchangelog0-2026.08.18-0.0.gitae1d69672fe0.el1   32/82 
#6 14.15   Running scriptlet: libgfchangelog0-2026.08.18-0.0.gitae1d69672fe0.el1   32/82 
#6 14.16   Installing       : python3-pyxattr-0.7.2-14.el10.x86_64                 33/82 
#6 14.17   Installing       : quota-nls-1:4.09-10.el10.noarch                      34/82 
#6 14.20   Installing       : python3-setools-4.6.0-3.el10.x86_64                  35/82 
#6 14.21   Installing       : psmisc-23.6-8.el10.x86_64                            36/82 
#6 14.22   Installing       : glusterfs-fuse-2026.08.18-0.0.gitae1d69672fe0.el10   37/82 
#6 14.25   Installing       : openssl-1:3.5.5-2.el10_2.alma.1.x86_64               38/82 
#6 14.26   Running scriptlet: libutempter-1.2.1-15.el10.x86_64                     39/82 
#6 14.27   Installing       : libutempter-1.2.1-15.el10.x86_64                     39/82 
#6 14.27   Installing       : liburing-2.12-1.el10.x86_64                          40/82 
#6 14.28   Installing       : libpath_utils-0.2.1-58.el10.x86_64                   41/82 
#6 14.29   Installing       : libnl3-3.11.0-1.el10.x86_64                          42/82 
#6 14.29   Installing       : libev-4.33-15.el10.x86_64                            43/82 
#6 14.29   Installing       : libverto-libev-0.3.2-10.el10.x86_64                  44/82 
#6 14.29   Installing       : libedit-3.1-52.20230828cvs.el10.x86_64               45/82 
#6 14.30   Installing       : libcollection-0.7.0-58.el10.x86_64                   46/82 
#6 14.30   Installing       : libbrotli-1.1.0-7.el10_1.x86_64                      47/82 
#6 14.31   Installing       : libbasicobjects-0.1.1-58.el10.x86_64                 48/82 
#6 14.31   Installing       : libini_config-1.3.1-58.el10.x86_64                   49/82 
#6 14.31   Running scriptlet: gssproxy-0.9.2-10.el10.x86_64                        50/82 
#6 14.32   Installing       : gssproxy-0.9.2-10.el10.x86_64                        50/82 
#6 14.32   Running scriptlet: gssproxy-0.9.2-10.el10.x86_64                        50/82 
#6 14.34   Installing       : gdbm-1:1.23-12.el10_0.x86_64                         51/82 
#6 14.37   Installing       : pam-1.6.1-9.el10.x86_64                              52/82 
#6 14.43   Installing       : util-linux-2.40.2-18.el10.x86_64                     53/82 
#6 14.43 warning: /etc/adjtime created as /etc/adjtime.rpmnew
#6 14.43 
#6 14.44   Running scriptlet: util-linux-2.40.2-18.el10.x86_64                     53/82 
#6 14.46 Created symlink '/etc/systemd/system/timers.target.wants/fstrim.timer' → '/usr/lib/systemd/system/fstrim.timer'.
#6 14.46 
#6 14.46   Installing       : e2fsprogs-libs-1.47.1-5.el10.x86_64                  54/82 
#6 14.48   Installing       : quota-1:4.09-10.el10.x86_64                          55/82 
#6 14.49   Installing       : diffutils-3.10-8.el10.x86_64                         56/82 
#6 14.51   Installing       : policycoreutils-3.10-2.el10_2.x86_64                 57/82 
#6 14.51   Running scriptlet: policycoreutils-3.10-2.el10_2.x86_64                 57/82 
#6 14.53 Created symlink '/etc/systemd/system/sysinit.target.wants/selinux-autorelabel-mark.service' → '/usr/lib/systemd/system/selinux-autorelabel-mark.service'.
#6 14.53 
#6 14.53   Installing       : selinux-policy-42.1.18-4.el10_2.3.noarch             58/82 
#6 14.54   Running scriptlet: selinux-policy-42.1.18-4.el10_2.3.noarch             58/82 
#6 14.56   Running scriptlet: selinux-policy-targeted-extra-42.1.18-4.el10_2.3.n   59/82 
#6 14.60   Installing       : selinux-policy-targeted-extra-42.1.18-4.el10_2.3.n   59/82 
#6 14.61   Running scriptlet: selinux-policy-targeted-42.1.18-4.el10_2.3.noarch    60/82 
#6 14.83   Installing       : selinux-policy-targeted-42.1.18-4.el10_2.3.noarch    60/82 
#6 14.83   Running scriptlet: selinux-policy-targeted-42.1.18-4.el10_2.3.noarch    60/82 
#6 14.86   Installing       : device-mapper-persistent-data-1.3.0-1.el10.x86_64    61/82 
#6 14.90   Installing       : lvm2-10:2.03.36-2.el10.x86_64                        62/82 
#6 14.90   Running scriptlet: lvm2-10:2.03.36-2.el10.x86_64                        62/82 
#6 14.93 Created symlink '/etc/systemd/system/sysinit.target.wants/lvm2-monitor.service' → '/usr/lib/systemd/system/lvm2-monitor.service'.
#6 14.93 Created symlink '/etc/systemd/system/sysinit.target.wants/lvm2-lvmpolld.socket' → '/usr/lib/systemd/system/lvm2-lvmpolld.socket'.
#6 14.93 
#6 14.94   Installing       : cyrus-sasl-lib-2.1.28-30.el10_2.x86_64               63/82 
#6 14.95   Installing       : openldap-2.6.10-1.el10.x86_64                        64/82 
#6 14.96   Installing       : libnfsidmap-1:2.8.3-5.el10_2.x86_64                  65/82 
#6 14.96   Running scriptlet: nfs-utils-1:2.8.3-5.el10_2.x86_64                    66/82 
#6 15.00   Installing       : nfs-utils-1:2.8.3-5.el10_2.x86_64                    66/82 
#6 15.01   Running scriptlet: nfs-utils-1:2.8.3-5.el10_2.x86_64                    66/82 
#6 15.02 Created symlink '/etc/systemd/system/multi-user.target.wants/nfs-client.target' → '/usr/lib/systemd/system/nfs-client.target'.
#6 15.02 Created symlink '/etc/systemd/system/remote-fs.target.wants/nfs-client.target' → '/usr/lib/systemd/system/nfs-client.target'.
#6 15.02 
#6 15.03 System has not been booted with systemd as init system (PID 1). Can't operate.
#6 15.03 Failed to connect to system scope bus via local transport: Host is down
#6 15.03 
#6 15.05 System has not been booted with systemd as init system (PID 1). Can't operate.
#6 15.05 Failed to connect to system scope bus via local transport: Host is down
#6 15.05 
#6 15.05   Installing       : c-ares-1.34.6-2.el10_2.x86_64                        67/82 
#6 15.37   Installing       : nodejs-libs-1:22.23.1-6.el10_2.x86_64                68/82 
#6 15.51   Installing       : nodejs-full-i18n-1:22.23.1-6.el10_2.x86_64           69/82 
#6 15.81   Installing       : nodejs-npm-1:10.9.8-1.22.23.1.6.el10_2.x86_64        70/82 
#6 15.83   Installing       : nodejs-1:22.23.1-6.el10_2.x86_64                     71/82 
#6 15.83   Installing       : python3-distro-1.9.0-5.el10.noarch                   72/82 
#6 15.83   Installing       : python3-audit-4.0.3-5.el10.x86_64                    73/82 
#6 15.84   Installing       : checkpolicy-3.10-1.el10.x86_64                       74/82 
#6 15.88   Installing       : python3-policycoreutils-3.10-2.el10_2.noarch         75/82 
#6 15.89   Installing       : policycoreutils-python-utils-3.10-2.el10_2.noarch    76/82 
#6 15.89   Running scriptlet: glusterfs-selinux-2.0.1-1.el10.noarch                77/82 
#6 15.90   Installing       : glusterfs-selinux-2.0.1-1.el10.noarch                77/82 
#6 15.90   Running scriptlet: glusterfs-selinux-2.0.1-1.el10.noarch                77/82 
#6 18.46 Failed to resolve typeattributeset statement at /var/lib/selinux/targeted/tmp/modules/200/glusterd/cil:81
#6 18.46 Failed to resolve AST
#6 18.46 semodule:  Failed!
#6 18.46 libsemanage.semanage_direct_install_info: Overriding glusterd module at lower priority 100 with module at priority 200.
#6 18.46 
#6 18.51   Installing       : glusterfs-server-2026.08.18-0.0.gitae1d69672fe0.el   78/82 
#6 18.51   Running scriptlet: glusterfs-server-2026.08.18-0.0.gitae1d69672fe0.el   78/82 
#6 18.55   Installing       : glusterfs-gnfs-2026.08.18-0.0.gitae1d69672fe0.el10   79/82 
#6 18.56   Installing       : authselect-1.5.2-1.el10.x86_64                       80/82 
#6 18.56   Installing       : python3-gluster-2026.08.18-0.0.gitae1d69672fe0.el1   81/82 
#6 18.56   Installing       : rpm-plugin-selinux-4.19.1.1-23.el10.alma.1.x86_64    82/82 
#6 18.57   Running scriptlet: authselect-libs-1.5.2-1.el10.x86_64                  82/82 
#6 18.58   Running scriptlet: selinux-policy-targeted-extra-42.1.18-4.el10_2.3.n   82/82 
#6 24.42   Running scriptlet: selinux-policy-targeted-42.1.18-4.el10_2.3.noarch    82/82 
#6 30.08   Running scriptlet: glusterfs-selinux-2.0.1-1.el10.noarch                82/82 
#6 30.10   Running scriptlet: rpm-plugin-selinux-4.19.1.1-23.el10.alma.1.x86_64    82/82 
#6 30.27 
#6 30.27 Installed:
#6 30.27   authselect-1.5.2-1.el10.x86_64                                                
#6 30.27   authselect-libs-1.5.2-1.el10.x86_64                                           
#6 30.27   c-ares-1.34.6-2.el10_2.x86_64                                                 
#6 30.27   checkpolicy-3.10-1.el10.x86_64                                                
#6 30.27   cracklib-2.9.11-8.el10.x86_64                                                 
#6 30.27   cracklib-dicts-2.9.11-8.el10.x86_64                                           
#6 30.27   cyrus-sasl-lib-2.1.28-30.el10_2.x86_64                                        
#6 30.27   device-mapper-10:1.02.210-2.el10.x86_64                                       
#6 30.27   device-mapper-event-10:1.02.210-2.el10.x86_64                                 
#6 30.27   device-mapper-event-libs-10:1.02.210-2.el10.x86_64                            
#6 30.27   device-mapper-libs-10:1.02.210-2.el10.x86_64                                  
#6 30.27   device-mapper-persistent-data-1.3.0-1.el10.x86_64                             
#6 30.27   diffutils-3.10-8.el10.x86_64                                                  
#6 30.27   e2fsprogs-libs-1.47.1-5.el10.x86_64                                           
#6 30.27   gdbm-1:1.23-12.el10_0.x86_64                                                  
#6 30.27   glusterfs-2026.08.18-0.0.gitae1d69672fe0.el10.x86_64                          
#6 30.27   glusterfs-cli-2026.08.18-0.0.gitae1d69672fe0.el10.x86_64                      
#6 30.27   glusterfs-client-xlators-2026.08.18-0.0.gitae1d69672fe0.el10.x86_64           
#6 30.27   glusterfs-fuse-2026.08.18-0.0.gitae1d69672fe0.el10.x86_64                     
#6 30.27   glusterfs-gnfs-2026.08.18-0.0.gitae1d69672fe0.el10.x86_64                     
#6 30.27   glusterfs-selinux-2.0.1-1.el10.noarch                                         
#6 30.27   glusterfs-server-2026.08.18-0.0.gitae1d69672fe0.el10.x86_64                   
#6 30.27   gperftools-libs-2.15-4.el10_0.x86_64                                          
#6 30.27   gssproxy-0.9.2-10.el10.x86_64                                                 
#6 30.27   kmod-31-13.el10.x86_64                                                        
#6 30.27   libaio-0.3.111-22.el10.x86_64                                                 
#6 30.27   libbasicobjects-0.1.1-58.el10.x86_64                                          
#6 30.27   libbrotli-1.1.0-7.el10_1.x86_64                                               
#6 30.27   libcollection-0.7.0-58.el10.x86_64                                            
#6 30.27   libedit-3.1-52.20230828cvs.el10.x86_64                                        
#6 30.27   libev-4.33-15.el10.x86_64                                                     
#6 30.27   libevent-2.1.12-16.el10.x86_64                                                
#6 30.27   libgfapi0-2026.08.18-0.0.gitae1d69672fe0.el10.x86_64                          
#6 30.27   libgfchangelog0-2026.08.18-0.0.gitae1d69672fe0.el10.x86_64                    
#6 30.27   libgfrpc0-2026.08.18-0.0.gitae1d69672fe0.el10.x86_64                          
#6 30.27   libgfxdr0-2026.08.18-0.0.gitae1d69672fe0.el10.x86_64                          
#6 30.27   libglusterfs0-2026.08.18-0.0.gitae1d69672fe0.el10.x86_64                      
#6 30.27   libini_config-1.3.1-58.el10.x86_64                                            
#6 30.27   libnfsidmap-1:2.8.3-5.el10_2.x86_64                                           
#6 30.27   libnl3-3.11.0-1.el10.x86_64                                                   
#6 30.27   libnvme-1.16.1-3.el10_2.x86_64                                                
#6 30.27   libpath_utils-0.2.1-58.el10.x86_64                                            
#6 30.27   libpwquality-1.4.5-12.el10.x86_64                                             
#6 30.27   libref_array-0.1.5-58.el10.x86_64                                             
#6 30.27   libselinux-utils-3.10-1.el10.x86_64                                           
#6 30.27   libtirpc-1.3.5-1.el10.x86_64                                                  
#6 30.27   libunwind-1.8.0-4.el10_0.x86_64                                               
#6 30.27   liburing-2.12-1.el10.x86_64                                                   
#6 30.27   libutempter-1.2.1-15.el10.x86_64                                              
#6 30.27   libuv-1:1.52.1-1.el10_2.x86_64                                                
#6 30.27   libverto-libev-0.3.2-10.el10.x86_64                                           
#6 30.27   lvm2-10:2.03.36-2.el10.x86_64                                                 
#6 30.27   lvm2-libs-10:2.03.36-2.el10.x86_64                                            
#6 30.27   nfs-utils-1:2.8.3-5.el10_2.x86_64                                             
#6 30.27   nodejs-1:22.23.1-6.el10_2.x86_64                                              
#6 30.27   nodejs-docs-1:22.23.1-6.el10_2.noarch                                         
#6 30.27   nodejs-full-i18n-1:22.23.1-6.el10_2.x86_64                                    
#6 30.27   nodejs-libs-1:22.23.1-6.el10_2.x86_64                                         
#6 30.27   nodejs-npm-1:10.9.8-1.22.23.1.6.el10_2.x86_64                                 
#6 30.27   openldap-2.6.10-1.el10.x86_64                                                 
#6 30.27   openssl-1:3.5.5-2.el10_2.alma.1.x86_64                                        
#6 30.27   pam-1.6.1-9.el10.x86_64                                                       
#6 30.27   policycoreutils-3.10-2.el10_2.x86_64                                          
#6 30.27   policycoreutils-python-utils-3.10-2.el10_2.noarch                             
#6 30.27   psmisc-23.6-8.el10.x86_64                                                     
#6 30.27   python3-audit-4.0.3-5.el10.x86_64                                             
#6 30.27   python3-distro-1.9.0-5.el10.noarch                                            
#6 30.27   python3-gluster-2026.08.18-0.0.gitae1d69672fe0.el10.x86_64                    
#6 30.27   python3-libselinux-3.10-1.el10.x86_64                                         
#6 30.27   python3-libsemanage-3.10-1.el10.x86_64                                        
#6 30.27   python3-policycoreutils-3.10-2.el10_2.noarch                                  
#6 30.27   python3-pyxattr-0.7.2-14.el10.x86_64                                          
#6 30.27   python3-setools-4.6.0-3.el10.x86_64                                           
#6 30.27   quota-1:4.09-10.el10.x86_64                                                   
#6 30.27   quota-nls-1:4.09-10.el10.noarch                                               
#6 30.27   rpcbind-1.2.7-3.el10.x86_64                                                   
#6 30.27   rpm-plugin-selinux-4.19.1.1-23.el10.alma.1.x86_64                             
#6 30.27   selinux-policy-42.1.18-4.el10_2.3.noarch                                      
#6 30.27   selinux-policy-targeted-42.1.18-4.el10_2.3.noarch                             
#6 30.27   selinux-policy-targeted-extra-42.1.18-4.el10_2.3.noarch                       
#6 30.27   userspace-rcu-0.14.0-7.el10.x86_64                                            
#6 30.27   util-linux-2.40.2-18.el10.x86_64                                              
#6 30.27 
#6 30.27 Complete!
#6 30.53 37 files removed
#6 DONE 30.6s

#7 [3/5] COPY containers/gluster-bootstrap.mjs /usr/local/bin/gluster-bootstrap.mjs
#7 DONE 0.1s

#8 [4/5] RUN chmod 0755 /usr/local/bin/gluster-bootstrap.mjs
#8 DONE 0.2s

#9 [5/5] WORKDIR /app
#9 DONE 0.0s

#10 exporting to image
#10 exporting layers
#10 exporting layers 10.6s done
#10 exporting manifest sha256:7e10f86cd01680c7a3c499b2bb77145ab521accd41d6a29d274ac5be50c53077 done
#10 exporting config sha256:683b4cfb5319799dcf88bba7dd2b84e8483bc0a8e779652f7ab33c10d9965aad done
#10 exporting attestation manifest sha256:0a5d6a3b15caeae9f2074689247a536b5068a8ba228544c2d5f49cd19d0ccac7 done
#10 exporting manifest list sha256:4638f3dfcd7519bae09ad106b76e585151a6fb81de054c01ecdca74773b0a6ca done
#10 naming to ghcr.io/eliware/alma10-gluster:2026.08.18-ae1d69672fe0 done
#10 unpacking to ghcr.io/eliware/alma10-gluster:2026.08.18-ae1d69672fe0
#10 unpacking to ghcr.io/eliware/alma10-gluster:2026.08.18-ae1d69672fe0 2.2s done
#10 DONE 12.8s

 [33m1 warning found (use docker --debug to expand):
[0m - SecretsUsedInArgOrEnv: Do not use ARG or ENV instructions for sensitive data (ARG "RPM_GPG_KEY_URL") (line 15)
{
  "run_id": "20260818054246765-0d8a45d9",
  "generated": "2026-08-18T05:55:21Z",
  "repository_integrity": {
    "status": "not-tested",
    "detail": "verified by the conductor against the package repository"
  },
  "provenance_verification": {
    "status": "not-tested",
    "detail": "generated and verified by the conductor after image publication"
  },
  "checks": {
    "install": {
      "status": "passed"
    },
    "cli_available": {
      "status": "passed"
    },
    "volume_create_mount": {
      "status": "passed"
    },
    "file_lifecycle": {
      "status": "passed"
    },
    "volume_unmount_delete": {
      "status": "passed"
    },
    "service_shutdown": {
      "status": "passed"
    }
  },
  "distributions": [
    {
      "id": "almalinux-10",
      "label": "AlmaLinux 10",
      "container_core": {
        "status": "passed",
        "detail": "updated; volume stop: smoke: success; volume delete: smoke: success"
      }
    }
  ],
  "metadata_version": "0.1.0"
}
Validated 11 image labels
Login Succeeded
The push refers to repository [ghcr.io/eliware/alma10-gluster]
d50ee843f43c: Waiting
44136fa355b3: Waiting
57e3bbe231c7: Waiting
422495057724: Waiting
422495057724: Waiting
d50ee843f43c: Waiting
44136fa355b3: Waiting
57e3bbe231c7: Waiting
6e29a07f9fec: Waiting
3e52e76aaeff: Waiting
d50ee843f43c: Waiting
44136fa355b3: Already exists
57e3bbe231c7: Waiting
422495057724: Layer already exists
6e29a07f9fec: Waiting
3e52e76aaeff: Waiting
57e3bbe231c7: Waiting
d50ee843f43c: Pushed
e27811106866: Waiting
6e29a07f9fec: Pushed
e27811106866: Waiting
3e52e76aaeff: Pushed
e27811106866: Pushed
57e3bbe231c7: Pushed
2026.08.18-ae1d69672fe0: digest: sha256:4638f3dfcd7519bae09ad106b76e585151a6fb81de054c01ecdca74773b0a6ca size: 856
sha256:4638f3dfcd7519bae09ad106b76e585151a6fb81de054c01ecdca74773b0a6ca
