#0 building with "default" instance using docker driver

#1 [internal] load build definition from centos10-gluster.Dockerfile
#1 transferring dockerfile: 3.19kB done
#1 WARN: SecretsUsedInArgOrEnv: Do not use ARG or ENV instructions for sensitive data (ARG "RPM_GPG_KEY_URL") (line 15)
#1 DONE 0.0s

#2 [internal] load metadata for docker.io/library/almalinux:10@sha256:cc24bc5b6ac7e284f2f62a07bdaa1b15d3319fdcf46413c6b8fe9fa245068ddd
#2 DONE 0.0s

#3 [internal] load .dockerignore
#3 transferring context: 2B done
#3 DONE 0.0s

#4 [1/5] FROM docker.io/library/almalinux:10@sha256:cc24bc5b6ac7e284f2f62a07bdaa1b15d3319fdcf46413c6b8fe9fa245068ddd
#4 resolve docker.io/library/almalinux:10@sha256:cc24bc5b6ac7e284f2f62a07bdaa1b15d3319fdcf46413c6b8fe9fa245068ddd 0.0s done
#4 CACHED

#5 [internal] load build context
#5 transferring context: 84B done
#5 DONE 0.0s

#6 [2/5] RUN test -n "https://glusterfs.eliware.org/el10/x86_64/previews/epel10-rolling-2026.08.19-787068def84c/"     && test -n "e9b9873a37d667e5b0aa50e6b02d955b2185e25d913d62d41185f5dda65e4980"     && dnf -y install dnf-plugins-core     && dnf -y install epel-release     && dnf config-manager --set-enabled crb     && curl --fail --silent --show-error --location --retry 6 --retry-all-errors --retry-delay 2 --connect-timeout 15 --max-time 60 "https://glusterfs.eliware.org/keys/RPM-GPG-KEY-ELIWARE-GLUSTER" --output /tmp/eliware-gluster-key     && rpm --import /tmp/eliware-gluster-key     && printf '[eliware-glusterfs]\nname=Eliware GlusterFS\nbaseurl=%s\nenabled=1\ngpgcheck=1\nrepo_gpgcheck=1\ngpgkey=%s\n' "https://glusterfs.eliware.org/el10/x86_64/previews/epel10-rolling-2026.08.19-787068def84c/" "https://glusterfs.eliware.org/keys/RPM-GPG-KEY-ELIWARE-GLUSTER" > /etc/yum.repos.d/eliware-glusterfs.repo     && curl --fail --silent --show-error --location --retry 6 --retry-all-errors --retry-delay 2 --connect-timeout 15 --max-time 60 "https://glusterfs.eliware.org/el10/x86_64/previews/epel10-rolling-2026.08.19-787068def84c/repodata/repomd.xml" --output /tmp/repomd.xml     && printf '%s  /tmp/repomd.xml\n' "e9b9873a37d667e5b0aa50e6b02d955b2185e25d913d62d41185f5dda65e4980" | sha256sum --check --status     && dnf -y --enablerepo=eliware-glusterfs install          glusterfs glusterfs-server glusterfs-selinux glusterfs-cli          glusterfs-client-xlators glusterfs-fuse glusterfs-gnfs          libgfapi0 libgfchangelog0 libgfrpc0 libgfxdr0 libglusterfs0          python3-gluster nodejs     && dnf clean all     && rm -f /tmp/eliware-gluster-key /tmp/repomd.xml     && rm -rf /var/cache/dnf
#6 0.736 AlmaLinux 10 - AppStream                        7.3 MB/s | 2.4 MB     00:00    
#6 1.374 AlmaLinux 10 - BaseOS                            82 MB/s |  29 MB     00:00    
#6 4.193 AlmaLinux 10 - CRB                              8.3 MB/s | 569 kB     00:00    
#6 4.349 AlmaLinux 10 - Extras                           128 kB/s | 7.3 kB     00:00    
#6 4.744 Dependencies resolved.
#6 4.744 ================================================================================
#6 4.744  Package                 Architecture  Version              Repository     Size
#6 4.744 ================================================================================
#6 4.744 Installing:
#6 4.744  dnf-plugins-core        noarch        4.7.0-10.el10        baseos         37 k
#6 4.744 
#6 4.744 Transaction Summary
#6 4.744 ================================================================================
#6 4.744 Install  1 Package
#6 4.744 
#6 4.745 Total download size: 37 k
#6 4.745 Installed size: 22 k
#6 4.745 Downloading Packages:
#6 4.804 dnf-plugins-core-4.7.0-10.el10.noarch.rpm        11 MB/s |  37 kB     00:00    
#6 4.804 --------------------------------------------------------------------------------
#6 4.804 Total                                           631 kB/s |  37 kB     00:00     
#6 4.811 Running transaction check
#6 4.813 Transaction check succeeded.
#6 4.814 Running transaction test
#6 4.816 Transaction test succeeded.
#6 4.816 Running transaction
#6 4.820   Preparing        :                                                        1/1 
#6 4.830   Installing       : dnf-plugins-core-4.7.0-10.el10.noarch                  1/1 
#6 5.108 
#6 5.108 Installed:
#6 5.108   dnf-plugins-core-4.7.0-10.el10.noarch                                         
#6 5.108 
#6 5.108 Complete!
#6 5.370 Last metadata expiration check: 0:00:01 ago on Wed Aug 19 07:20:26 2026.
#6 5.439 Dependencies resolved.
#6 5.440 ================================================================================
#6 5.440  Package               Architecture    Version            Repository       Size
#6 5.440 ================================================================================
#6 5.440 Installing:
#6 5.440  epel-release          noarch          10-6.el10          extras           18 k
#6 5.440 
#6 5.440 Transaction Summary
#6 5.440 ================================================================================
#6 5.440 Install  1 Package
#6 5.440 
#6 5.440 Total download size: 18 k
#6 5.440 Installed size: 25 k
#6 5.440 Downloading Packages:
#6 5.500 epel-release-10-6.el10.noarch.rpm               3.8 MB/s |  18 kB     00:00    
#6 5.500 --------------------------------------------------------------------------------
#6 5.500 Total                                           307 kB/s |  18 kB     00:00     
#6 5.507 Running transaction check
#6 5.510 Transaction check succeeded.
#6 5.510 Running transaction test
#6 5.512 Transaction test succeeded.
#6 5.513 Running transaction
#6 5.516   Preparing        :                                                        1/1 
#6 5.523   Installing       : epel-release-10-6.el10.noarch                          1/1 
#6 5.524   Running scriptlet: epel-release-10-6.el10.noarch                          1/1 
#6 5.529 Many EPEL packages require the CodeReady Builder (CRB) repository.
#6 5.529 It is recommended that you run /usr/bin/crb enable to enable the CRB repository.
#6 5.529 
#6 5.595 
#6 5.595 Installed:
#6 5.595   epel-release-10-6.el10.noarch                                                 
#6 5.595 
#6 5.595 Complete!
#6 6.109 AlmaLinux 10 - CRB                               68 kB/s | 3.8 kB     00:00    
#6 6.143 Eliware GlusterFS                               7.8 kB/s | 228  B     00:00    
#6 6.157 Eliware GlusterFS                                59 kB/s | 847  B     00:00    
#6 6.158 Importing GPG key 0x79687D60:
#6 6.158  Userid     : "Eliware GlusterFS Release <gluster-release@eliware.org>"
#6 6.158  Fingerprint: 82EC A351 E170 E834 0B53 B476 EDCB 5E07 7968 7D60
#6 6.158  From       : https://glusterfs.eliware.org/keys/RPM-GPG-KEY-ELIWARE-GLUSTER
#6 6.224 Eliware GlusterFS                               155 kB/s |  10 kB     00:00    
#6 6.944 Extra Packages for Enterprise Linux 10 - x86_64 9.5 MB/s | 6.6 MB     00:00    
#6 9.172 Dependencies resolved.
#6 9.179 =====================================================================================================
#6 9.179  Package                         Arch    Version                             Repository          Size
#6 9.179 =====================================================================================================
#6 9.179 Installing:
#6 9.179  glusterfs                       x86_64  2026.08.19-0.0.git787068def84c.el10 eliware-glusterfs  594 k
#6 9.179  glusterfs-cli                   x86_64  2026.08.19-0.0.git787068def84c.el10 eliware-glusterfs  185 k
#6 9.179  glusterfs-client-xlators        x86_64  2026.08.19-0.0.git787068def84c.el10 eliware-glusterfs  785 k
#6 9.179  glusterfs-fuse                  x86_64  2026.08.19-0.0.git787068def84c.el10 eliware-glusterfs  137 k
#6 9.179  glusterfs-gnfs                  x86_64  2026.08.19-0.0.git787068def84c.el10 eliware-glusterfs  145 k
#6 9.179  glusterfs-selinux               noarch  2.0.1-1.el10                        eliware-glusterfs   25 k
#6 9.179  glusterfs-server                x86_64  2026.08.19-0.0.git787068def84c.el10 eliware-glusterfs  1.2 M
#6 9.179  libgfapi0                       x86_64  2026.08.19-0.0.git787068def84c.el10 eliware-glusterfs   95 k
#6 9.179  libgfchangelog0                 x86_64  2026.08.19-0.0.git787068def84c.el10 eliware-glusterfs   34 k
#6 9.179  libgfrpc0                       x86_64  2026.08.19-0.0.git787068def84c.el10 eliware-glusterfs   53 k
#6 9.179  libgfxdr0                       x86_64  2026.08.19-0.0.git787068def84c.el10 eliware-glusterfs   31 k
#6 9.179  libglusterfs0                   x86_64  2026.08.19-0.0.git787068def84c.el10 eliware-glusterfs  289 k
#6 9.179  nodejs                          x86_64  1:22.23.1-6.el10_2                  appstream           52 k
#6 9.179  python3-gluster                 x86_64  2026.08.19-0.0.git787068def84c.el10 eliware-glusterfs   17 k
#6 9.179 Installing dependencies:
#6 9.179  authselect                      x86_64  1.5.2-1.el10                        baseos             205 k
#6 9.179  authselect-libs                 x86_64  1.5.2-1.el10                        baseos             231 k
#6 9.179  c-ares                          x86_64  1.34.6-2.el10_2                     baseos             117 k
#6 9.179  checkpolicy                     x86_64  3.10-1.el10                         appstream          368 k
#6 9.179  cracklib                        x86_64  2.9.11-8.el10                       baseos              97 k
#6 9.179  cracklib-dicts                  x86_64  2.9.11-8.el10                       baseos             3.6 M
#6 9.179  cyrus-sasl-lib                  x86_64  2.1.28-30.el10_2                    baseos             100 k
#6 9.179  device-mapper                   x86_64  10:1.02.210-2.el10                  baseos             138 k
#6 9.179  device-mapper-event             x86_64  10:1.02.210-2.el10                  baseos              36 k
#6 9.179  device-mapper-event-libs        x86_64  10:1.02.210-2.el10                  baseos              31 k
#6 9.179  device-mapper-libs              x86_64  10:1.02.210-2.el10                  baseos             179 k
#6 9.179  device-mapper-persistent-data   x86_64  1.3.0-1.el10                        baseos             1.2 M
#6 9.179  diffutils                       x86_64  3.10-8.el10                         baseos             411 k
#6 9.179  e2fsprogs-libs                  x86_64  1.47.1-5.el10                       baseos             226 k
#6 9.179  gdbm                            x86_64  1:1.23-12.el10_0                    baseos             154 k
#6 9.179  gperftools-libs                 x86_64  2.15-4.el10_0                       epel               303 k
#6 9.179  gssproxy                        x86_64  0.9.2-10.el10                       baseos             120 k
#6 9.179  kmod                            x86_64  31-13.el10                          baseos             131 k
#6 9.179  libaio                          x86_64  0.3.111-22.el10                     baseos              24 k
#6 9.179  libbasicobjects                 x86_64  0.1.1-58.el10                       baseos              26 k
#6 9.179  libbrotli                       x86_64  1.1.0-7.el10_1                      baseos             343 k
#6 9.179  libcollection                   x86_64  0.7.0-58.el10                       baseos              44 k
#6 9.179  libedit                         x86_64  3.1-52.20230828cvs.el10             baseos             105 k
#6 9.179  libev                           x86_64  4.33-15.el10                        baseos              52 k
#6 9.179  libevent                        x86_64  2.1.12-16.el10                      baseos             258 k
#6 9.179  libini_config                   x86_64  1.3.1-58.el10                       baseos              67 k
#6 9.179  libnfsidmap                     x86_64  1:2.8.3-5.el10_2                    baseos              61 k
#6 9.179  libnl3                          x86_64  3.11.0-1.el10                       baseos             355 k
#6 9.179  libnvme                         x86_64  1.16.1-3.el10_2                     baseos             118 k
#6 9.179  libpath_utils                   x86_64  0.2.1-58.el10                       baseos              29 k
#6 9.179  libpwquality                    x86_64  1.4.5-12.el10                       baseos             123 k
#6 9.179  libref_array                    x86_64  0.1.5-58.el10                       baseos              27 k
#6 9.179  libselinux-utils                x86_64  3.10-1.el10                         baseos             109 k
#6 9.179  libtirpc                        x86_64  1.3.5-1.el10                        baseos              94 k
#6 9.179  libunwind                       x86_64  1.8.0-4.el10_0                      epel                73 k
#6 9.179  liburing                        x86_64  2.12-1.el10                         baseos              43 k
#6 9.179  libutempter                     x86_64  1.2.1-15.el10                       baseos              26 k
#6 9.179  libuv                           x86_64  1:1.52.1-1.el10_2                   appstream          265 k
#6 9.179  libverto-libev                  x86_64  0.3.2-10.el10                       baseos              13 k
#6 9.179  lvm2                            x86_64  10:2.03.36-2.el10                   baseos             1.6 M
#6 9.179  lvm2-libs                       x86_64  10:2.03.36-2.el10                   baseos             1.0 M
#6 9.179  nfs-utils                       x86_64  1:2.8.3-5.el10_2                    baseos             458 k
#6 9.179  nodejs-libs                     x86_64  1:22.23.1-6.el10_2                  appstream           20 M
#6 9.179  openldap                        x86_64  2.6.10-1.el10                       baseos             222 k
#6 9.179  openssl                         x86_64  1:3.5.5-2.el10_2.alma.1             baseos             1.2 M
#6 9.179  pam                             x86_64  1.6.1-9.el10                        baseos             512 k
#6 9.179  policycoreutils                 x86_64  3.10-2.el10_2                       baseos             233 k
#6 9.179  policycoreutils-python-utils    noarch  3.10-2.el10_2                       appstream           45 k
#6 9.179  psmisc                          x86_64  23.6-8.el10                         baseos             319 k
#6 9.179  python3-audit                   x86_64  4.0.3-5.el10                        appstream           68 k
#6 9.179  python3-distro                  noarch  1.9.0-5.el10                        appstream           51 k
#6 9.179  python3-libselinux              x86_64  3.10-1.el10                         appstream          201 k
#6 9.179  python3-libsemanage             x86_64  3.10-1.el10                         appstream           80 k
#6 9.179  python3-policycoreutils         noarch  3.10-2.el10_2                       appstream          2.1 M
#6 9.179  python3-pyxattr                 x86_64  0.7.2-14.el10                       crb                 33 k
#6 9.179  python3-setools                 x86_64  4.6.0-3.el10                        baseos             724 k
#6 9.179  quota                           x86_64  1:4.09-10.el10                      baseos             189 k
#6 9.179  quota-nls                       noarch  1:4.09-10.el10                      baseos              76 k
#6 9.179  rpcbind                         x86_64  1.2.7-3.el10                        baseos              56 k
#6 9.179  rpm-plugin-selinux              x86_64  4.19.1.1-23.el10.alma.1             baseos              17 k
#6 9.179  selinux-policy                  noarch  42.1.18-4.el10_2.3                  baseos              55 k
#6 9.179  selinux-policy-targeted         noarch  42.1.18-4.el10_2.3                  baseos             5.9 M
#6 9.179  userspace-rcu                   x86_64  0.14.0-7.el10                       baseos             113 k
#6 9.179  util-linux                      x86_64  2.40.2-18.el10                      baseos             1.2 M
#6 9.179 Installing weak dependencies:
#6 9.179  nodejs-docs                     noarch  1:22.23.1-6.el10_2                  appstream          9.3 M
#6 9.179  nodejs-full-i18n                x86_64  1:22.23.1-6.el10_2                  appstream          8.9 M
#6 9.179  nodejs-npm                      x86_64  1:10.9.8-1.22.23.1.6.el10_2         appstream          2.4 M
#6 9.179  selinux-policy-targeted-extra   noarch  42.1.18-4.el10_2.3                  crb                720 k
#6 9.179 
#6 9.179 Transaction Summary
#6 9.179 =====================================================================================================
#6 9.179 Install  82 Packages
#6 9.179 
#6 9.182 Total download size: 71 M
#6 9.182 Installed size: 306 M
#6 9.182 Downloading Packages:
#6 9.612 (1/82): nodejs-22.23.1-6.el10_2.x86_64.rpm       16 MB/s |  52 kB     00:00    
#6 9.614 (2/82): libuv-1.52.1-1.el10_2.x86_64.rpm         49 MB/s | 265 kB     00:00    
#6 9.617 (3/82): checkpolicy-3.10-1.el10.x86_64.rpm       42 MB/s | 368 kB     00:00    
#6 9.739 (4/82): nodejs-libs-22.23.1-6.el10_2.x86_64.rpm 162 MB/s |  20 MB     00:00    
#6 9.778 (5/82): nodejs-full-i18n-22.23.1-6.el10_2.x86_6  54 MB/s | 8.9 MB     00:00    
#6 9.783 (6/82): policycoreutils-python-utils-3.10-2.el1  11 MB/s |  45 kB     00:00    
#6 9.818 (7/82): nodejs-docs-22.23.1-6.el10_2.noarch.rpm  45 MB/s | 9.3 MB     00:00    
#6 9.819 (8/82): python3-audit-4.0.3-5.el10.x86_64.rpm   1.9 MB/s |  68 kB     00:00    
#6 9.820 (9/82): python3-distro-1.9.0-5.el10.noarch.rpm   27 MB/s |  51 kB     00:00    
#6 9.822 (10/82): python3-libselinux-3.10-1.el10.x86_64.  75 MB/s | 201 kB     00:00    
#6 9.823 (11/82): python3-libsemanage-3.10-1.el10.x86_64  35 MB/s |  80 kB     00:00    
#6 9.833 (12/82): nodejs-npm-10.9.8-1.22.23.1.6.el10_2.x  26 MB/s | 2.4 MB     00:00    
#6 9.835 (13/82): authselect-1.5.2-1.el10.x86_64.rpm      18 MB/s | 205 kB     00:00    
#6 9.837 (14/82): authselect-libs-1.5.2-1.el10.x86_64.rp  63 MB/s | 231 kB     00:00    
#6 9.847 (15/82): python3-policycoreutils-3.10-2.el10_2.  88 MB/s | 2.1 MB     00:00    
#6 9.848 (16/82): c-ares-1.34.6-2.el10_2.x86_64.rpm      8.7 MB/s | 117 kB     00:00    
#6 9.849 (17/82): cracklib-2.9.11-8.el10.x86_64.rpm      7.9 MB/s |  97 kB     00:00    
#6 9.854 (18/82): device-mapper-1.02.210-2.el10.x86_64.r  32 MB/s | 138 kB     00:00    
#6 9.857 (19/82): cyrus-sasl-lib-2.1.28-30.el10_2.x86_64  15 MB/s | 100 kB     00:00    
#6 9.858 (20/82): device-mapper-event-1.02.210-2.el10.x8  12 MB/s |  36 kB     00:00    
#6 9.873 (21/82): cracklib-dicts-2.9.11-8.el10.x86_64.rp 145 MB/s | 3.6 MB     00:00    
#6 9.874 (22/82): device-mapper-event-libs-1.02.210-2.el 1.8 MB/s |  31 kB     00:00    
#6 9.876 (23/82): device-mapper-libs-1.02.210-2.el10.x86  10 MB/s | 179 kB     00:00    
#6 9.884 (24/82): diffutils-3.10-8.el10.x86_64.rpm        41 MB/s | 411 kB     00:00    
#6 9.886 (25/82): e2fsprogs-libs-1.47.1-5.el10.x86_64.rp  23 MB/s | 226 kB     00:00    
#6 9.892 (26/82): device-mapper-persistent-data-1.3.0-1.  63 MB/s | 1.2 MB     00:00    
#6 9.893 (27/82): gdbm-1.23-12.el10_0.x86_64.rpm          17 MB/s | 154 kB     00:00    
#6 9.894 (28/82): gssproxy-0.9.2-10.el10.x86_64.rpm       15 MB/s | 120 kB     00:00    
#6 9.895 (29/82): libaio-0.3.111-22.el10.x86_64.rpm       17 MB/s |  24 kB     00:00    
#6 9.898 (30/82): kmod-31-13.el10.x86_64.rpm              32 MB/s | 131 kB     00:00    
#6 9.899 (31/82): libbasicobjects-0.1.1-58.el10.x86_64.r 6.6 MB/s |  26 kB     00:00    
#6 9.900 (32/82): libbrotli-1.1.0-7.el10_1.x86_64.rpm     65 MB/s | 343 kB     00:00    
#6 9.901 (33/82): libedit-3.1-52.20230828cvs.el10.x86_64  39 MB/s | 105 kB     00:00    
#6 9.902 (34/82): libcollection-0.7.0-58.el10.x86_64.rpm  10 MB/s |  44 kB     00:00    
#6 9.906 (35/82): libevent-2.1.12-16.el10.x86_64.rpm      56 MB/s | 258 kB     00:00    
#6 9.907 (36/82): libini_config-1.3.1-58.el10.x86_64.rpm  14 MB/s |  67 kB     00:00    
#6 9.908 (37/82): libev-4.33-15.el10.x86_64.rpm          7.0 MB/s |  52 kB     00:00    
#6 9.912 (38/82): libnfsidmap-2.8.3-5.el10_2.x86_64.rpm   12 MB/s |  61 kB     00:00    
#6 9.913 (39/82): libnvme-1.16.1-3.el10_2.x86_64.rpm      25 MB/s | 118 kB     00:00    
#6 9.915 (40/82): libnl3-3.11.0-1.el10.x86_64.rpm         47 MB/s | 355 kB     00:00    
#6 9.917 (41/82): libpwquality-1.4.5-12.el10.x86_64.rpm   34 MB/s | 123 kB     00:00    
#6 9.917 (42/82): libpath_utils-0.2.1-58.el10.x86_64.rpm 5.2 MB/s |  29 kB     00:00    
#6 9.918 (43/82): libref_array-0.1.5-58.el10.x86_64.rpm  8.2 MB/s |  27 kB     00:00    
#6 9.923 (44/82): liburing-2.12-1.el10.x86_64.rpm        9.7 MB/s |  43 kB     00:00    
#6 9.924 (45/82): libutempter-1.2.1-15.el10.x86_64.rpm    25 MB/s |  26 kB     00:00    
#6 9.925 (46/82): libtirpc-1.3.5-1.el10.x86_64.rpm        12 MB/s |  94 kB     00:00    
#6 9.926 (47/82): libselinux-utils-3.10-1.el10.x86_64.rp  11 MB/s | 109 kB     00:00    
#6 9.935 (48/82): lvm2-2.03.36-2.el10.x86_64.rpm         180 MB/s | 1.6 MB     00:00    
#6 9.936 (49/82): libverto-libev-0.3.2-10.el10.x86_64.rp 1.1 MB/s |  13 kB     00:00    
#6 9.941 (50/82): lvm2-libs-2.03.36-2.el10.x86_64.rpm     71 MB/s | 1.0 MB     00:00    
#6 9.944 (51/82): openldap-2.6.10-1.el10.x86_64.rpm       26 MB/s | 222 kB     00:00    
#6 9.946 (52/82): nfs-utils-2.8.3-5.el10_2.x86_64.rpm     39 MB/s | 458 kB     00:00    
#6 9.954 (53/82): openssl-3.5.5-2.el10_2.alma.1.x86_64.r 102 MB/s | 1.2 MB     00:00    
#6 9.957 (54/82): pam-1.6.1-9.el10.x86_64.rpm             40 MB/s | 512 kB     00:00    
#6 9.959 (55/82): policycoreutils-3.10-2.el10_2.x86_64.r  19 MB/s | 233 kB     00:00    
#6 9.961 (56/82): psmisc-23.6-8.el10.x86_64.rpm           47 MB/s | 319 kB     00:00    
#6 9.966 (57/82): python3-setools-4.6.0-3.el10.x86_64.rp  78 MB/s | 724 kB     00:00    
#6 9.968 (58/82): quota-nls-4.09-10.el10.noarch.rpm       12 MB/s |  76 kB     00:00    
#6 9.969 (59/82): quota-4.09-10.el10.x86_64.rpm           19 MB/s | 189 kB     00:00    
#6 9.970 (60/82): rpm-plugin-selinux-4.19.1.1-23.el10.al 8.6 MB/s |  17 kB     00:00    
#6 9.971 (61/82): selinux-policy-42.1.18-4.el10_2.3.noar  38 MB/s |  55 kB     00:00    
#6 9.972 (62/82): rpcbind-1.2.7-3.el10.x86_64.rpm         12 MB/s |  56 kB     00:00    
#6 9.979 (63/82): util-linux-2.40.2-18.el10.x86_64.rpm   161 MB/s | 1.2 MB     00:00    
#6 9.981 (64/82): userspace-rcu-0.14.0-7.el10.x86_64.rpm  12 MB/s | 113 kB     00:00    
#6 9.981 (65/82): python3-pyxattr-0.7.2-14.el10.x86_64.r  18 MB/s |  33 kB     00:00    
#6 9.987 (66/82): selinux-policy-targeted-extra-42.1.18- 118 MB/s | 720 kB     00:00    
#6 10.02 (67/82): selinux-policy-targeted-42.1.18-4.el10 116 MB/s | 5.9 MB     00:00    
#6 10.03 (68/82): glusterfs-cli-2026.08.19-0.0.git787068 4.6 MB/s | 185 kB     00:00    
#6 10.03 (69/82): glusterfs-2026.08.19-0.0.git787068def8  12 MB/s | 594 kB     00:00    
#6 10.04 (70/82): glusterfs-fuse-2026.08.19-0.0.git78706  16 MB/s | 137 kB     00:00    
#6 10.04 (71/82): glusterfs-gnfs-2026.08.19-0.0.git78706  19 MB/s | 145 kB     00:00    
#6 10.05 (72/82): glusterfs-selinux-2.0.1-1.el10.noarch. 2.3 MB/s |  25 kB     00:00    
#6 10.06 (73/82): glusterfs-client-xlators-2026.08.19-0.  21 MB/s | 785 kB     00:00    
#6 10.06 (74/82): libgfapi0-2026.08.19-0.0.git787068def8 7.2 MB/s |  95 kB     00:00    
#6 10.07 (75/82): libgfchangelog0-2026.08.19-0.0.git7870 4.2 MB/s |  34 kB     00:00    
#6 10.07 (76/82): glusterfs-server-2026.08.19-0.0.git787  35 MB/s | 1.2 MB     00:00    
#6 10.08 (77/82): libgfrpc0-2026.08.19-0.0.git787068def8 3.8 MB/s |  53 kB     00:00    
#6 10.08 (78/82): libgfxdr0-2026.08.19-0.0.git787068def8 3.8 MB/s |  31 kB     00:00    
#6 10.08 (79/82): libglusterfs0-2026.08.19-0.0.git787068  34 MB/s | 289 kB     00:00    
#6 10.08 (80/82): python3-gluster-2026.08.19-0.0.git7870 2.2 MB/s |  17 kB     00:00    
#6 10.41 (81/82): libunwind-1.8.0-4.el10_0.x86_64.rpm    225 kB/s |  73 kB     00:00    
#6 10.53 (82/82): gperftools-libs-2.15-4.el10_0.x86_64.r 667 kB/s | 303 kB     00:00    
#6 10.53 --------------------------------------------------------------------------------
#6 10.53 Total                                            52 MB/s |  71 MB     00:01     
#6 11.64 Extra Packages for Enterprise Linux 10 - x86_64 1.6 MB/s | 1.6 kB     00:00    
#6 11.64 Importing GPG key 0xE37ED158:
#6 11.64  Userid     : "Fedora (epel10) <epel@fedoraproject.org>"
#6 11.64  Fingerprint: 7D8D 15CB FC4E 6268 8591 FB26 33D9 8517 E37E D158
#6 11.64  From       : /etc/pki/rpm-gpg/RPM-GPG-KEY-EPEL-10
#6 11.64 Key imported successfully
#6 11.66 Running transaction check
#6 11.73 Transaction check succeeded.
#6 11.73 Running transaction test
#6 12.61 Transaction test succeeded.
#6 12.61 Running transaction
#6 13.45   Running scriptlet: selinux-policy-targeted-42.1.18-4.el10_2.3.noarch      1/1 
#6 13.45   Running scriptlet: nodejs-1:22.23.1-6.el10_2.x86_64                       1/1 
#6 13.51   Preparing        :                                                        1/1 
#6 13.54   Installing       : libtirpc-1.3.5-1.el10.x86_64                          1/82 
#6 13.55   Installing       : userspace-rcu-0.14.0-7.el10.x86_64                    2/82 
#6 13.56   Installing       : libaio-0.3.111-22.el10.x86_64                         3/82 
#6 13.56   Running scriptlet: rpcbind-1.2.7-3.el10.x86_64                           4/82 
#6 13.58   Installing       : rpcbind-1.2.7-3.el10.x86_64                           4/82 
#6 13.58   Running scriptlet: rpcbind-1.2.7-3.el10.x86_64                           4/82 
#6 13.62   Installing       : device-mapper-libs-10:1.02.210-2.el10.x86_64          5/82 
#6 13.63   Installing       : device-mapper-10:1.02.210-2.el10.x86_64               6/82 
#6 13.63   Installing       : device-mapper-event-libs-10:1.02.210-2.el10.x86_64    7/82 
#6 13.65   Installing       : libselinux-utils-3.10-1.el10.x86_64                   8/82 
#6 13.65   Installing       : libref_array-0.1.5-58.el10.x86_64                     9/82 
#6 13.66   Installing       : libnvme-1.16.1-3.el10_2.x86_64                       10/82 
#6 13.67   Installing       : libevent-2.1.12-16.el10.x86_64                       11/82 
#6 13.67   Installing       : kmod-31-13.el10.x86_64                               12/82 
#6 13.68   Installing       : cracklib-2.9.11-8.el10.x86_64                        13/82 
#6 13.69   Installing       : authselect-libs-1.5.2-1.el10.x86_64                  14/82 
#6 13.70   Installing       : python3-libselinux-3.10-1.el10.x86_64                15/82 
#6 14.09   Installing       : nodejs-docs-1:22.23.1-6.el10_2.noarch                16/82 
#6 14.10   Installing       : libuv-1:1.52.1-1.el10_2.x86_64                       17/82 
#6 14.10   Installing       : python3-libsemanage-3.10-1.el10.x86_64               18/82 
#6 14.15   Installing       : cracklib-dicts-2.9.11-8.el10.x86_64                  19/82 
#6 14.15   Installing       : libpwquality-1.4.5-12.el10.x86_64                    20/82 
#6 14.16   Installing       : device-mapper-event-10:1.02.210-2.el10.x86_64        21/82 
#6 14.16   Running scriptlet: device-mapper-event-10:1.02.210-2.el10.x86_64        21/82 
#6 14.18 Created symlink '/etc/systemd/system/sockets.target.wants/dm-event.socket' → '/usr/lib/systemd/system/dm-event.socket'.
#6 14.18 
#6 14.20   Installing       : lvm2-libs-10:2.03.36-2.el10.x86_64                   22/82 
#6 14.20   Installing       : libunwind-1.8.0-4.el10_0.x86_64                      23/82 
#6 14.21   Installing       : gperftools-libs-2.15-4.el10_0.x86_64                 24/82 
#6 14.21   Installing       : libgfrpc0-2026.08.19-0.0.git787068def84c.el10.x86_   25/82 
#6 14.22   Running scriptlet: libgfrpc0-2026.08.19-0.0.git787068def84c.el10.x86_   25/82 
#6 14.24   Installing       : libgfxdr0-2026.08.19-0.0.git787068def84c.el10.x86_   26/82 
#6 14.24   Running scriptlet: libgfxdr0-2026.08.19-0.0.git787068def84c.el10.x86_   26/82 
#6 14.25   Installing       : libglusterfs0-2026.08.19-0.0.git787068def84c.el10.   27/82 
#6 14.25   Running scriptlet: libglusterfs0-2026.08.19-0.0.git787068def84c.el10.   27/82 
#6 14.28   Installing       : glusterfs-client-xlators-2026.08.19-0.0.git787068d   28/82 
#6 14.29   Running scriptlet: glusterfs-2026.08.19-0.0.git787068def84c.el10.x86_   29/82 
#6 14.33   Installing       : glusterfs-2026.08.19-0.0.git787068def84c.el10.x86_   29/82 
#6 14.33   Running scriptlet: glusterfs-2026.08.19-0.0.git787068def84c.el10.x86_   29/82 
#6 14.35   Installing       : libgfapi0-2026.08.19-0.0.git787068def84c.el10.x86_   30/82 
#6 14.35   Running scriptlet: libgfapi0-2026.08.19-0.0.git787068def84c.el10.x86_   30/82 
#6 14.36   Installing       : glusterfs-cli-2026.08.19-0.0.git787068def84c.el10.   31/82 
#6 14.37   Installing       : libgfchangelog0-2026.08.19-0.0.git787068def84c.el1   32/82 
#6 14.37   Running scriptlet: libgfchangelog0-2026.08.19-0.0.git787068def84c.el1   32/82 
#6 14.38   Installing       : python3-pyxattr-0.7.2-14.el10.x86_64                 33/82 
#6 14.38   Installing       : quota-nls-1:4.09-10.el10.noarch                      34/82 
#6 14.42   Installing       : python3-setools-4.6.0-3.el10.x86_64                  35/82 
#6 14.43   Installing       : psmisc-23.6-8.el10.x86_64                            36/82 
#6 14.43   Installing       : glusterfs-fuse-2026.08.19-0.0.git787068def84c.el10   37/82 
#6 14.47   Installing       : openssl-1:3.5.5-2.el10_2.alma.1.x86_64               38/82 
#6 14.48   Running scriptlet: libutempter-1.2.1-15.el10.x86_64                     39/82 
#6 14.49   Installing       : libutempter-1.2.1-15.el10.x86_64                     39/82 
#6 14.49   Installing       : liburing-2.12-1.el10.x86_64                          40/82 
#6 14.50   Installing       : libpath_utils-0.2.1-58.el10.x86_64                   41/82 
#6 14.51   Installing       : libnl3-3.11.0-1.el10.x86_64                          42/82 
#6 14.51   Installing       : libev-4.33-15.el10.x86_64                            43/82 
#6 14.51   Installing       : libverto-libev-0.3.2-10.el10.x86_64                  44/82 
#6 14.52   Installing       : libedit-3.1-52.20230828cvs.el10.x86_64               45/82 
#6 14.52   Installing       : libcollection-0.7.0-58.el10.x86_64                   46/82 
#6 14.53   Installing       : libbrotli-1.1.0-7.el10_1.x86_64                      47/82 
#6 14.53   Installing       : libbasicobjects-0.1.1-58.el10.x86_64                 48/82 
#6 14.53   Installing       : libini_config-1.3.1-58.el10.x86_64                   49/82 
#6 14.53   Running scriptlet: gssproxy-0.9.2-10.el10.x86_64                        50/82 
#6 14.54   Installing       : gssproxy-0.9.2-10.el10.x86_64                        50/82 
#6 14.55   Running scriptlet: gssproxy-0.9.2-10.el10.x86_64                        50/82 
#6 14.57   Installing       : gdbm-1:1.23-12.el10_0.x86_64                         51/82 
#6 14.60   Installing       : pam-1.6.1-9.el10.x86_64                              52/82 
#6 14.67   Installing       : util-linux-2.40.2-18.el10.x86_64                     53/82 
#6 14.67 warning: /etc/adjtime created as /etc/adjtime.rpmnew
#6 14.67 
#6 14.67   Running scriptlet: util-linux-2.40.2-18.el10.x86_64                     53/82 
#6 14.69 Created symlink '/etc/systemd/system/timers.target.wants/fstrim.timer' → '/usr/lib/systemd/system/fstrim.timer'.
#6 14.69 
#6 14.69   Installing       : e2fsprogs-libs-1.47.1-5.el10.x86_64                  54/82 
#6 14.70   Installing       : quota-1:4.09-10.el10.x86_64                          55/82 
#6 14.71   Installing       : diffutils-3.10-8.el10.x86_64                         56/82 
#6 14.73   Installing       : policycoreutils-3.10-2.el10_2.x86_64                 57/82 
#6 14.73   Running scriptlet: policycoreutils-3.10-2.el10_2.x86_64                 57/82 
#6 14.74 Created symlink '/etc/systemd/system/sysinit.target.wants/selinux-autorelabel-mark.service' → '/usr/lib/systemd/system/selinux-autorelabel-mark.service'.
#6 14.74 
#6 14.75   Installing       : selinux-policy-42.1.18-4.el10_2.3.noarch             58/82 
#6 14.75   Running scriptlet: selinux-policy-42.1.18-4.el10_2.3.noarch             58/82 
#6 14.78   Running scriptlet: selinux-policy-targeted-extra-42.1.18-4.el10_2.3.n   59/82 
#6 14.82   Installing       : selinux-policy-targeted-extra-42.1.18-4.el10_2.3.n   59/82 
#6 14.82   Running scriptlet: selinux-policy-targeted-42.1.18-4.el10_2.3.noarch    60/82 
#6 15.05   Installing       : selinux-policy-targeted-42.1.18-4.el10_2.3.noarch    60/82 
#6 15.06   Running scriptlet: selinux-policy-targeted-42.1.18-4.el10_2.3.noarch    60/82 
#6 15.08   Installing       : device-mapper-persistent-data-1.3.0-1.el10.x86_64    61/82 
#6 15.11   Installing       : lvm2-10:2.03.36-2.el10.x86_64                        62/82 
#6 15.12   Running scriptlet: lvm2-10:2.03.36-2.el10.x86_64                        62/82 
#6 15.15 Created symlink '/etc/systemd/system/sysinit.target.wants/lvm2-monitor.service' → '/usr/lib/systemd/system/lvm2-monitor.service'.
#6 15.15 Created symlink '/etc/systemd/system/sysinit.target.wants/lvm2-lvmpolld.socket' → '/usr/lib/systemd/system/lvm2-lvmpolld.socket'.
#6 15.15 
#6 15.16   Installing       : cyrus-sasl-lib-2.1.28-30.el10_2.x86_64               63/82 
#6 15.17   Installing       : openldap-2.6.10-1.el10.x86_64                        64/82 
#6 15.18   Installing       : libnfsidmap-1:2.8.3-5.el10_2.x86_64                  65/82 
#6 15.18   Running scriptlet: nfs-utils-1:2.8.3-5.el10_2.x86_64                    66/82 
#6 15.23   Installing       : nfs-utils-1:2.8.3-5.el10_2.x86_64                    66/82 
#6 15.23   Running scriptlet: nfs-utils-1:2.8.3-5.el10_2.x86_64                    66/82 
#6 15.24 Created symlink '/etc/systemd/system/multi-user.target.wants/nfs-client.target' → '/usr/lib/systemd/system/nfs-client.target'.
#6 15.24 Created symlink '/etc/systemd/system/remote-fs.target.wants/nfs-client.target' → '/usr/lib/systemd/system/nfs-client.target'.
#6 15.24 
#6 15.26 System has not been booted with systemd as init system (PID 1). Can't operate.
#6 15.26 Failed to connect to system scope bus via local transport: Host is down
#6 15.26 
#6 15.27 System has not been booted with systemd as init system (PID 1). Can't operate.
#6 15.27 Failed to connect to system scope bus via local transport: Host is down
#6 15.27 
#6 15.27   Installing       : c-ares-1.34.6-2.el10_2.x86_64                        67/82 
#6 15.57   Installing       : nodejs-libs-1:22.23.1-6.el10_2.x86_64                68/82 
#6 15.71   Installing       : nodejs-full-i18n-1:22.23.1-6.el10_2.x86_64           69/82 
#6 15.99   Installing       : nodejs-npm-1:10.9.8-1.22.23.1.6.el10_2.x86_64        70/82 
#6 16.02   Installing       : nodejs-1:22.23.1-6.el10_2.x86_64                     71/82 
#6 16.03   Installing       : python3-distro-1.9.0-5.el10.noarch                   72/82 
#6 16.03   Installing       : python3-audit-4.0.3-5.el10.x86_64                    73/82 
#6 16.04   Installing       : checkpolicy-3.10-1.el10.x86_64                       74/82 
#6 16.08   Installing       : python3-policycoreutils-3.10-2.el10_2.noarch         75/82 
#6 16.09   Installing       : policycoreutils-python-utils-3.10-2.el10_2.noarch    76/82 
#6 16.09   Running scriptlet: glusterfs-selinux-2.0.1-1.el10.noarch                77/82 
#6 16.10   Installing       : glusterfs-selinux-2.0.1-1.el10.noarch                77/82 
#6 16.10   Running scriptlet: glusterfs-selinux-2.0.1-1.el10.noarch                77/82 
#6 18.69 Failed to resolve typeattributeset statement at /var/lib/selinux/targeted/tmp/modules/200/glusterd/cil:81
#6 18.69 Failed to resolve AST
#6 18.69 semodule:  Failed!
#6 18.69 libsemanage.semanage_direct_install_info: Overriding glusterd module at lower priority 100 with module at priority 200.
#6 18.69 
#6 18.74   Installing       : glusterfs-server-2026.08.19-0.0.git787068def84c.el   78/82 
#6 18.77   Running scriptlet: glusterfs-server-2026.08.19-0.0.git787068def84c.el   78/82 
#6 18.83   Installing       : glusterfs-gnfs-2026.08.19-0.0.git787068def84c.el10   79/82 
#6 18.84   Installing       : authselect-1.5.2-1.el10.x86_64                       80/82 
#6 18.87   Installing       : python3-gluster-2026.08.19-0.0.git787068def84c.el1   81/82 
#6 18.87   Installing       : rpm-plugin-selinux-4.19.1.1-23.el10.alma.1.x86_64    82/82 
#6 18.89   Running scriptlet: authselect-libs-1.5.2-1.el10.x86_64                  82/82 
#6 18.91   Running scriptlet: selinux-policy-targeted-extra-42.1.18-4.el10_2.3.n   82/82 
#6 25.09   Running scriptlet: selinux-policy-targeted-42.1.18-4.el10_2.3.noarch    82/82 
#6 30.73   Running scriptlet: glusterfs-selinux-2.0.1-1.el10.noarch                82/82 
#6 30.75   Running scriptlet: rpm-plugin-selinux-4.19.1.1-23.el10.alma.1.x86_64    82/82 
#6 30.92 
#6 30.92 Installed:
#6 30.92   authselect-1.5.2-1.el10.x86_64                                                
#6 30.92   authselect-libs-1.5.2-1.el10.x86_64                                           
#6 30.92   c-ares-1.34.6-2.el10_2.x86_64                                                 
#6 30.92   checkpolicy-3.10-1.el10.x86_64                                                
#6 30.92   cracklib-2.9.11-8.el10.x86_64                                                 
#6 30.92   cracklib-dicts-2.9.11-8.el10.x86_64                                           
#6 30.92   cyrus-sasl-lib-2.1.28-30.el10_2.x86_64                                        
#6 30.92   device-mapper-10:1.02.210-2.el10.x86_64                                       
#6 30.92   device-mapper-event-10:1.02.210-2.el10.x86_64                                 
#6 30.92   device-mapper-event-libs-10:1.02.210-2.el10.x86_64                            
#6 30.92   device-mapper-libs-10:1.02.210-2.el10.x86_64                                  
#6 30.92   device-mapper-persistent-data-1.3.0-1.el10.x86_64                             
#6 30.92   diffutils-3.10-8.el10.x86_64                                                  
#6 30.92   e2fsprogs-libs-1.47.1-5.el10.x86_64                                           
#6 30.92   gdbm-1:1.23-12.el10_0.x86_64                                                  
#6 30.92   glusterfs-2026.08.19-0.0.git787068def84c.el10.x86_64                          
#6 30.92   glusterfs-cli-2026.08.19-0.0.git787068def84c.el10.x86_64                      
#6 30.92   glusterfs-client-xlators-2026.08.19-0.0.git787068def84c.el10.x86_64           
#6 30.92   glusterfs-fuse-2026.08.19-0.0.git787068def84c.el10.x86_64                     
#6 30.92   glusterfs-gnfs-2026.08.19-0.0.git787068def84c.el10.x86_64                     
#6 30.92   glusterfs-selinux-2.0.1-1.el10.noarch                                         
#6 30.92   glusterfs-server-2026.08.19-0.0.git787068def84c.el10.x86_64                   
#6 30.92   gperftools-libs-2.15-4.el10_0.x86_64                                          
#6 30.92   gssproxy-0.9.2-10.el10.x86_64                                                 
#6 30.92   kmod-31-13.el10.x86_64                                                        
#6 30.92   libaio-0.3.111-22.el10.x86_64                                                 
#6 30.92   libbasicobjects-0.1.1-58.el10.x86_64                                          
#6 30.92   libbrotli-1.1.0-7.el10_1.x86_64                                               
#6 30.92   libcollection-0.7.0-58.el10.x86_64                                            
#6 30.92   libedit-3.1-52.20230828cvs.el10.x86_64                                        
#6 30.92   libev-4.33-15.el10.x86_64                                                     
#6 30.92   libevent-2.1.12-16.el10.x86_64                                                
#6 30.92   libgfapi0-2026.08.19-0.0.git787068def84c.el10.x86_64                          
#6 30.92   libgfchangelog0-2026.08.19-0.0.git787068def84c.el10.x86_64                    
#6 30.92   libgfrpc0-2026.08.19-0.0.git787068def84c.el10.x86_64                          
#6 30.92   libgfxdr0-2026.08.19-0.0.git787068def84c.el10.x86_64                          
#6 30.92   libglusterfs0-2026.08.19-0.0.git787068def84c.el10.x86_64                      
#6 30.92   libini_config-1.3.1-58.el10.x86_64                                            
#6 30.92   libnfsidmap-1:2.8.3-5.el10_2.x86_64                                           
#6 30.92   libnl3-3.11.0-1.el10.x86_64                                                   
#6 30.92   libnvme-1.16.1-3.el10_2.x86_64                                                
#6 30.92   libpath_utils-0.2.1-58.el10.x86_64                                            
#6 30.92   libpwquality-1.4.5-12.el10.x86_64                                             
#6 30.92   libref_array-0.1.5-58.el10.x86_64                                             
#6 30.92   libselinux-utils-3.10-1.el10.x86_64                                           
#6 30.92   libtirpc-1.3.5-1.el10.x86_64                                                  
#6 30.92   libunwind-1.8.0-4.el10_0.x86_64                                               
#6 30.92   liburing-2.12-1.el10.x86_64                                                   
#6 30.92   libutempter-1.2.1-15.el10.x86_64                                              
#6 30.92   libuv-1:1.52.1-1.el10_2.x86_64                                                
#6 30.92   libverto-libev-0.3.2-10.el10.x86_64                                           
#6 30.92   lvm2-10:2.03.36-2.el10.x86_64                                                 
#6 30.92   lvm2-libs-10:2.03.36-2.el10.x86_64                                            
#6 30.92   nfs-utils-1:2.8.3-5.el10_2.x86_64                                             
#6 30.92   nodejs-1:22.23.1-6.el10_2.x86_64                                              
#6 30.92   nodejs-docs-1:22.23.1-6.el10_2.noarch                                         
#6 30.92   nodejs-full-i18n-1:22.23.1-6.el10_2.x86_64                                    
#6 30.92   nodejs-libs-1:22.23.1-6.el10_2.x86_64                                         
#6 30.92   nodejs-npm-1:10.9.8-1.22.23.1.6.el10_2.x86_64                                 
#6 30.92   openldap-2.6.10-1.el10.x86_64                                                 
#6 30.92   openssl-1:3.5.5-2.el10_2.alma.1.x86_64                                        
#6 30.92   pam-1.6.1-9.el10.x86_64                                                       
#6 30.92   policycoreutils-3.10-2.el10_2.x86_64                                          
#6 30.92   policycoreutils-python-utils-3.10-2.el10_2.noarch                             
#6 30.92   psmisc-23.6-8.el10.x86_64                                                     
#6 30.92   python3-audit-4.0.3-5.el10.x86_64                                             
#6 30.92   python3-distro-1.9.0-5.el10.noarch                                            
#6 30.92   python3-gluster-2026.08.19-0.0.git787068def84c.el10.x86_64                    
#6 30.92   python3-libselinux-3.10-1.el10.x86_64                                         
#6 30.92   python3-libsemanage-3.10-1.el10.x86_64                                        
#6 30.92   python3-policycoreutils-3.10-2.el10_2.noarch                                  
#6 30.92   python3-pyxattr-0.7.2-14.el10.x86_64                                          
#6 30.92   python3-setools-4.6.0-3.el10.x86_64                                           
#6 30.92   quota-1:4.09-10.el10.x86_64                                                   
#6 30.92   quota-nls-1:4.09-10.el10.noarch                                               
#6 30.92   rpcbind-1.2.7-3.el10.x86_64                                                   
#6 30.92   rpm-plugin-selinux-4.19.1.1-23.el10.alma.1.x86_64                             
#6 30.92   selinux-policy-42.1.18-4.el10_2.3.noarch                                      
#6 30.92   selinux-policy-targeted-42.1.18-4.el10_2.3.noarch                             
#6 30.92   selinux-policy-targeted-extra-42.1.18-4.el10_2.3.noarch                       
#6 30.92   userspace-rcu-0.14.0-7.el10.x86_64                                            
#6 30.92   util-linux-2.40.2-18.el10.x86_64                                              
#6 30.92 
#6 30.92 Complete!
#6 31.15 37 files removed
#6 DONE 31.2s

#7 [3/5] COPY containers/gluster-bootstrap.mjs /usr/local/bin/gluster-bootstrap.mjs
#7 DONE 0.1s

#8 [4/5] RUN chmod 0755 /usr/local/bin/gluster-bootstrap.mjs
#8 DONE 0.2s

#9 [5/5] WORKDIR /app
#9 DONE 0.0s

#10 exporting to image
#10 exporting layers
#10 exporting layers 10.1s done
#10 exporting manifest sha256:998c1952b7f9323bafc734c9552104740af6736c8d80081a0a48699e2ee4854f done
#10 exporting config sha256:b2474ed4927f2bb5088cb80261a8b823d6f4138a42e76d78fa744c44d3099d0f done
#10 exporting attestation manifest sha256:94f22f9193e40b4e468c11a69ac28412e809d71a2035e9d62cb00d6f11746adf done
#10 exporting manifest list sha256:8cccbd61b7ea179f5eaaf162215a05eedbaba375145ffdf09e86a93dbbdbb8c4 done
#10 naming to ghcr.io/eliware/alma10-gluster:2026.08.19-787068def84c done
#10 unpacking to ghcr.io/eliware/alma10-gluster:2026.08.19-787068def84c
#10 unpacking to ghcr.io/eliware/alma10-gluster:2026.08.19-787068def84c 2.1s done
#10 DONE 12.2s

 [33m1 warning found (use docker --debug to expand):
[0m - SecretsUsedInArgOrEnv: Do not use ARG or ENV instructions for sensitive data (ARG "RPM_GPG_KEY_URL") (line 15)
{
  "run_id": "20260819070652969-3fee9f22",
  "generated": "2026-08-19T07:21:10Z",
  "repository_integrity": {
    "status": "not-tested",
    "detail": "verified by the conductor against the package repository"
  },
  "provenance_verification": {
    "status": "not-tested",
    "detail": "generated and verified by the conductor after image publication"
  },
  "checks": {
    "install": {
      "status": "passed"
    },
    "cli_available": {
      "status": "passed"
    },
    "volume_create_mount": {
      "status": "passed"
    },
    "file_lifecycle": {
      "status": "passed"
    },
    "volume_unmount_delete": {
      "status": "passed"
    },
    "service_shutdown": {
      "status": "passed"
    }
  },
  "distributions": [
    {
      "id": "almalinux-10",
      "label": "AlmaLinux 10",
      "container_core": {
        "status": "passed",
        "detail": "updated; volume stop: smoke: success; volume delete: smoke: success"
      }
    }
  ],
  "metadata_version": "0.1.0"
}
Validated 11 image labels
Login Succeeded
The push refers to repository [ghcr.io/eliware/alma10-gluster]
a661ea7c48b7: Waiting
44136fa355b3: Waiting
0a532adbc9e0: Waiting
422495057724: Waiting
a661ea7c48b7: Waiting
44136fa355b3: Waiting
0a532adbc9e0: Waiting
422495057724: Waiting
0911e653adc1: Waiting
50b6d91f15af: Waiting
a661ea7c48b7: Waiting
44136fa355b3: Already exists
0a532adbc9e0: Waiting
422495057724: Layer already exists
50b6d91f15af: Waiting
a661ea7c48b7: Pushed
acae0684815b: Waiting
0911e653adc1: Pushed
50b6d91f15af: Pushed
acae0684815b: Pushed
0a532adbc9e0: Pushed
2026.08.19-787068def84c: digest: sha256:8cccbd61b7ea179f5eaaf162215a05eedbaba375145ffdf09e86a93dbbdbb8c4 size: 856
sha256:8cccbd61b7ea179f5eaaf162215a05eedbaba375145ffdf09e86a93dbbdbb8c4
