#0 building with "default" instance using docker driver

#1 [internal] load build definition from oracle10-gluster.Dockerfile
#1 transferring dockerfile: 3.07kB done
#1 WARN: SecretsUsedInArgOrEnv: Do not use ARG or ENV instructions for sensitive data (ARG "RPM_GPG_KEY_URL") (line 15)
#1 DONE 0.0s

#2 [internal] load metadata for docker.io/library/oraclelinux:10@sha256:2f145af52abf6ee5be815b35751c65dc1531a4c709904c4fd7f72b23fdbc5015
#2 DONE 0.0s

#3 [internal] load .dockerignore
#3 transferring context: 2B done
#3 DONE 0.0s

#4 [1/5] FROM docker.io/library/oraclelinux:10@sha256:2f145af52abf6ee5be815b35751c65dc1531a4c709904c4fd7f72b23fdbc5015
#4 resolve docker.io/library/oraclelinux:10@sha256:2f145af52abf6ee5be815b35751c65dc1531a4c709904c4fd7f72b23fdbc5015 0.0s done
#4 DONE 0.0s

#5 [internal] load build context
#5 transferring context: 84B done
#5 DONE 0.0s

#6 [2/5] RUN test -n "https://glusterfs.eliware.org/el10/x86_64/previews/epel10-rolling-2026.08.21-5b9f1aa03caf/"     && test -n "ae68d613b5bc4b56f4304e558d1dfa2f6386de7c3d33989c7d944f6dcfe6e904"     && dnf -y install dnf-plugins-core     && dnf -y install oracle-epel-release-el10 oraclelinux-developer-release-el10     && dnf config-manager --set-enabled ol10_codeready_builder     && dnf -y install gperftools-libs python3-pyxattr     && curl --fail --silent --show-error --location --retry 6 --retry-all-errors --retry-delay 2 --connect-timeout 15 --max-time 60 "https://glusterfs.eliware.org/keys/RPM-GPG-KEY-ELIWARE-GLUSTER" --output /tmp/eliware-gluster-key     && rpm --import /tmp/eliware-gluster-key     && printf '[eliware-glusterfs]\nname=Eliware GlusterFS\nbaseurl=%s\nenabled=1\ngpgcheck=1\nrepo_gpgcheck=1\ngpgkey=%s\n' "https://glusterfs.eliware.org/el10/x86_64/previews/epel10-rolling-2026.08.21-5b9f1aa03caf/" "https://glusterfs.eliware.org/keys/RPM-GPG-KEY-ELIWARE-GLUSTER" > /etc/yum.repos.d/eliware-glusterfs.repo     && curl --fail --silent --show-error --location --retry 6 --retry-all-errors --retry-delay 2 --connect-timeout 15 --max-time 60 "https://glusterfs.eliware.org/el10/x86_64/previews/epel10-rolling-2026.08.21-5b9f1aa03caf/repodata/repomd.xml" --output /tmp/repomd.xml     && printf '%s  /tmp/repomd.xml\n' "ae68d613b5bc4b56f4304e558d1dfa2f6386de7c3d33989c7d944f6dcfe6e904" | sha256sum --check --status     && dnf -y --enablerepo=eliware-glusterfs install          glusterfs glusterfs-server glusterfs-selinux glusterfs-cli          glusterfs-client-xlators glusterfs-fuse glusterfs-gnfs          libgfapi0 libgfchangelog0 libgfrpc0 libgfxdr0 libglusterfs0          python3-gluster nodejs     && dnf clean all     && rm -f /tmp/eliware-gluster-key /tmp/repomd.xml     && rm -rf /var/cache/dnf
#6 8.239 Oracle Linux 10 BaseOS Latest (x86_64)          8.3 MB/s |  62 MB     00:07    
#6 16.31 Oracle Linux 10 Application Stream Packages (x8 3.9 MB/s | 5.3 MB     00:01    
#6 17.28 Last metadata expiration check: 0:00:01 ago on Fri Aug 21 02:11:25 2026.
#6 18.07 Package dnf-plugins-core-4.7.0-10.0.1.el10.noarch is already installed.
#6 18.10 Dependencies resolved.
#6 18.11 Nothing to do.
#6 18.11 Complete!
#6 18.59 Last metadata expiration check: 0:00:02 ago on Fri Aug 21 02:11:25 2026.
#6 18.75 Dependencies resolved.
#6 18.75 ================================================================================
#6 18.75  Package                            Arch   Version     Repository          Size
#6 18.75 ================================================================================
#6 18.75 Installing:
#6 18.75  oracle-epel-release-el10           x86_64 1.0-6.el10  ol10_baseos_latest  15 k
#6 18.75  oraclelinux-developer-release-el10 x86_64 1.0-6.el10  ol10_baseos_latest  15 k
#6 18.75 
#6 18.75 Transaction Summary
#6 18.75 ================================================================================
#6 18.75 Install  2 Packages
#6 18.75 
#6 18.75 Total download size: 29 k
#6 18.75 Installed size: 36 k
#6 18.75 Downloading Packages:
#6 19.06 (1/2): oracle-epel-release-el10-1.0-6.el10.x86_  48 kB/s |  15 kB     00:00    
#6 19.07 (2/2): oraclelinux-developer-release-el10-1.0-6  47 kB/s |  15 kB     00:00    
#6 19.07 --------------------------------------------------------------------------------
#6 19.07 Total                                            92 kB/s |  29 kB     00:00     
#6 19.09 Running transaction check
#6 19.10 Transaction check succeeded.
#6 19.10 Running transaction test
#6 19.10 Transaction test succeeded.
#6 19.10 Running transaction
#6 19.11   Preparing        :                                                        1/1 
#6 19.14   Installing       : oraclelinux-developer-release-el10-1.0-6.el10.x86_64   1/2 
#6 19.14   Installing       : oracle-epel-release-el10-1.0-6.el10.x86_64             2/2 
#6 19.24 
#6 19.24 Installed:
#6 19.24   oracle-epel-release-el10-1.0-6.el10.x86_64                                    
#6 19.24   oraclelinux-developer-release-el10-1.0-6.el10.x86_64                          
#6 19.24 
#6 19.24 Complete!
#6 21.14 Oracle Linux 10.1 EPEL Packages for Development 4.1 MB/s | 5.9 MB     00:01    
#6 22.50 Oracle Linux 10 BaseOS Latest (x86_64)           11 kB/s | 3.6 kB     00:00    
#6 22.91 Oracle Linux 10 Application Stream Packages (x8  12 kB/s | 3.6 kB     00:00    
#6 24.17 Oracle Linux 10 CodeReady Builder (x86_64) - (U 1.5 MB/s | 1.7 MB     00:01    
#6 25.39 Oracle Linux 10 Development Packages (x86_64)   159 kB/s | 134 kB     00:00    
#6 26.94 Dependencies resolved.
#6 26.94 ================================================================================
#6 26.94  Package            Arch      Version           Repository                 Size
#6 26.94 ================================================================================
#6 26.94 Installing:
#6 26.94  gperftools-libs    x86_64    2.15-4.el10_0     ol10_u1_developer_EPEL    320 k
#6 26.94  python3-pyxattr    x86_64    0.7.2-14.el10     ol10_codeready_builder     42 k
#6 26.94 Installing dependencies:
#6 26.94  libunwind          x86_64    1.8.0-4.el10_0    ol10_u1_developer_EPEL     89 k
#6 26.94 
#6 26.94 Transaction Summary
#6 26.94 ================================================================================
#6 26.94 Install  3 Packages
#6 26.94 
#6 26.94 Total download size: 450 k
#6 26.94 Installed size: 1.6 M
#6 26.94 Downloading Packages:
#6 27.39 (1/3): python3-pyxattr-0.7.2-14.el10.x86_64.rpm  93 kB/s |  42 kB     00:00    
#6 27.48 (2/3): libunwind-1.8.0-4.el10_0.x86_64.rpm      167 kB/s |  89 kB     00:00    
#6 27.69 (3/3): gperftools-libs-2.15-4.el10_0.x86_64.rpm 430 kB/s | 320 kB     00:00    
#6 27.69 --------------------------------------------------------------------------------
#6 27.69 Total                                           603 kB/s | 450 kB     00:00     
#6 27.72 Running transaction check
#6 27.74 Transaction check succeeded.
#6 27.74 Running transaction test
#6 27.81 Transaction test succeeded.
#6 27.81 Running transaction
#6 27.83   Preparing        :                                                        1/1 
#6 27.89   Installing       : libunwind-1.8.0-4.el10_0.x86_64                        1/3 
#6 27.91   Installing       : gperftools-libs-2.15-4.el10_0.x86_64                   2/3 
#6 27.91   Installing       : python3-pyxattr-0.7.2-14.el10.x86_64                   3/3 
#6 27.92   Running scriptlet: python3-pyxattr-0.7.2-14.el10.x86_64                   3/3 
#6 28.18 
#6 28.18 Installed:
#6 28.18   gperftools-libs-2.15-4.el10_0.x86_64      libunwind-1.8.0-4.el10_0.x86_64     
#6 28.18   python3-pyxattr-0.7.2-14.el10.x86_64     
#6 28.18 
#6 28.18 Complete!
#6 28.62 Eliware GlusterFS                               4.5 kB/s | 228  B     00:00    
#6 28.64 Eliware GlusterFS                                49 kB/s | 847  B     00:00    
#6 28.64 Importing GPG key 0x79687D60:
#6 28.64  Userid     : "Eliware GlusterFS Release <gluster-release@eliware.org>"
#6 28.64  Fingerprint: 82EC A351 E170 E834 0B53 B476 EDCB 5E07 7968 7D60
#6 28.64  From       : https://glusterfs.eliware.org/keys/RPM-GPG-KEY-ELIWARE-GLUSTER
#6 28.70 Eliware GlusterFS                               159 kB/s |  10 kB     00:00    
#6 29.53 Dependencies resolved.
#6 29.54 ======================================================================================================
#6 29.54  Package                         Arch    Version                             Repository           Size
#6 29.54 ======================================================================================================
#6 29.54 Installing:
#6 29.54  glusterfs                       x86_64  2026.08.21-0.0.git5b9f1aa03caf.el10 eliware-glusterfs   594 k
#6 29.54  glusterfs-cli                   x86_64  2026.08.21-0.0.git5b9f1aa03caf.el10 eliware-glusterfs   185 k
#6 29.54  glusterfs-client-xlators        x86_64  2026.08.21-0.0.git5b9f1aa03caf.el10 eliware-glusterfs   785 k
#6 29.54  glusterfs-fuse                  x86_64  2026.08.21-0.0.git5b9f1aa03caf.el10 eliware-glusterfs   137 k
#6 29.54  glusterfs-gnfs                  x86_64  2026.08.21-0.0.git5b9f1aa03caf.el10 eliware-glusterfs   145 k
#6 29.54  glusterfs-selinux               noarch  2.0.1-1.el10                        eliware-glusterfs    25 k
#6 29.54  glusterfs-server                x86_64  2026.08.21-0.0.git5b9f1aa03caf.el10 eliware-glusterfs   1.2 M
#6 29.54  libgfapi0                       x86_64  2026.08.21-0.0.git5b9f1aa03caf.el10 eliware-glusterfs    95 k
#6 29.54  libgfchangelog0                 x86_64  2026.08.21-0.0.git5b9f1aa03caf.el10 eliware-glusterfs    34 k
#6 29.54  libgfrpc0                       x86_64  2026.08.21-0.0.git5b9f1aa03caf.el10 eliware-glusterfs    53 k
#6 29.54  libgfxdr0                       x86_64  2026.08.21-0.0.git5b9f1aa03caf.el10 eliware-glusterfs    31 k
#6 29.54  libglusterfs0                   x86_64  2026.08.21-0.0.git5b9f1aa03caf.el10 eliware-glusterfs   289 k
#6 29.54  nodejs                          x86_64  1:22.23.1-6.0.1.el10_2              ol10_appstream       59 k
#6 29.54  python3-gluster                 x86_64  2026.08.21-0.0.git5b9f1aa03caf.el10 eliware-glusterfs    17 k
#6 29.54 Installing dependencies:
#6 29.54  c-ares                          x86_64  1.34.6-2.el10_2                     ol10_baseos_latest  130 k
#6 29.54  checkpolicy                     x86_64  3.10-1.el10                         ol10_appstream      410 k
#6 29.54  device-mapper                   x86_64  10:1.02.210-2.el10                  ol10_baseos_latest  399 k
#6 29.54  device-mapper-event             x86_64  10:1.02.210-2.el10                  ol10_baseos_latest  285 k
#6 29.54  device-mapper-event-libs        x86_64  10:1.02.210-2.el10                  ol10_baseos_latest  275 k
#6 29.54  device-mapper-libs              x86_64  10:1.02.210-2.el10                  ol10_baseos_latest  424 k
#6 29.54  device-mapper-persistent-data   x86_64  1.3.0-1.el10                        ol10_baseos_latest  1.2 M
#6 29.54  e2fsprogs-libs                  x86_64  1.47.1-5.el10                       ol10_baseos_latest  250 k
#6 29.54  gssproxy                        x86_64  0.9.2-10.el10                       ol10_baseos_latest  126 k
#6 29.54  kmod                            x86_64  31-13.0.1.el10                      ol10_baseos_latest  161 k
#6 29.54  libaio                          x86_64  0.3.111-22.el10                     ol10_baseos_latest   23 k
#6 29.54  libbasicobjects                 x86_64  0.1.1-58.el10                       ol10_baseos_latest   25 k
#6 29.54  libcollection                   x86_64  0.7.0-58.el10                       ol10_baseos_latest   44 k
#6 29.54  libev                           x86_64  4.33-15.el10                        ol10_baseos_latest   64 k
#6 29.54  libini_config                   x86_64  1.3.1-58.el10                       ol10_baseos_latest   67 k
#6 29.54  libnfsidmap                     x86_64  1:2.8.3-5.0.1.el10_2                ol10_baseos_latest  139 k
#6 29.54  libnl3                          x86_64  3.11.0-1.el10                       ol10_baseos_latest  366 k
#6 29.54  libnvme                         x86_64  1.16.1-3.0.1.el10_2                 ol10_baseos_latest  128 k
#6 29.54  libpath_utils                   x86_64  0.2.1-58.el10                       ol10_baseos_latest   28 k
#6 29.54  libref_array                    x86_64  0.1.5-58.el10                       ol10_baseos_latest   27 k
#6 29.54  libtirpc                        x86_64  1.3.5-1.el10                        ol10_baseos_latest  102 k
#6 29.54  liburing                        x86_64  2.12-1.el10                         ol10_baseos_latest   46 k
#6 29.54  libuv                           x86_64  1:1.52.1-1.el10_2                   ol10_appstream      281 k
#6 29.54  libverto-libev                  x86_64  0.3.2-10.el10                       ol10_baseos_latest   13 k
#6 29.54  lvm2                            x86_64  10:2.03.36-2.el10                   ol10_baseos_latest  1.9 M
#6 29.54  lvm2-libs                       x86_64  10:2.03.36-2.el10                   ol10_baseos_latest  1.3 M
#6 29.54  nfs-utils                       x86_64  1:2.8.3-5.0.1.el10_2                ol10_baseos_latest  615 k
#6 29.54  nodejs-libs                     x86_64  1:22.23.1-6.0.1.el10_2              ol10_appstream       20 M
#6 29.54  openssl                         x86_64  1:3.5.5-6.0.1.el10_2                ol10_baseos_latest  1.4 M
#6 29.54  policycoreutils-python-utils    noarch  3.10-2.el10_2                       ol10_appstream      250 k
#6 29.54  psmisc                          x86_64  23.6-8.el10                         ol10_baseos_latest  403 k
#6 29.54  python3-audit                   x86_64  4.0.3-5.0.1.el10                    ol10_appstream       87 k
#6 29.54  python3-distro                  noarch  1.9.0-5.el10                        ol10_appstream       66 k
#6 29.54  python3-libselinux              x86_64  3.10-1.el10                         ol10_appstream      304 k
#6 29.54  python3-libsemanage             x86_64  3.10-1.el10                         ol10_appstream      140 k
#6 29.54  python3-policycoreutils         noarch  3.10-2.el10_2                       ol10_appstream      2.6 M
#6 29.54  python3-setools                 x86_64  4.6.0-3.el10                        ol10_baseos_latest  913 k
#6 29.54  quota                           x86_64  1:4.09-10.el10                      ol10_baseos_latest  235 k
#6 29.54  quota-nls                       noarch  1:4.09-10.el10                      ol10_baseos_latest  107 k
#6 29.54  rpcbind                         x86_64  1.2.7-3.el10                        ol10_baseos_latest   69 k
#6 29.54  rpm-plugin-selinux              x86_64  4.19.1.1-23.el10                    ol10_baseos_latest   44 k
#6 29.54  selinux-policy                  noarch  42.1.18-4.0.1.el10_2.3              ol10_baseos_latest   32 k
#6 29.54  selinux-policy-targeted         noarch  42.1.18-4.0.1.el10_2.3              ol10_baseos_latest  7.0 M
#6 29.54  userspace-rcu                   x86_64  0.14.0-7.el10                       ol10_baseos_latest  123 k
#6 29.54 Installing weak dependencies:
#6 29.54  nodejs-docs                     noarch  1:22.23.1-6.0.1.el10_2              ol10_appstream      9.9 M
#6 29.54  nodejs-full-i18n                x86_64  1:22.23.1-6.0.1.el10_2              ol10_appstream      8.9 M
#6 29.54  nodejs-npm                      x86_64  1:10.9.8-1.22.23.1.6.0.1.el10_2     ol10_appstream      3.8 M
#6 29.54 
#6 29.54 Transaction Summary
#6 29.54 ======================================================================================================
#6 29.54 Install  61 Packages
#6 29.54 
#6 29.54 Total download size: 68 M
#6 29.54 Installed size: 281 M
#6 29.54 Downloading Packages:
#6 29.59 (1/61): glusterfs-2026.08.21-0.0.git5b9f1aa03ca  14 MB/s | 594 kB     00:00    
#6 29.59 (2/61): glusterfs-client-xlators-2026.08.21-0.0  16 MB/s | 785 kB     00:00    
#6 29.60 (3/61): glusterfs-cli-2026.08.21-0.0.git5b9f1aa 3.2 MB/s | 185 kB     00:00    
#6 29.60 (4/61): glusterfs-fuse-2026.08.21-0.0.git5b9f1a 8.3 MB/s | 137 kB     00:00    
#6 29.61 (5/61): glusterfs-selinux-2.0.1-1.el10.noarch.r 2.5 MB/s |  25 kB     00:00    
#6 29.63 (6/61): glusterfs-server-2026.08.21-0.0.git5b9f  40 MB/s | 1.2 MB     00:00    
#6 29.64 (7/61): glusterfs-gnfs-2026.08.21-0.0.git5b9f1a 3.3 MB/s | 145 kB     00:00    
#6 29.64 (8/61): libgfapi0-2026.08.21-0.0.git5b9f1aa03ca 3.1 MB/s |  95 kB     00:00    
#6 29.64 (9/61): libgfchangelog0-2026.08.21-0.0.git5b9f1 4.6 MB/s |  34 kB     00:00    
#6 29.64 (10/61): libgfrpc0-2026.08.21-0.0.git5b9f1aa03c 8.4 MB/s |  53 kB     00:00    
#6 29.65 (11/61): libgfxdr0-2026.08.21-0.0.git5b9f1aa03c 3.3 MB/s |  31 kB     00:00    
#6 29.66 (12/61): python3-gluster-2026.08.21-0.0.git5b9f 1.4 MB/s |  17 kB     00:00    
#6 29.66 (13/61): libglusterfs0-2026.08.21-0.0.git5b9f1a  18 MB/s | 289 kB     00:00    
#6 30.25 (14/61): c-ares-1.34.6-2.el10_2.x86_64.rpm      217 kB/s | 130 kB     00:00    
#6 30.35 (15/61): device-mapper-event-1.02.210-2.el10.x8 411 kB/s | 285 kB     00:00    
#6 30.40 (16/61): device-mapper-1.02.210-2.el10.x86_64.r 536 kB/s | 399 kB     00:00    
#6 30.53 (17/61): device-mapper-event-libs-1.02.210-2.el 1.0 MB/s | 275 kB     00:00    
#6 30.58 (18/61): device-mapper-libs-1.02.210-2.el10.x86 1.8 MB/s | 424 kB     00:00    
#6 30.68 (19/61): e2fsprogs-libs-1.47.1-5.el10.x86_64.rp 1.6 MB/s | 250 kB     00:00    
#6 30.70 (20/61): gssproxy-0.9.2-10.el10.x86_64.rpm      1.1 MB/s | 126 kB     00:00    
#6 30.72 (21/61): device-mapper-persistent-data-1.3.0-1. 3.9 MB/s | 1.2 MB     00:00    
#6 30.80 (22/61): libaio-0.3.111-22.el10.x86_64.rpm      231 kB/s |  23 kB     00:00    
#6 30.82 (23/61): kmod-31-13.0.1.el10.x86_64.rpm         1.2 MB/s | 161 kB     00:00    
#6 30.82 (24/61): libbasicobjects-0.1.1-58.el10.x86_64.r 246 kB/s |  25 kB     00:00    
#6 30.90 (25/61): libcollection-0.7.0-58.el10.x86_64.rpm 418 kB/s |  44 kB     00:00    
#6 30.93 (26/61): libini_config-1.3.1-58.el10.x86_64.rpm 638 kB/s |  67 kB     00:00    
#6 30.93 (27/61): libev-4.33-15.el10.x86_64.rpm          558 kB/s |  64 kB     00:00    
#6 31.02 (28/61): libnfsidmap-2.8.3-5.0.1.el10_2.x86_64. 1.2 MB/s | 139 kB     00:00    
#6 31.05 (29/61): libnl3-3.11.0-1.el10.x86_64.rpm        3.0 MB/s | 366 kB     00:00    
#6 31.06 (30/61): libnvme-1.16.1-3.0.1.el10_2.x86_64.rpm 986 kB/s | 128 kB     00:00    
#6 31.12 (31/61): libpath_utils-0.2.1-58.el10.x86_64.rpm 276 kB/s |  28 kB     00:00    
#6 31.15 (32/61): libref_array-0.1.5-58.el10.x86_64.rpm  268 kB/s |  27 kB     00:00    
#6 31.18 (33/61): libtirpc-1.3.5-1.el10.x86_64.rpm       831 kB/s | 102 kB     00:00    
#6 31.23 (34/61): liburing-2.12-1.el10.x86_64.rpm        444 kB/s |  46 kB     00:00    
#6 31.25 (35/61): libverto-libev-0.3.2-10.el10.x86_64.rp 125 kB/s |  13 kB     00:00    
#6 31.38 (36/61): nfs-utils-2.8.3-5.0.1.el10_2.x86_64.rp 4.6 MB/s | 615 kB     00:00    
#6 31.48 (37/61): lvm2-libs-2.03.36-2.el10.x86_64.rpm    5.1 MB/s | 1.3 MB     00:00    
#6 31.56 (38/61): openssl-3.5.5-6.0.1.el10_2.x86_64.rpm  8.2 MB/s | 1.4 MB     00:00    
#6 31.57 (39/61): lvm2-2.03.36-2.el10.x86_64.rpm         5.0 MB/s | 1.9 MB     00:00    
#6 31.59 (40/61): psmisc-23.6-8.el10.x86_64.rpm          3.4 MB/s | 403 kB     00:00    
#6 31.68 (41/61): quota-4.09-10.el10.x86_64.rpm          2.1 MB/s | 235 kB     00:00    
#6 31.69 (42/61): python3-setools-4.6.0-3.el10.x86_64.rp 6.4 MB/s | 913 kB     00:00    
#6 31.70 (43/61): quota-nls-4.09-10.el10.noarch.rpm      1.0 MB/s | 107 kB     00:00    
#6 31.78 (44/61): rpcbind-1.2.7-3.el10.x86_64.rpm        672 kB/s |  69 kB     00:00    
#6 31.80 (45/61): rpm-plugin-selinux-4.19.1.1-23.el10.x8 438 kB/s |  44 kB     00:00    
#6 31.80 (46/61): selinux-policy-42.1.18-4.0.1.el10_2.3. 322 kB/s |  32 kB     00:00    
#6 31.90 (47/61): userspace-rcu-0.14.0-7.el10.x86_64.rpm 1.1 MB/s | 123 kB     00:00    
#6 31.92 (48/61): checkpolicy-3.10-1.el10.x86_64.rpm     3.4 MB/s | 410 kB     00:00    
#6 32.02 (49/61): libuv-1.52.1-1.el10_2.x86_64.rpm       2.4 MB/s | 281 kB     00:00    
#6 32.02 (50/61): nodejs-22.23.1-6.0.1.el10_2.x86_64.rpm 577 kB/s |  59 kB     00:00    
#6 32.15 (51/61): selinux-policy-targeted-42.1.18-4.0.1.  19 MB/s | 7.0 MB     00:00    
#6 32.45 (52/61): nodejs-full-i18n-22.23.1-6.0.1.el10_2.  21 MB/s | 8.9 MB     00:00    
#6 32.48 (53/61): nodejs-docs-22.23.1-6.0.1.el10_2.noarc  21 MB/s | 9.9 MB     00:00    
#6 32.59 (54/61): policycoreutils-python-utils-3.10-2.el 2.4 MB/s | 250 kB     00:00    
#6 32.61 (55/61): nodejs-npm-10.9.8-1.22.23.1.6.0.1.el10  25 MB/s | 3.8 MB     00:00    
#6 32.69 (56/61): python3-audit-4.0.3-5.0.1.el10.x86_64. 870 kB/s |  87 kB     00:00    
#6 32.71 (57/61): python3-distro-1.9.0-5.el10.noarch.rpm 637 kB/s |  66 kB     00:00    
#6 32.79 (58/61): python3-libselinux-3.10-1.el10.x86_64. 2.9 MB/s | 304 kB     00:00    
#6 32.82 (59/61): python3-libsemanage-3.10-1.el10.x86_64 1.3 MB/s | 140 kB     00:00    
#6 32.88 (60/61): nodejs-libs-22.23.1-6.0.1.el10_2.x86_6  27 MB/s |  20 MB     00:00    
#6 32.92 (61/61): python3-policycoreutils-3.10-2.el10_2.  20 MB/s | 2.6 MB     00:00    
#6 32.92 --------------------------------------------------------------------------------
#6 32.92 Total                                            20 MB/s |  68 MB     00:03     
#6 33.89 Running transaction check
#6 34.00 Transaction check succeeded.
#6 34.00 Running transaction test
#6 34.87 Transaction test succeeded.
#6 34.87 Running transaction
#6 35.70   Running scriptlet: selinux-policy-targeted-42.1.18-4.0.1.el10_2.3.noarc   1/1 
#6 35.71   Running scriptlet: nodejs-1:22.23.1-6.0.1.el10_2.x86_64                   1/1 
#6 35.81   Preparing        :                                                        1/1 
#6 35.91   Installing       : libtirpc-1.3.5-1.el10.x86_64                          1/61 
#6 35.92   Installing       : userspace-rcu-0.14.0-7.el10.x86_64                    2/61 
#6 35.93   Installing       : libgfxdr0-2026.08.21-0.0.git5b9f1aa03caf.el10.x86_    3/61 
#6 35.93   Running scriptlet: libgfxdr0-2026.08.21-0.0.git5b9f1aa03caf.el10.x86_    3/61 
#6 35.97   Installing       : libglusterfs0-2026.08.21-0.0.git5b9f1aa03caf.el10.    4/61 
#6 35.97   Running scriptlet: libglusterfs0-2026.08.21-0.0.git5b9f1aa03caf.el10.    4/61 
#6 35.99   Installing       : libgfrpc0-2026.08.21-0.0.git5b9f1aa03caf.el10.x86_    5/61 
#6 36.00   Running scriptlet: libgfrpc0-2026.08.21-0.0.git5b9f1aa03caf.el10.x86_    5/61 
#6 36.04   Installing       : glusterfs-client-xlators-2026.08.21-0.0.git5b9f1aa    6/61 
#6 36.05   Running scriptlet: glusterfs-2026.08.21-0.0.git5b9f1aa03caf.el10.x86_    7/61 
#6 36.13   Installing       : glusterfs-2026.08.21-0.0.git5b9f1aa03caf.el10.x86_    7/61 
#6 36.14   Running scriptlet: glusterfs-2026.08.21-0.0.git5b9f1aa03caf.el10.x86_    7/61 
#6 36.16   Installing       : selinux-policy-42.1.18-4.0.1.el10_2.3.noarch          8/61 
#6 36.17   Running scriptlet: selinux-policy-42.1.18-4.0.1.el10_2.3.noarch          8/61 
#6 36.24   Running scriptlet: selinux-policy-targeted-42.1.18-4.0.1.el10_2.3.noa    9/61 
#6 36.55   Installing       : selinux-policy-targeted-42.1.18-4.0.1.el10_2.3.noa    9/61 
#6 36.57   Running scriptlet: selinux-policy-targeted-42.1.18-4.0.1.el10_2.3.noa    9/61 
#6 36.59   Installing       : libaio-0.3.111-22.el10.x86_64                        10/61 
#6 36.60   Installing       : libgfapi0-2026.08.21-0.0.git5b9f1aa03caf.el10.x86_   11/61 
#6 36.60   Running scriptlet: libgfapi0-2026.08.21-0.0.git5b9f1aa03caf.el10.x86_   11/61 
#6 36.62   Running scriptlet: rpcbind-1.2.7-3.el10.x86_64                          12/61 
#6 36.66   Installing       : rpcbind-1.2.7-3.el10.x86_64                          12/61 
#6 36.67   Running scriptlet: rpcbind-1.2.7-3.el10.x86_64                          12/61 
#6 36.69 Created symlink '/etc/systemd/system/multi-user.target.wants/rpcbind.service' → '/usr/lib/systemd/system/rpcbind.service'.
#6 36.69 Created symlink '/etc/systemd/system/sockets.target.wants/rpcbind.socket' → '/usr/lib/systemd/system/rpcbind.socket'.
#6 36.69 
#6 36.75   Installing       : device-mapper-libs-10:1.02.210-2.el10.x86_64         13/61 
#6 36.76   Installing       : device-mapper-10:1.02.210-2.el10.x86_64              14/61 
#6 36.78   Installing       : device-mapper-event-libs-10:1.02.210-2.el10.x86_64   15/61 
#6 36.79   Installing       : python3-libselinux-3.10-1.el10.x86_64                16/61 
#6 37.33   Installing       : nodejs-docs-1:22.23.1-6.0.1.el10_2.noarch            17/61 
#6 37.37   Installing       : libuv-1:1.52.1-1.el10_2.x86_64                       18/61 
#6 37.39   Installing       : libref_array-0.1.5-58.el10.x86_64                    19/61 
#6 37.40   Installing       : libnvme-1.16.1-3.0.1.el10_2.x86_64                   20/61 
#6 37.42   Installing       : kmod-31-13.0.1.el10.x86_64                           21/61 
#6 37.43   Installing       : c-ares-1.34.6-2.el10_2.x86_64                        22/61 
#6 37.90   Installing       : nodejs-libs-1:22.23.1-6.0.1.el10_2.x86_64            23/61 
#6 37.91   Installing       : python3-libsemanage-3.10-1.el10.x86_64               24/61 
#6 37.92   Installing       : device-mapper-event-10:1.02.210-2.el10.x86_64        25/61 
#6 37.93   Running scriptlet: device-mapper-event-10:1.02.210-2.el10.x86_64        25/61 
#6 37.95 Created symlink '/etc/systemd/system/sockets.target.wants/dm-event.socket' → '/usr/lib/systemd/system/dm-event.socket'.
#6 37.95 
#6 37.98   Installing       : lvm2-libs-10:2.03.36-2.el10.x86_64                   26/61 
#6 37.99   Installing       : glusterfs-cli-2026.08.21-0.0.git5b9f1aa03caf.el10.   27/61 
#6 38.00   Installing       : libgfchangelog0-2026.08.21-0.0.git5b9f1aa03caf.el1   28/61 
#6 38.01   Running scriptlet: libgfchangelog0-2026.08.21-0.0.git5b9f1aa03caf.el1   28/61 
#6 38.04   Installing       : python3-distro-1.9.0-5.el10.noarch                   29/61 
#6 38.05   Installing       : python3-audit-4.0.3-5.0.1.el10.x86_64                30/61 
#6 38.07   Installing       : checkpolicy-3.10-1.el10.x86_64                       31/61 
#6 38.07   Installing       : quota-nls-1:4.09-10.el10.noarch                      32/61 
#6 38.12   Installing       : python3-setools-4.6.0-3.el10.x86_64                  33/61 
#6 38.22   Installing       : python3-policycoreutils-3.10-2.el10_2.noarch         34/61 
#6 38.28   Installing       : policycoreutils-python-utils-3.10-2.el10_2.noarch    35/61 
#6 38.29   Running scriptlet: glusterfs-selinux-2.0.1-1.el10.noarch                36/61 
#6 38.31   Installing       : glusterfs-selinux-2.0.1-1.el10.noarch                36/61 
#6 38.32   Running scriptlet: glusterfs-selinux-2.0.1-1.el10.noarch                36/61 
#6 41.78 Failed to resolve typeattributeset statement at /var/lib/selinux/targeted/tmp/modules/200/glusterd/cil:81
#6 41.78 Failed to resolve AST
#6 41.78 semodule:  Failed!
#6 41.78 libsemanage.semanage_direct_install_info: Overriding glusterd module at lower priority 100 with module at priority 200.
#6 41.78 
#6 41.81   Installing       : psmisc-23.6-8.el10.x86_64                            37/61 
#6 41.82   Installing       : glusterfs-fuse-2026.08.21-0.0.git5b9f1aa03caf.el10   38/61 
#6 41.87   Installing       : openssl-1:3.5.5-6.0.1.el10_2.x86_64                  39/61 
#6 42.04   Installing       : nodejs-full-i18n-1:22.23.1-6.0.1.el10_2.x86_64       40/61 
#6 42.39   Installing       : nodejs-npm-1:10.9.8-1.22.23.1.6.0.1.el10_2.x86_64    41/61 
#6 42.42   Installing       : nodejs-1:22.23.1-6.0.1.el10_2.x86_64                 42/61 
#6 42.42   Installing       : liburing-2.12-1.el10.x86_64                          43/61 
#6 42.43   Installing       : libpath_utils-0.2.1-58.el10.x86_64                   44/61 
#6 42.45   Installing       : libnl3-3.11.0-1.el10.x86_64                          45/61 
#6 42.46   Installing       : libnfsidmap-1:2.8.3-5.0.1.el10_2.x86_64              46/61 
#6 42.47   Installing       : libev-4.33-15.el10.x86_64                            47/61 
#6 42.47   Installing       : libverto-libev-0.3.2-10.el10.x86_64                  48/61 
#6 42.47   Installing       : libcollection-0.7.0-58.el10.x86_64                   49/61 
#6 42.48   Installing       : libbasicobjects-0.1.1-58.el10.x86_64                 50/61 
#6 42.48   Installing       : libini_config-1.3.1-58.el10.x86_64                   51/61 
#6 42.48   Running scriptlet: gssproxy-0.9.2-10.el10.x86_64                        52/61 
#6 42.50   Installing       : gssproxy-0.9.2-10.el10.x86_64                        52/61 
#6 42.50   Running scriptlet: gssproxy-0.9.2-10.el10.x86_64                        52/61 
#6 42.53   Installing       : e2fsprogs-libs-1.47.1-5.el10.x86_64                  53/61 
#6 42.55   Installing       : quota-1:4.09-10.el10.x86_64                          54/61 
#6 42.55   Running scriptlet: nfs-utils-1:2.8.3-5.0.1.el10_2.x86_64                55/61 
#6 42.61   Installing       : nfs-utils-1:2.8.3-5.0.1.el10_2.x86_64                55/61 
#6 42.62   Running scriptlet: nfs-utils-1:2.8.3-5.0.1.el10_2.x86_64                55/61 
#6 42.63 Created symlink '/etc/systemd/system/multi-user.target.wants/nfs-client.target' → '/usr/lib/systemd/system/nfs-client.target'.
#6 42.63 Created symlink '/etc/systemd/system/remote-fs.target.wants/nfs-client.target' → '/usr/lib/systemd/system/nfs-client.target'.
#6 42.63 
#6 42.65 System has not been booted with systemd as init system (PID 1). Can't operate.
#6 42.65 Failed to connect to system scope bus via local transport: Host is down
#6 42.65 
#6 42.67 System has not been booted with systemd as init system (PID 1). Can't operate.
#6 42.67 Failed to connect to system scope bus via local transport: Host is down
#6 42.67 
#6 42.69   Installing       : device-mapper-persistent-data-1.3.0-1.el10.x86_64    56/61 
#6 42.73   Installing       : lvm2-10:2.03.36-2.el10.x86_64                        57/61 
#6 42.74   Running scriptlet: lvm2-10:2.03.36-2.el10.x86_64                        57/61 
#6 42.80 Created symlink '/etc/systemd/system/sysinit.target.wants/lvm2-monitor.service' → '/usr/lib/systemd/system/lvm2-monitor.service'.
#6 42.80 Created symlink '/etc/systemd/system/sysinit.target.wants/lvm2-lvmpolld.socket' → '/usr/lib/systemd/system/lvm2-lvmpolld.socket'.
#6 42.80 
#6 42.86   Installing       : glusterfs-server-2026.08.21-0.0.git5b9f1aa03caf.el   58/61 
#6 42.86   Running scriptlet: glusterfs-server-2026.08.21-0.0.git5b9f1aa03caf.el   58/61 
#6 42.96   Installing       : glusterfs-gnfs-2026.08.21-0.0.git5b9f1aa03caf.el10   59/61 
#6 42.98   Installing       : rpm-plugin-selinux-4.19.1.1-23.el10.x86_64           60/61 
#6 42.98   Installing       : python3-gluster-2026.08.21-0.0.git5b9f1aa03caf.el1   61/61 
#6 42.99   Running scriptlet: selinux-policy-targeted-42.1.18-4.0.1.el10_2.3.noa   61/61 
#6 50.02   Running scriptlet: glusterfs-selinux-2.0.1-1.el10.noarch                61/61 
#6 50.07   Running scriptlet: python3-gluster-2026.08.21-0.0.git5b9f1aa03caf.el1   61/61 
#6 50.41 
#6 50.41 Installed:
#6 50.41   c-ares-1.34.6-2.el10_2.x86_64                                                 
#6 50.41   checkpolicy-3.10-1.el10.x86_64                                                
#6 50.41   device-mapper-10:1.02.210-2.el10.x86_64                                       
#6 50.41   device-mapper-event-10:1.02.210-2.el10.x86_64                                 
#6 50.41   device-mapper-event-libs-10:1.02.210-2.el10.x86_64                            
#6 50.41   device-mapper-libs-10:1.02.210-2.el10.x86_64                                  
#6 50.41   device-mapper-persistent-data-1.3.0-1.el10.x86_64                             
#6 50.41   e2fsprogs-libs-1.47.1-5.el10.x86_64                                           
#6 50.41   glusterfs-2026.08.21-0.0.git5b9f1aa03caf.el10.x86_64                          
#6 50.41   glusterfs-cli-2026.08.21-0.0.git5b9f1aa03caf.el10.x86_64                      
#6 50.41   glusterfs-client-xlators-2026.08.21-0.0.git5b9f1aa03caf.el10.x86_64           
#6 50.41   glusterfs-fuse-2026.08.21-0.0.git5b9f1aa03caf.el10.x86_64                     
#6 50.41   glusterfs-gnfs-2026.08.21-0.0.git5b9f1aa03caf.el10.x86_64                     
#6 50.41   glusterfs-selinux-2.0.1-1.el10.noarch                                         
#6 50.41   glusterfs-server-2026.08.21-0.0.git5b9f1aa03caf.el10.x86_64                   
#6 50.41   gssproxy-0.9.2-10.el10.x86_64                                                 
#6 50.41   kmod-31-13.0.1.el10.x86_64                                                    
#6 50.41   libaio-0.3.111-22.el10.x86_64                                                 
#6 50.41   libbasicobjects-0.1.1-58.el10.x86_64                                          
#6 50.41   libcollection-0.7.0-58.el10.x86_64                                            
#6 50.41   libev-4.33-15.el10.x86_64                                                     
#6 50.41   libgfapi0-2026.08.21-0.0.git5b9f1aa03caf.el10.x86_64                          
#6 50.41   libgfchangelog0-2026.08.21-0.0.git5b9f1aa03caf.el10.x86_64                    
#6 50.41   libgfrpc0-2026.08.21-0.0.git5b9f1aa03caf.el10.x86_64                          
#6 50.41   libgfxdr0-2026.08.21-0.0.git5b9f1aa03caf.el10.x86_64                          
#6 50.41   libglusterfs0-2026.08.21-0.0.git5b9f1aa03caf.el10.x86_64                      
#6 50.41   libini_config-1.3.1-58.el10.x86_64                                            
#6 50.41   libnfsidmap-1:2.8.3-5.0.1.el10_2.x86_64                                       
#6 50.41   libnl3-3.11.0-1.el10.x86_64                                                   
#6 50.41   libnvme-1.16.1-3.0.1.el10_2.x86_64                                            
#6 50.41   libpath_utils-0.2.1-58.el10.x86_64                                            
#6 50.41   libref_array-0.1.5-58.el10.x86_64                                             
#6 50.41   libtirpc-1.3.5-1.el10.x86_64                                                  
#6 50.41   liburing-2.12-1.el10.x86_64                                                   
#6 50.41   libuv-1:1.52.1-1.el10_2.x86_64                                                
#6 50.41   libverto-libev-0.3.2-10.el10.x86_64                                           
#6 50.41   lvm2-10:2.03.36-2.el10.x86_64                                                 
#6 50.41   lvm2-libs-10:2.03.36-2.el10.x86_64                                            
#6 50.41   nfs-utils-1:2.8.3-5.0.1.el10_2.x86_64                                         
#6 50.41   nodejs-1:22.23.1-6.0.1.el10_2.x86_64                                          
#6 50.41   nodejs-docs-1:22.23.1-6.0.1.el10_2.noarch                                     
#6 50.41   nodejs-full-i18n-1:22.23.1-6.0.1.el10_2.x86_64                                
#6 50.41   nodejs-libs-1:22.23.1-6.0.1.el10_2.x86_64                                     
#6 50.41   nodejs-npm-1:10.9.8-1.22.23.1.6.0.1.el10_2.x86_64                             
#6 50.41   openssl-1:3.5.5-6.0.1.el10_2.x86_64                                           
#6 50.41   policycoreutils-python-utils-3.10-2.el10_2.noarch                             
#6 50.41   psmisc-23.6-8.el10.x86_64                                                     
#6 50.41   python3-audit-4.0.3-5.0.1.el10.x86_64                                         
#6 50.41   python3-distro-1.9.0-5.el10.noarch                                            
#6 50.41   python3-gluster-2026.08.21-0.0.git5b9f1aa03caf.el10.x86_64                    
#6 50.41   python3-libselinux-3.10-1.el10.x86_64                                         
#6 50.41   python3-libsemanage-3.10-1.el10.x86_64                                        
#6 50.41   python3-policycoreutils-3.10-2.el10_2.noarch                                  
#6 50.41   python3-setools-4.6.0-3.el10.x86_64                                           
#6 50.41   quota-1:4.09-10.el10.x86_64                                                   
#6 50.41   quota-nls-1:4.09-10.el10.noarch                                               
#6 50.41   rpcbind-1.2.7-3.el10.x86_64                                                   
#6 50.41   rpm-plugin-selinux-4.19.1.1-23.el10.x86_64                                    
#6 50.41   selinux-policy-42.1.18-4.0.1.el10_2.3.noarch                                  
#6 50.41   selinux-policy-targeted-42.1.18-4.0.1.el10_2.3.noarch                         
#6 50.41   userspace-rcu-0.14.0-7.el10.x86_64                                            
#6 50.41 
#6 50.41 Complete!
#6 50.88 31 files removed
#6 DONE 51.0s

#7 [3/5] COPY containers/gluster-bootstrap.mjs /usr/local/bin/gluster-bootstrap.mjs
#7 DONE 0.3s

#8 [4/5] RUN chmod 0755 /usr/local/bin/gluster-bootstrap.mjs
#8 DONE 0.3s

#9 [5/5] WORKDIR /app
#9 DONE 0.0s

#10 exporting to image
#10 exporting layers
#10 exporting layers 13.6s done
#10 exporting manifest sha256:690db1bd2e8708c21e613c61923b523b872d561153ade4b19a79ec19b8acbbde done
#10 exporting config sha256:570ac7c66c69779fb382519288031cb8d731fdd2b9b69c538d736ba0ea9486e4 done
#10 exporting attestation manifest sha256:05889983fe749dce261303616ea21fac6f6e3e69ccb46c01222f98f32f18b4bb done
#10 exporting manifest list sha256:33a5c8345f77425f05af9267c07c66ec9baa3d8418691007fa2cca255a977b4b done
#10 naming to ghcr.io/eliware/oracle10-gluster:2026.08.21-5b9f1aa03caf done
#10 unpacking to ghcr.io/eliware/oracle10-gluster:2026.08.21-5b9f1aa03caf
#10 unpacking to ghcr.io/eliware/oracle10-gluster:2026.08.21-5b9f1aa03caf 2.4s done
#10 DONE 16.1s

 [33m1 warning found (use docker --debug to expand):
[0m - SecretsUsedInArgOrEnv: Do not use ARG or ENV instructions for sensitive data (ARG "RPM_GPG_KEY_URL") (line 15)
{
  "run_id": "20260821020015510-429bc30c",
  "generated": "2026-08-21T02:12:20Z",
  "repository_integrity": {
    "status": "not-tested",
    "detail": "verified by the conductor against the package repository"
  },
  "provenance_verification": {
    "status": "not-tested",
    "detail": "generated and verified by the conductor after image publication"
  },
  "checks": {
    "install": {
      "status": "passed"
    },
    "cli_available": {
      "status": "passed"
    },
    "volume_create_mount": {
      "status": "passed"
    },
    "file_lifecycle": {
      "status": "passed"
    },
    "volume_unmount_delete": {
      "status": "passed"
    },
    "service_shutdown": {
      "status": "passed"
    }
  },
  "distributions": [
    {
      "id": "oracle-linux-10",
      "label": "Oracle Linux 10",
      "container_core": {
        "status": "passed",
        "detail": "updated; volume stop: smoke: success; volume delete: smoke: success"
      }
    }
  ],
  "metadata_version": "0.1.0"
}
Validated 11 image labels
Login Succeeded
The push refers to repository [ghcr.io/eliware/oracle10-gluster]
63ab80ff85f8: Waiting
2c8b243f9d7b: Waiting
ef28b1cbb768: Waiting
44136fa355b3: Waiting
44136fa355b3: Already exists
63ab80ff85f8: Layer already exists
2c8b243f9d7b: Waiting
e6f137d77b03: Waiting
2e2d49bb2227: Waiting
ef28b1cbb768: Waiting
2c8b243f9d7b: Waiting
e6f137d77b03: Waiting
2e2d49bb2227: Waiting
e6f137d77b03: Waiting
ef28b1cbb768: Pushed
9a7a9f20d9ce: Waiting
9a7a9f20d9ce: Waiting
e6f137d77b03: Pushed
9a7a9f20d9ce: Waiting
2e2d49bb2227: Pushed
9a7a9f20d9ce: Pushed
2c8b243f9d7b: Pushed
2026.08.21-5b9f1aa03caf: digest: sha256:33a5c8345f77425f05af9267c07c66ec9baa3d8418691007fa2cca255a977b4b size: 856
sha256:33a5c8345f77425f05af9267c07c66ec9baa3d8418691007fa2cca255a977b4b
