#0 building with "default" instance using docker driver

#1 [internal] load build definition from centos10-gluster.Dockerfile
#1 transferring dockerfile: 3.19kB done
#1 WARN: SecretsUsedInArgOrEnv: Do not use ARG or ENV instructions for sensitive data (ARG "RPM_GPG_KEY_URL") (line 15)
#1 DONE 0.0s

#2 [internal] load metadata for quay.io/centos/centos:stream10@sha256:b7f85bb8be4c471bc62842156a51bbf224b15243943733bd54e86ba5fd79b1fc
#2 DONE 0.0s

#3 [internal] load .dockerignore
#3 transferring context: 2B done
#3 DONE 0.0s

#4 [1/5] FROM quay.io/centos/centos:stream10@sha256:b7f85bb8be4c471bc62842156a51bbf224b15243943733bd54e86ba5fd79b1fc
#4 resolve quay.io/centos/centos:stream10@sha256:b7f85bb8be4c471bc62842156a51bbf224b15243943733bd54e86ba5fd79b1fc 0.0s done
#4 CACHED

#5 [internal] load build context
#5 transferring context: 2.88kB done
#5 DONE 0.0s

#6 [2/5] RUN test -n "https://glusterfs.eliware.org/el10/x86_64/stable/"     && test -n "001e6475818c779587723f1dca5c5019eea728b8d431b11185991c533222832e"     && dnf -y install dnf-plugins-core     && dnf -y install epel-release     && dnf config-manager --set-enabled crb     && curl --fail --silent --show-error --location --retry 6 --retry-all-errors --retry-delay 2 --connect-timeout 15 --max-time 60 "https://glusterfs.eliware.org/keys/RPM-GPG-KEY-ELIWARE-GLUSTER" --output /tmp/eliware-gluster-key     && rpm --import /tmp/eliware-gluster-key     && printf '[eliware-glusterfs]\nname=Eliware GlusterFS\nbaseurl=%s\nenabled=1\ngpgcheck=1\nrepo_gpgcheck=1\ngpgkey=%s\n' "https://glusterfs.eliware.org/el10/x86_64/stable/" "https://glusterfs.eliware.org/keys/RPM-GPG-KEY-ELIWARE-GLUSTER" > /etc/yum.repos.d/eliware-glusterfs.repo     && curl --fail --silent --show-error --location --retry 6 --retry-all-errors --retry-delay 2 --connect-timeout 15 --max-time 60 "https://glusterfs.eliware.org/el10/x86_64/stable/repodata/repomd.xml" --output /tmp/repomd.xml     && printf '%s  /tmp/repomd.xml\n' "001e6475818c779587723f1dca5c5019eea728b8d431b11185991c533222832e" | sha256sum --check --status     && dnf -y --enablerepo=eliware-glusterfs install          glusterfs glusterfs-server glusterfs-selinux glusterfs-cli          glusterfs-client-xlators glusterfs-fuse glusterfs-gnfs          libgfapi0 libgfchangelog0 libgfrpc0 libgfxdr0 libglusterfs0          python3-gluster nodejs     && dnf clean all     && rm -f /tmp/eliware-gluster-key /tmp/repomd.xml     && rm -rf /var/cache/dnf
#6 2.044 CentOS Stream 10 - BaseOS                       4.3 MB/s | 7.0 MB     00:01    
#6 4.001 CentOS Stream 10 - AppStream                    2.9 MB/s | 3.7 MB     00:01    
#6 4.985 CentOS Stream 10 - Extras packages               32 kB/s |  11 kB     00:00    
#6 5.547 Dependencies resolved.
#6 5.547 ================================================================================
#6 5.547  Package                 Architecture  Version              Repository     Size
#6 5.547 ================================================================================
#6 5.547 Installing:
#6 5.547  dnf-plugins-core        noarch        4.7.0-11.el10        baseos         40 k
#6 5.547 
#6 5.547 Transaction Summary
#6 5.547 ================================================================================
#6 5.547 Install  1 Package
#6 5.547 
#6 5.547 Total download size: 40 k
#6 5.547 Installed size: 22 k
#6 5.548 Downloading Packages:
#6 5.865 dnf-plugins-core-4.7.0-11.el10.noarch.rpm       353 kB/s |  40 kB     00:00    
#6 5.866 --------------------------------------------------------------------------------
#6 5.866 Total                                           126 kB/s |  40 kB     00:00     
#6 5.894 CentOS Stream 10 - BaseOS                       1.6 MB/s | 1.6 kB     00:00    
#6 5.896 Importing GPG key 0x8483C65D:
#6 5.896  Userid     : "CentOS (CentOS Official Signing Key) <security@centos.org>"
#6 5.896  Fingerprint: 99DB 70FA E1D7 CE22 7FB6 4882 05B5 55B3 8483 C65D
#6 5.896  From       : /etc/pki/rpm-gpg/RPM-GPG-KEY-centosofficial-SHA256
#6 5.967 Key imported successfully
#6 5.974 Running transaction check
#6 5.978 Transaction check succeeded.
#6 5.979 Running transaction test
#6 5.983 Transaction test succeeded.
#6 5.983 Running transaction
#6 5.987   Preparing        :                                                        1/1 
#6 6.000   Installing       : dnf-plugins-core-4.7.0-11.el10.noarch                  1/1 
#6 6.072 
#6 6.072 Installed:
#6 6.072   dnf-plugins-core-4.7.0-11.el10.noarch                                         
#6 6.072 
#6 6.072 Complete!
#6 6.359 Last metadata expiration check: 0:00:01 ago on Tue Aug 18 05:58:42 2026.
#6 6.405 Dependencies resolved.
#6 6.405 ================================================================================
#6 6.405  Package             Architecture  Version           Repository            Size
#6 6.405 ================================================================================
#6 6.405 Installing:
#6 6.405  epel-release        noarch        10-5.el10s        extras-common         18 k
#6 6.405 
#6 6.405 Transaction Summary
#6 6.405 ================================================================================
#6 6.405 Install  1 Package
#6 6.405 
#6 6.405 Total download size: 18 k
#6 6.405 Installed size: 25 k
#6 6.405 Downloading Packages:
#6 7.456 epel-release-10-5.el10s.noarch.rpm               22 kB/s |  18 kB     00:00    
#6 7.457 --------------------------------------------------------------------------------
#6 7.457 Total                                            17 kB/s |  18 kB     00:01     
#6 7.465 CentOS Stream 10 - Extras packages              2.1 MB/s | 2.1 kB     00:00    
#6 7.466 Importing GPG key 0x1D997668:
#6 7.466  Userid     : "CentOS Extras SIG (https://wiki.centos.org/SpecialInterestGroup) <security@centos.org>"
#6 7.466  Fingerprint: 363F C097 2F64 B699 AED3 968E 1FF6 A217 1D99 7668
#6 7.466  From       : /etc/pki/rpm-gpg/RPM-GPG-KEY-CentOS-SIG-Extras-SHA512
#6 7.467 warning: Certificate 1FF6A2171D997668:
#6 7.467   Policy rejects subkey 8B5C8111FCA5D0FF: Policy rejected non-revocation signature (PrimaryKeyBinding) requiring second pre-image resistance, because SHA1 is not considered secure
#6 7.469 Key imported successfully
#6 7.476 Running transaction check
#6 7.478 Transaction check succeeded.
#6 7.478 Running transaction test
#6 7.481 Transaction test succeeded.
#6 7.481 Running transaction
#6 7.486   Preparing        :                                                        1/1 
#6 7.500   Installing       : epel-release-10-5.el10s.noarch                         1/1 
#6 7.501   Running scriptlet: epel-release-10-5.el10s.noarch                         1/1 
#6 7.508 Many EPEL packages require the CodeReady Builder (CRB) repository.
#6 7.508 It is recommended that you run /usr/bin/crb enable to enable the CRB repository.
#6 7.508 
#6 7.597 
#6 7.597 Installed:
#6 7.597   epel-release-10-5.el10s.noarch                                                
#6 7.597 
#6 7.597 Complete!
#6 8.276 CentOS Stream 10 - BaseOS                        29 kB/s | 6.1 kB     00:00    
#6 8.507 CentOS Stream 10 - AppStream                     31 kB/s | 6.2 kB     00:00    
#6 9.641 CentOS Stream 10 - CRB                          780 kB/s | 846 kB     00:01    
#6 9.847 Eliware GlusterFS                               5.0 kB/s | 228  B     00:00    
#6 9.865 Eliware GlusterFS                                46 kB/s | 847  B     00:00    
#6 9.866 Importing GPG key 0x79687D60:
#6 9.866  Userid     : "Eliware GlusterFS Release <gluster-release@eliware.org>"
#6 9.866  Fingerprint: 82EC A351 E170 E834 0B53 B476 EDCB 5E07 7968 7D60
#6 9.866  From       : https://glusterfs.eliware.org/keys/RPM-GPG-KEY-ELIWARE-GLUSTER
#6 9.930 Eliware GlusterFS                               157 kB/s |  10 kB     00:00    
#6 10.30 Extra Packages for Enterprise Linux 10 - x86_64  21 MB/s | 7.1 MB     00:00    
#6 12.96 Dependencies resolved.
#6 12.97 ===========================================================================================
#6 12.97  Package                         Arch    Version                   Repository          Size
#6 12.97 ===========================================================================================
#6 12.97 Installing:
#6 12.97  glusterfs                       x86_64  11.2-0.0.el10             eliware-glusterfs  592 k
#6 12.97  glusterfs-cli                   x86_64  11.2-0.0.el10             eliware-glusterfs  185 k
#6 12.97  glusterfs-client-xlators        x86_64  11.2-0.0.el10             eliware-glusterfs  784 k
#6 12.97  glusterfs-fuse                  x86_64  11.2-0.0.el10             eliware-glusterfs  135 k
#6 12.97  glusterfs-gnfs                  x86_64  11.2-0.0.el10             eliware-glusterfs  145 k
#6 12.97  glusterfs-selinux               noarch  2.0.1-1.el10              eliware-glusterfs   25 k
#6 12.97  glusterfs-server                x86_64  11.2-0.0.el10             eliware-glusterfs  1.2 M
#6 12.97  libgfapi0                       x86_64  11.2-0.0.el10             eliware-glusterfs   95 k
#6 12.97  libgfchangelog0                 x86_64  11.2-0.0.el10             eliware-glusterfs   34 k
#6 12.97  libgfrpc0                       x86_64  11.2-0.0.el10             eliware-glusterfs   53 k
#6 12.97  libgfxdr0                       x86_64  11.2-0.0.el10             eliware-glusterfs   31 k
#6 12.97  libglusterfs0                   x86_64  11.2-0.0.el10             eliware-glusterfs  289 k
#6 12.97  nodejs                          x86_64  1:22.23.1-4.el10          appstream           52 k
#6 12.97  python3-gluster                 x86_64  11.2-0.0.el10             eliware-glusterfs   17 k
#6 12.97 Installing dependencies:
#6 12.97  authselect                      x86_64  1.5.3-1.el10              baseos             230 k
#6 12.97  authselect-libs                 x86_64  1.5.3-1.el10              baseos             268 k
#6 12.97  c-ares                          x86_64  1.34.6-4.el10             baseos             117 k
#6 12.97  checkpolicy                     x86_64  3.11-1.el10               appstream          371 k
#6 12.97  cyrus-sasl-lib                  x86_64  2.1.28-27.el10            baseos             106 k
#6 12.97  device-mapper-event             x86_64  10:1.02.215-3.el10        baseos              37 k
#6 12.97  device-mapper-event-libs        x86_64  10:1.02.215-3.el10        baseos              31 k
#6 12.97  device-mapper-persistent-data   x86_64  1.3.2-1.el10              baseos             1.2 M
#6 12.97  e2fsprogs-libs                  x86_64  1.47.1-5.el10             baseos             225 k
#6 12.97  gdbm                            x86_64  1:1.23-14.el10            baseos             151 k
#6 12.97  gperftools-libs                 x86_64  2.15-4.el10_0             epel               303 k
#6 12.97  gssproxy                        x86_64  0.9.2-10.el10             baseos             114 k
#6 12.97  kmod                            x86_64  31-13.el10                baseos             136 k
#6 12.97  libaio                          x86_64  0.3.112-1.el10            baseos              23 k
#6 12.97  libbasicobjects                 x86_64  0.1.1-58.el10             baseos              27 k
#6 12.97  libbrotli                       x86_64  1.1.0-8.el10              baseos             344 k
#6 12.97  libcollection                   x86_64  0.7.0-58.el10             baseos              45 k
#6 12.97  libev                           x86_64  4.33-15.el10              baseos              52 k
#6 12.97  libevent                        x86_64  2.1.12-16.el10            baseos             261 k
#6 12.97  libini_config                   x86_64  1.3.1-58.el10             baseos              68 k
#6 12.97  libnfsidmap                     x86_64  1:2.8.3-9.el10            baseos              63 k
#6 12.97  libnl3                          x86_64  3.11.0-1.el10             baseos             361 k
#6 12.97  libnvme                         x86_64  1.16.2-1.el10             baseos             120 k
#6 12.97  libpath_utils                   x86_64  0.2.1-58.el10             baseos              30 k
#6 12.97  libref_array                    x86_64  0.1.5-58.el10             baseos              28 k
#6 12.97  libselinux-utils                x86_64  3.11-1.el10               baseos             127 k
#6 12.97  libtirpc                        x86_64  1.3.5-1.el10              baseos              95 k
#6 12.97  libunwind                       x86_64  1.8.0-4.el10_0            epel                73 k
#6 12.97  liburing                        x86_64  2.12-1.el10               baseos              43 k
#6 12.97  libutempter                     x86_64  1.2.1-15.el10             baseos              27 k
#6 12.97  libuv                           x86_64  1:1.52.1-1.el10           appstream          265 k
#6 12.97  libverto-libev                  x86_64  0.3.2-10.el10             baseos              14 k
#6 12.97  lvm2                            x86_64  10:2.03.41-3.el10         baseos             1.5 M
#6 12.97  lvm2-libs                       x86_64  10:2.03.41-3.el10         baseos             954 k
#6 12.97  nfs-utils                       x86_64  1:2.8.3-9.el10            baseos             489 k
#6 12.97  nodejs-libs                     x86_64  1:22.23.1-4.el10          appstream           20 M
#6 12.97  openldap                        x86_64  2.6.13-1.el10             baseos             240 k
#6 12.97  openssl                         x86_64  1:3.5.7-2.el10            baseos             1.3 M
#6 12.97  pam                             x86_64  1.6.1-11.el10             baseos             585 k
#6 12.97  policycoreutils                 x86_64  3.11-1.el10               baseos             270 k
#6 12.97  policycoreutils-python-utils    noarch  3.11-1.el10               appstream           46 k
#6 12.97  psmisc                          x86_64  23.6-8.el10               baseos             319 k
#6 12.97  python3-audit                   x86_64  4.0.3-5.el10              baseos              69 k
#6 12.97  python3-distro                  noarch  1.9.0-5.el10              baseos              48 k
#6 12.97  python3-libselinux              x86_64  3.11-1.el10               appstream          202 k
#6 12.97  python3-libsemanage             x86_64  3.11-1.el10               appstream           80 k
#6 12.97  python3-policycoreutils         noarch  3.11-1.el10               appstream          2.2 M
#6 12.97  python3-pyxattr                 x86_64  0.7.2-14.el10             crb                 35 k
#6 12.97  python3-setools                 x86_64  4.7.0-1.el10              baseos             808 k
#6 12.97  quota                           x86_64  1:4.09-10.el10            baseos             198 k
#6 12.97  quota-nls                       noarch  1:4.09-10.el10            baseos              76 k
#6 12.97  rpcbind                         x86_64  1.2.9-0.el10              baseos              58 k
#6 12.97  rpm-plugin-selinux              x86_64  4.19.1.1-25.el10          baseos              17 k
#6 12.97  selinux-policy                  noarch  42.1.26-1.el10            baseos              61 k
#6 12.97  selinux-policy-targeted         noarch  42.1.26-1.el10            baseos             6.3 M
#6 12.97  userspace-rcu                   x86_64  0.14.0-7.el10             baseos             115 k
#6 12.97  util-linux                      x86_64  2.40.2-20.el10            baseos             1.3 M
#6 12.97 Installing weak dependencies:
#6 12.97  nodejs-docs                     noarch  1:22.23.1-4.el10          appstream          9.3 M
#6 12.97  nodejs-full-i18n                x86_64  1:22.23.1-4.el10          appstream          8.9 M
#6 12.97  nodejs-npm                      x86_64  1:10.9.8-1.22.23.1.4.el10 appstream          2.5 M
#6 12.97  selinux-policy-targeted-extra   noarch  42.1.26-1.el10            crb                775 k
#6 12.97 
#6 12.97 Transaction Summary
#6 12.97 ===========================================================================================
#6 12.97 Install  75 Packages
#6 12.97 
#6 12.97 Total download size: 67 M
#6 12.97 Installed size: 293 M
#6 12.97 Downloading Packages:
#6 14.21 (1/75): authselect-libs-1.5.3-1.el10.x86_64.rpm 520 kB/s | 268 kB     00:00    
#6 14.22 (2/75): c-ares-1.34.6-4.el10.x86_64.rpm         223 kB/s | 117 kB     00:00    
#6 14.29 (3/75): authselect-1.5.3-1.el10.x86_64.rpm      389 kB/s | 230 kB     00:00    
#6 14.30 (4/75): cyrus-sasl-lib-2.1.28-27.el10.x86_64.rp 1.2 MB/s | 106 kB     00:00    
#6 14.30 (5/75): device-mapper-event-1.02.215-3.el10.x86 483 kB/s |  37 kB     00:00    
#6 14.37 (6/75): device-mapper-event-libs-1.02.215-3.el1 406 kB/s |  31 kB     00:00    
#6 14.45 (7/75): gdbm-1.23-14.el10.x86_64.rpm            1.8 MB/s | 151 kB     00:00    
#6 14.47 (8/75): e2fsprogs-libs-1.47.1-5.el10.x86_64.rpm 1.3 MB/s | 225 kB     00:00    
#6 14.53 (9/75): device-mapper-persistent-data-1.3.2-1.e 5.0 MB/s | 1.2 MB     00:00    
#6 14.53 (10/75): gssproxy-0.9.2-10.el10.x86_64.rpm      1.3 MB/s | 114 kB     00:00    
#6 14.55 (11/75): kmod-31-13.el10.x86_64.rpm             1.7 MB/s | 136 kB     00:00    
#6 14.61 (12/75): libaio-0.3.112-1.el10.x86_64.rpm       296 kB/s |  23 kB     00:00    
#6 14.62 (13/75): libbasicobjects-0.1.1-58.el10.x86_64.r 306 kB/s |  27 kB     00:00    
#6 14.70 (14/75): libcollection-0.7.0-58.el10.x86_64.rpm 534 kB/s |  45 kB     00:00    
#6 14.70 (15/75): libev-4.33-15.el10.x86_64.rpm          646 kB/s |  52 kB     00:00    
#6 14.71 (16/75): libbrotli-1.1.0-8.el10.x86_64.rpm      2.0 MB/s | 344 kB     00:00    
#6 14.80 (17/75): libevent-2.1.12-16.el10.x86_64.rpm     2.5 MB/s | 261 kB     00:00    
#6 14.82 (18/75): libini_config-1.3.1-58.el10.x86_64.rpm 607 kB/s |  68 kB     00:00    
#6 14.82 (19/75): libnfsidmap-2.8.3-9.el10.x86_64.rpm    579 kB/s |  63 kB     00:00    
#6 14.90 (20/75): libnl3-3.11.0-1.el10.x86_64.rpm        3.6 MB/s | 361 kB     00:00    
#6 14.90 (21/75): libnvme-1.16.2-1.el10.x86_64.rpm       1.4 MB/s | 120 kB     00:00    
#6 14.90 (22/75): libpath_utils-0.2.1-58.el10.x86_64.rpm 373 kB/s |  30 kB     00:00    
#6 14.98 (23/75): libref_array-0.1.5-58.el10.x86_64.rpm  351 kB/s |  28 kB     00:00    
#6 14.98 (24/75): libselinux-utils-3.11-1.el10.x86_64.rp 1.5 MB/s | 127 kB     00:00    
#6 14.98 (25/75): libtirpc-1.3.5-1.el10.x86_64.rpm       1.2 MB/s |  95 kB     00:00    
#6 15.05 (26/75): liburing-2.12-1.el10.x86_64.rpm        557 kB/s |  43 kB     00:00    
#6 15.06 (27/75): libutempter-1.2.1-15.el10.x86_64.rpm   355 kB/s |  27 kB     00:00    
#6 15.06 (28/75): libverto-libev-0.3.2-10.el10.x86_64.rp 177 kB/s |  14 kB     00:00    
#6 15.16 (29/75): nfs-utils-2.8.3-9.el10.x86_64.rpm      4.7 MB/s | 489 kB     00:00    
#6 15.22 (30/75): lvm2-2.03.41-3.el10.x86_64.rpm         9.3 MB/s | 1.5 MB     00:00    
#6 15.25 (31/75): openldap-2.6.13-1.el10.x86_64.rpm      2.6 MB/s | 240 kB     00:00    
#6 15.29 (32/75): lvm2-libs-2.03.41-3.el10.x86_64.rpm    3.9 MB/s | 954 kB     00:00    
#6 15.32 (33/75): openssl-3.5.7-2.el10.x86_64.rpm         12 MB/s | 1.3 MB     00:00    
#6 15.34 (34/75): pam-1.6.1-11.el10.x86_64.rpm           6.7 MB/s | 585 kB     00:00    
#6 15.38 (35/75): policycoreutils-3.11-1.el10.x86_64.rpm 3.1 MB/s | 270 kB     00:00    
#6 15.42 (36/75): psmisc-23.6-8.el10.x86_64.rpm          3.3 MB/s | 319 kB     00:00    
#6 15.42 (37/75): python3-audit-4.0.3-5.el10.x86_64.rpm  893 kB/s |  69 kB     00:00    
#6 15.46 (38/75): python3-distro-1.9.0-5.el10.noarch.rpm 609 kB/s |  48 kB     00:00    
#6 15.84 (39/75): python3-setools-4.7.0-1.el10.x86_64.rp 1.9 MB/s | 808 kB     00:00    
#6 16.45 (40/75): quota-nls-4.09-10.el10.noarch.rpm       77 kB/s |  76 kB     00:00    
#6 16.50 (41/75): quota-4.09-10.el10.x86_64.rpm          183 kB/s | 198 kB     00:01    
#6 16.56 (42/75): rpcbind-1.2.9-0.el10.x86_64.rpm         81 kB/s |  58 kB     00:00    
#6 16.56 (43/75): rpm-plugin-selinux-4.19.1.1-25.el10.x8 155 kB/s |  17 kB     00:00    
#6 16.57 (44/75): selinux-policy-42.1.26-1.el10.noarch.r 781 kB/s |  61 kB     00:00    
#6 16.83 (45/75): userspace-rcu-0.14.0-7.el10.x86_64.rpm 422 kB/s | 115 kB     00:00    
#6 17.01 (46/75): util-linux-2.40.2-20.el10.x86_64.rpm   2.9 MB/s | 1.3 MB     00:00    
#6 17.12 (47/75): selinux-policy-targeted-42.1.26-1.el10  11 MB/s | 6.3 MB     00:00    
#6 17.20 (48/75): checkpolicy-3.11-1.el10.x86_64.rpm     1.0 MB/s | 371 kB     00:00    
#6 17.31 (49/75): libuv-1.52.1-1.el10.x86_64.rpm         892 kB/s | 265 kB     00:00    
#6 17.33 (50/75): nodejs-22.23.1-4.el10.x86_64.rpm       242 kB/s |  52 kB     00:00    
#6 17.83 (51/75): nodejs-docs-22.23.1-4.el10.noarch.rpm   15 MB/s | 9.3 MB     00:00    
#6 17.95 (52/75): nodejs-npm-10.9.8-1.22.23.1.4.el10.x86  20 MB/s | 2.5 MB     00:00    
#6 18.03 (53/75): policycoreutils-python-utils-3.11-1.el 567 kB/s |  46 kB     00:00    
#6 18.10 (54/75): nodejs-full-i18n-22.23.1-4.el10.x86_64  11 MB/s | 8.9 MB     00:00    
#6 18.12 (55/75): python3-libselinux-3.11-1.el10.x86_64. 2.3 MB/s | 202 kB     00:00    
#6 18.18 (56/75): python3-libsemanage-3.11-1.el10.x86_64 986 kB/s |  80 kB     00:00    
#6 18.24 (57/75): python3-policycoreutils-3.11-1.el10.no  19 MB/s | 2.2 MB     00:00    
#6 18.26 (58/75): python3-pyxattr-0.7.2-14.el10.x86_64.r 422 kB/s |  35 kB     00:00    
#6 18.29 (59/75): glusterfs-11.2-0.0.el10.x86_64.rpm      20 MB/s | 592 kB     00:00    
#6 18.31 (60/75): glusterfs-cli-11.2-0.0.el10.x86_64.rpm  14 MB/s | 185 kB     00:00    
#6 18.33 (61/75): glusterfs-client-xlators-11.2-0.0.el10  28 MB/s | 784 kB     00:00    
#6 18.34 (62/75): selinux-policy-targeted-extra-42.1.26- 7.5 MB/s | 775 kB     00:00    
#6 18.34 (63/75): glusterfs-fuse-11.2-0.0.el10.x86_64.rp  17 MB/s | 135 kB     00:00    
#6 18.35 (64/75): glusterfs-selinux-2.0.1-1.el10.noarch. 4.0 MB/s |  25 kB     00:00    
#6 18.35 (65/75): glusterfs-gnfs-11.2-0.0.el10.x86_64.rp 9.3 MB/s | 145 kB     00:00    
#6 18.37 (66/75): libgfapi0-11.2-0.0.el10.x86_64.rpm     8.1 MB/s |  95 kB     00:00    
#6 18.37 (67/75): glusterfs-server-11.2-0.0.el10.x86_64.  53 MB/s | 1.2 MB     00:00    
#6 18.38 (68/75): libgfchangelog0-11.2-0.0.el10.x86_64.r 3.4 MB/s |  34 kB     00:00    
#6 18.38 (69/75): libgfrpc0-11.2-0.0.el10.x86_64.rpm     6.5 MB/s |  53 kB     00:00    
#6 18.38 (70/75): libgfxdr0-11.2-0.0.el10.x86_64.rpm     4.1 MB/s |  31 kB     00:00    
#6 18.39 (71/75): python3-gluster-11.2-0.0.el10.x86_64.r 2.6 MB/s |  17 kB     00:00    
#6 18.39 (72/75): libglusterfs0-11.2-0.0.el10.x86_64.rpm  26 MB/s | 289 kB     00:00    
#6 18.94 (73/75): nodejs-libs-22.23.1-4.el10.x86_64.rpm   12 MB/s |  20 MB     00:01    
#6 19.00 (74/75): libunwind-1.8.0-4.el10_0.x86_64.rpm    119 kB/s |  73 kB     00:00    
#6 19.16 (75/75): gperftools-libs-2.15-4.el10_0.x86_64.r 396 kB/s | 303 kB     00:00    
#6 19.16 --------------------------------------------------------------------------------
#6 19.16 Total                                            11 MB/s |  67 MB     00:06     
#6 20.07 Extra Packages for Enterprise Linux 10 - x86_64 1.6 MB/s | 1.6 kB     00:00    
#6 20.07 Importing GPG key 0xE37ED158:
#6 20.07  Userid     : "Fedora (epel10) <epel@fedoraproject.org>"
#6 20.07  Fingerprint: 7D8D 15CB FC4E 6268 8591 FB26 33D9 8517 E37E D158
#6 20.07  From       : /etc/pki/rpm-gpg/RPM-GPG-KEY-EPEL-10
#6 20.08 Key imported successfully
#6 20.10 Running transaction check
#6 20.17 Transaction check succeeded.
#6 20.17 Running transaction test
#6 20.87 Transaction test succeeded.
#6 20.87 Running transaction
#6 21.53   Running scriptlet: selinux-policy-targeted-42.1.26-1.el10.noarch          1/1 
#6 21.53   Running scriptlet: nodejs-1:22.23.1-4.el10.x86_64                         1/1 
#6 21.58   Preparing        :                                                        1/1 
#6 21.62   Installing       : libtirpc-1.3.5-1.el10.x86_64                          1/75 
#6 21.63   Installing       : userspace-rcu-0.14.0-7.el10.x86_64                    2/75 
#6 21.63   Installing       : libaio-0.3.112-1.el10.x86_64                          3/75 
#6 21.64   Installing       : device-mapper-event-libs-10:1.02.215-3.el10.x86_64    4/75 
#6 21.64   Running scriptlet: rpcbind-1.2.9-0.el10.x86_64                           5/75 
#6 21.66   Installing       : rpcbind-1.2.9-0.el10.x86_64                           5/75 
#6 21.66   Running scriptlet: rpcbind-1.2.9-0.el10.x86_64                           5/75 
#6 21.71   Installing       : python3-libselinux-3.11-1.el10.x86_64                 6/75 
#6 22.08   Installing       : nodejs-docs-1:22.23.1-4.el10.noarch                   7/75 
#6 22.11   Installing       : libuv-1:1.52.1-1.el10.x86_64                          8/75 
#6 22.12   Installing       : libselinux-utils-3.11-1.el10.x86_64                   9/75 
#6 22.13   Installing       : libref_array-0.1.5-58.el10.x86_64                    10/75 
#6 22.13   Installing       : libnvme-1.16.2-1.el10.x86_64                         11/75 
#6 22.14   Installing       : libevent-2.1.12-16.el10.x86_64                       12/75 
#6 22.14   Installing       : kmod-31-13.el10.x86_64                               13/75 
#6 22.15   Installing       : authselect-libs-1.5.3-1.el10.x86_64                  14/75 
#6 22.16   Installing       : python3-libsemanage-3.11-1.el10.x86_64               15/75 
#6 22.16   Installing       : device-mapper-event-10:1.02.215-3.el10.x86_64        16/75 
#6 22.16   Running scriptlet: device-mapper-event-10:1.02.215-3.el10.x86_64        16/75 
#6 22.18 Created symlink '/etc/systemd/system/sockets.target.wants/dm-event.socket' → '/usr/lib/systemd/system/dm-event.socket'.
#6 22.18 
#6 22.20   Installing       : lvm2-libs-10:2.03.41-3.el10.x86_64                   17/75 
#6 22.20   Installing       : libunwind-1.8.0-4.el10_0.x86_64                      18/75 
#6 22.21   Installing       : gperftools-libs-2.15-4.el10_0.x86_64                 19/75 
#6 22.21   Installing       : libgfrpc0-11.2-0.0.el10.x86_64                       20/75 
#6 22.22   Running scriptlet: libgfrpc0-11.2-0.0.el10.x86_64                       20/75 
#6 22.23   Installing       : libgfxdr0-11.2-0.0.el10.x86_64                       21/75 
#6 22.23   Running scriptlet: libgfxdr0-11.2-0.0.el10.x86_64                       21/75 
#6 22.25   Installing       : libglusterfs0-11.2-0.0.el10.x86_64                   22/75 
#6 22.25   Running scriptlet: libglusterfs0-11.2-0.0.el10.x86_64                   22/75 
#6 22.28   Installing       : glusterfs-client-xlators-11.2-0.0.el10.x86_64        23/75 
#6 22.28   Running scriptlet: glusterfs-11.2-0.0.el10.x86_64                       24/75 
#6 22.32   Installing       : glusterfs-11.2-0.0.el10.x86_64                       24/75 
#6 22.32   Running scriptlet: glusterfs-11.2-0.0.el10.x86_64                       24/75 
#6 22.34   Installing       : libgfapi0-11.2-0.0.el10.x86_64                       25/75 
#6 22.34   Running scriptlet: libgfapi0-11.2-0.0.el10.x86_64                       25/75 
#6 22.36   Installing       : glusterfs-cli-11.2-0.0.el10.x86_64                   26/75 
#6 22.36   Installing       : libgfchangelog0-11.2-0.0.el10.x86_64                 27/75 
#6 22.36   Running scriptlet: libgfchangelog0-11.2-0.0.el10.x86_64                 27/75 
#6 22.37   Installing       : python3-pyxattr-0.7.2-14.el10.x86_64                 28/75 
#6 22.38   Installing       : checkpolicy-3.11-1.el10.x86_64                       29/75 
#6 22.39   Installing       : quota-nls-1:4.09-10.el10.noarch                      30/75 
#6 22.42   Installing       : python3-setools-4.7.0-1.el10.x86_64                  31/75 
#6 22.43   Installing       : python3-distro-1.9.0-5.el10.noarch                   32/75 
#6 22.44   Installing       : python3-audit-4.0.3-5.el10.x86_64                    33/75 
#6 22.45   Installing       : psmisc-23.6-8.el10.x86_64                            34/75 
#6 22.46   Installing       : glusterfs-fuse-11.2-0.0.el10.x86_64                  35/75 
#6 22.50   Installing       : openssl-1:3.5.7-2.el10.x86_64                        36/75 
#6 22.50   Running scriptlet: libutempter-1.2.1-15.el10.x86_64                     37/75 
#6 22.52   Installing       : libutempter-1.2.1-15.el10.x86_64                     37/75 
#6 22.52   Installing       : liburing-2.12-1.el10.x86_64                          38/75 
#6 22.52   Installing       : libpath_utils-0.2.1-58.el10.x86_64                   39/75 
#6 22.53   Installing       : libnl3-3.11.0-1.el10.x86_64                          40/75 
#6 22.54   Installing       : libev-4.33-15.el10.x86_64                            41/75 
#6 22.54   Installing       : libverto-libev-0.3.2-10.el10.x86_64                  42/75 
#6 22.55   Installing       : libcollection-0.7.0-58.el10.x86_64                   43/75 
#6 22.55   Installing       : libbrotli-1.1.0-8.el10.x86_64                        44/75 
#6 22.56   Installing       : libbasicobjects-0.1.1-58.el10.x86_64                 45/75 
#6 22.56   Installing       : libini_config-1.3.1-58.el10.x86_64                   46/75 
#6 22.56   Running scriptlet: gssproxy-0.9.2-10.el10.x86_64                        47/75 
#6 22.57   Installing       : gssproxy-0.9.2-10.el10.x86_64                        47/75 
#6 22.57   Running scriptlet: gssproxy-0.9.2-10.el10.x86_64                        47/75 
#6 22.59   Installing       : gdbm-1:1.23-14.el10.x86_64                           48/75 
#6 22.63   Installing       : pam-1.6.1-11.el10.x86_64                             49/75 
#6 22.69   Installing       : util-linux-2.40.2-20.el10.x86_64                     50/75 
#6 22.69 warning: /etc/adjtime created as /etc/adjtime.rpmnew
#6 22.69 
#6 22.70   Running scriptlet: util-linux-2.40.2-20.el10.x86_64                     50/75 
#6 22.71 Created symlink '/etc/systemd/system/timers.target.wants/fstrim.timer' → '/usr/lib/systemd/system/fstrim.timer'.
#6 22.71 
#6 22.73   Installing       : policycoreutils-3.11-1.el10.x86_64                   51/75 
#6 22.73   Running scriptlet: policycoreutils-3.11-1.el10.x86_64                   51/75 
#6 22.74 Created symlink '/etc/systemd/system/sysinit.target.wants/selinux-autorelabel-mark.service' → '/usr/lib/systemd/system/selinux-autorelabel-mark.service'.
#6 22.74 
#6 22.75   Installing       : selinux-policy-42.1.26-1.el10.noarch                 52/75 
#6 22.75   Running scriptlet: selinux-policy-42.1.26-1.el10.noarch                 52/75 
#6 22.77   Running scriptlet: selinux-policy-targeted-extra-42.1.26-1.el10.noarc   53/75 
#6 22.81   Installing       : selinux-policy-targeted-extra-42.1.26-1.el10.noarc   53/75 
#6 22.82   Running scriptlet: selinux-policy-targeted-42.1.26-1.el10.noarch        54/75 
#6 23.04   Installing       : selinux-policy-targeted-42.1.26-1.el10.noarch        54/75 
#6 23.05   Running scriptlet: selinux-policy-targeted-42.1.26-1.el10.noarch        54/75 
#6 23.09   Installing       : python3-policycoreutils-3.11-1.el10.noarch           55/75 
#6 23.10   Installing       : policycoreutils-python-utils-3.11-1.el10.noarch      56/75 
#6 23.10   Running scriptlet: glusterfs-selinux-2.0.1-1.el10.noarch                57/75 
#6 23.11   Installing       : glusterfs-selinux-2.0.1-1.el10.noarch                57/75 
#6 23.11   Running scriptlet: glusterfs-selinux-2.0.1-1.el10.noarch                57/75 
#6 35.42 libsemanage.semanage_direct_install_info: Overriding glusterd module at lower priority 100 with module at priority 200.
#6 35.42 
#6 35.43   Installing       : e2fsprogs-libs-1.47.1-5.el10.x86_64                  58/75 
#6 35.44   Installing       : quota-1:4.09-10.el10.x86_64                          59/75 
#6 35.46   Installing       : device-mapper-persistent-data-1.3.2-1.el10.x86_64    60/75 
#6 35.49   Installing       : lvm2-10:2.03.41-3.el10.x86_64                        61/75 
#6 35.50   Running scriptlet: lvm2-10:2.03.41-3.el10.x86_64                        61/75 
#6 35.53 Created symlink '/etc/systemd/system/sysinit.target.wants/lvm2-monitor.service' → '/usr/lib/systemd/system/lvm2-monitor.service'.
#6 35.53 Created symlink '/etc/systemd/system/sysinit.target.wants/lvm2-lvmpolld.socket' → '/usr/lib/systemd/system/lvm2-lvmpolld.socket'.
#6 35.53 
#6 35.54   Installing       : cyrus-sasl-lib-2.1.28-27.el10.x86_64                 62/75 
#6 35.55   Installing       : openldap-2.6.13-1.el10.x86_64                        63/75 
#6 35.56   Installing       : libnfsidmap-1:2.8.3-9.el10.x86_64                    64/75 
#6 35.56   Running scriptlet: nfs-utils-1:2.8.3-9.el10.x86_64                      65/75 
#6 35.60   Installing       : nfs-utils-1:2.8.3-9.el10.x86_64                      65/75 
#6 35.61   Running scriptlet: nfs-utils-1:2.8.3-9.el10.x86_64                      65/75 
#6 35.62 Created symlink '/etc/systemd/system/multi-user.target.wants/nfs-client.target' → '/usr/lib/systemd/system/nfs-client.target'.
#6 35.62 Created symlink '/etc/systemd/system/remote-fs.target.wants/nfs-client.target' → '/usr/lib/systemd/system/nfs-client.target'.
#6 35.62 
#6 35.64 System has not been booted with systemd as init system (PID 1). Can't operate.
#6 35.64 Failed to connect to system scope bus via local transport: Host is down
#6 35.64 
#6 35.65 System has not been booted with systemd as init system (PID 1). Can't operate.
#6 35.65 Failed to connect to system scope bus via local transport: Host is down
#6 35.65 
#6 35.65   Installing       : c-ares-1.34.6-4.el10.x86_64                          66/75 
#6 35.96   Installing       : nodejs-libs-1:22.23.1-4.el10.x86_64                  67/75 
#6 36.12   Installing       : nodejs-full-i18n-1:22.23.1-4.el10.x86_64             68/75 
#6 36.39   Installing       : nodejs-npm-1:10.9.8-1.22.23.1.4.el10.x86_64          69/75 
#6 36.42   Installing       : nodejs-1:22.23.1-4.el10.x86_64                       70/75 
#6 36.43   Installing       : glusterfs-gnfs-11.2-0.0.el10.x86_64                  71/75 
#6 36.48   Installing       : glusterfs-server-11.2-0.0.el10.x86_64                72/75 
#6 36.52   Running scriptlet: glusterfs-server-11.2-0.0.el10.x86_64                72/75 
#6 36.59   Installing       : authselect-1.5.3-1.el10.x86_64                       73/75 
#6 36.61   Installing       : python3-gluster-11.2-0.0.el10.x86_64                 74/75 
#6 36.63   Installing       : rpm-plugin-selinux-4.19.1.1-25.el10.x86_64           75/75 
#6 36.63   Running scriptlet: authselect-libs-1.5.3-1.el10.x86_64                  75/75 
#6 36.64   Running scriptlet: selinux-policy-targeted-extra-42.1.26-1.el10.noarc   75/75 
#6 42.76   Running scriptlet: selinux-policy-targeted-42.1.26-1.el10.noarch        75/75 
#6 54.12   Running scriptlet: glusterfs-selinux-2.0.1-1.el10.noarch                75/75 
#6 54.14   Running scriptlet: rpm-plugin-selinux-4.19.1.1-25.el10.x86_64           75/75 
#6 54.32 
#6 54.32 Installed:
#6 54.32   authselect-1.5.3-1.el10.x86_64                                                
#6 54.32   authselect-libs-1.5.3-1.el10.x86_64                                           
#6 54.32   c-ares-1.34.6-4.el10.x86_64                                                   
#6 54.32   checkpolicy-3.11-1.el10.x86_64                                                
#6 54.32   cyrus-sasl-lib-2.1.28-27.el10.x86_64                                          
#6 54.32   device-mapper-event-10:1.02.215-3.el10.x86_64                                 
#6 54.32   device-mapper-event-libs-10:1.02.215-3.el10.x86_64                            
#6 54.32   device-mapper-persistent-data-1.3.2-1.el10.x86_64                             
#6 54.32   e2fsprogs-libs-1.47.1-5.el10.x86_64                                           
#6 54.32   gdbm-1:1.23-14.el10.x86_64                                                    
#6 54.32   glusterfs-11.2-0.0.el10.x86_64                                                
#6 54.32   glusterfs-cli-11.2-0.0.el10.x86_64                                            
#6 54.32   glusterfs-client-xlators-11.2-0.0.el10.x86_64                                 
#6 54.32   glusterfs-fuse-11.2-0.0.el10.x86_64                                           
#6 54.32   glusterfs-gnfs-11.2-0.0.el10.x86_64                                           
#6 54.32   glusterfs-selinux-2.0.1-1.el10.noarch                                         
#6 54.32   glusterfs-server-11.2-0.0.el10.x86_64                                         
#6 54.32   gperftools-libs-2.15-4.el10_0.x86_64                                          
#6 54.32   gssproxy-0.9.2-10.el10.x86_64                                                 
#6 54.32   kmod-31-13.el10.x86_64                                                        
#6 54.32   libaio-0.3.112-1.el10.x86_64                                                  
#6 54.32   libbasicobjects-0.1.1-58.el10.x86_64                                          
#6 54.32   libbrotli-1.1.0-8.el10.x86_64                                                 
#6 54.32   libcollection-0.7.0-58.el10.x86_64                                            
#6 54.32   libev-4.33-15.el10.x86_64                                                     
#6 54.32   libevent-2.1.12-16.el10.x86_64                                                
#6 54.32   libgfapi0-11.2-0.0.el10.x86_64                                                
#6 54.32   libgfchangelog0-11.2-0.0.el10.x86_64                                          
#6 54.32   libgfrpc0-11.2-0.0.el10.x86_64                                                
#6 54.32   libgfxdr0-11.2-0.0.el10.x86_64                                                
#6 54.32   libglusterfs0-11.2-0.0.el10.x86_64                                            
#6 54.32   libini_config-1.3.1-58.el10.x86_64                                            
#6 54.32   libnfsidmap-1:2.8.3-9.el10.x86_64                                             
#6 54.32   libnl3-3.11.0-1.el10.x86_64                                                   
#6 54.32   libnvme-1.16.2-1.el10.x86_64                                                  
#6 54.32   libpath_utils-0.2.1-58.el10.x86_64                                            
#6 54.32   libref_array-0.1.5-58.el10.x86_64                                             
#6 54.32   libselinux-utils-3.11-1.el10.x86_64                                           
#6 54.32   libtirpc-1.3.5-1.el10.x86_64                                                  
#6 54.32   libunwind-1.8.0-4.el10_0.x86_64                                               
#6 54.32   liburing-2.12-1.el10.x86_64                                                   
#6 54.32   libutempter-1.2.1-15.el10.x86_64                                              
#6 54.32   libuv-1:1.52.1-1.el10.x86_64                                                  
#6 54.32   libverto-libev-0.3.2-10.el10.x86_64                                           
#6 54.32   lvm2-10:2.03.41-3.el10.x86_64                                                 
#6 54.32   lvm2-libs-10:2.03.41-3.el10.x86_64                                            
#6 54.32   nfs-utils-1:2.8.3-9.el10.x86_64                                               
#6 54.32   nodejs-1:22.23.1-4.el10.x86_64                                                
#6 54.32   nodejs-docs-1:22.23.1-4.el10.noarch                                           
#6 54.32   nodejs-full-i18n-1:22.23.1-4.el10.x86_64                                      
#6 54.32   nodejs-libs-1:22.23.1-4.el10.x86_64                                           
#6 54.32   nodejs-npm-1:10.9.8-1.22.23.1.4.el10.x86_64                                   
#6 54.32   openldap-2.6.13-1.el10.x86_64                                                 
#6 54.32   openssl-1:3.5.7-2.el10.x86_64                                                 
#6 54.32   pam-1.6.1-11.el10.x86_64                                                      
#6 54.32   policycoreutils-3.11-1.el10.x86_64                                            
#6 54.32   policycoreutils-python-utils-3.11-1.el10.noarch                               
#6 54.32   psmisc-23.6-8.el10.x86_64                                                     
#6 54.32   python3-audit-4.0.3-5.el10.x86_64                                             
#6 54.32   python3-distro-1.9.0-5.el10.noarch                                            
#6 54.32   python3-gluster-11.2-0.0.el10.x86_64                                          
#6 54.32   python3-libselinux-3.11-1.el10.x86_64                                         
#6 54.32   python3-libsemanage-3.11-1.el10.x86_64                                        
#6 54.32   python3-policycoreutils-3.11-1.el10.noarch                                    
#6 54.32   python3-pyxattr-0.7.2-14.el10.x86_64                                          
#6 54.32   python3-setools-4.7.0-1.el10.x86_64                                           
#6 54.32   quota-1:4.09-10.el10.x86_64                                                   
#6 54.32   quota-nls-1:4.09-10.el10.noarch                                               
#6 54.32   rpcbind-1.2.9-0.el10.x86_64                                                   
#6 54.32   rpm-plugin-selinux-4.19.1.1-25.el10.x86_64                                    
#6 54.32   selinux-policy-42.1.26-1.el10.noarch                                          
#6 54.32   selinux-policy-targeted-42.1.26-1.el10.noarch                                 
#6 54.32   selinux-policy-targeted-extra-42.1.26-1.el10.noarch                           
#6 54.32   userspace-rcu-0.14.0-7.el10.x86_64                                            
#6 54.32   util-linux-2.40.2-20.el10.x86_64                                              
#6 54.32 
#6 54.32 Complete!
#6 54.57 30 files removed
#6 DONE 54.6s

#7 [3/5] COPY containers/gluster-bootstrap.mjs /usr/local/bin/gluster-bootstrap.mjs
#7 DONE 0.1s

#8 [4/5] RUN chmod 0755 /usr/local/bin/gluster-bootstrap.mjs
#8 DONE 0.1s

#9 [5/5] WORKDIR /app
#9 DONE 0.0s

#10 exporting to image
#10 exporting layers
#10 exporting layers 10.9s done
#10 exporting manifest sha256:132a7d7c27d1387bbb37af17a4d7cd45b2aaa3f3f43d4e84bb84b4660ce417c5 0.0s done
#10 exporting config sha256:b471684dcfef2df950f0e7eb6a3d945d71ba54e57c7b878749a5c1da48ed36e3 done
#10 exporting attestation manifest sha256:6519d04f97040cb45f4af44c37b7331d5fee0e644f0182f76904974de9c75aa2 done
#10 exporting manifest list sha256:b5cdfa0e51211f7d38ff92e3436745b34da468a4b679405ad6b7dd2a18c6bdc3 done
#10 naming to ghcr.io/eliware/centos10-gluster:11.2 done
#10 unpacking to ghcr.io/eliware/centos10-gluster:11.2
#10 unpacking to ghcr.io/eliware/centos10-gluster:11.2 2.1s done
#10 DONE 13.1s

 [33m1 warning found (use docker --debug to expand):
[0m - SecretsUsedInArgOrEnv: Do not use ARG or ENV instructions for sensitive data (ARG "RPM_GPG_KEY_URL") (line 15)
{
  "run_id": "20260818054246765-0d8a45d9",
  "generated": "2026-08-18T05:59:50Z",
  "repository_integrity": {
    "status": "not-tested",
    "detail": "verified by the conductor against the package repository"
  },
  "provenance_verification": {
    "status": "not-tested",
    "detail": "generated and verified by the conductor after image publication"
  },
  "checks": {
    "install": {
      "status": "passed"
    },
    "cli_available": {
      "status": "passed"
    },
    "volume_create_mount": {
      "status": "passed"
    },
    "file_lifecycle": {
      "status": "passed"
    },
    "volume_unmount_delete": {
      "status": "passed"
    },
    "service_shutdown": {
      "status": "passed"
    }
  },
  "distributions": [
    {
      "id": "centos-stream-10",
      "label": "CentOS Stream 10",
      "container_core": {
        "status": "passed",
        "detail": "updated; volume stop: smoke: success; volume delete: smoke: success"
      }
    }
  ],
  "metadata_version": "0.1.0"
}
Validated 11 image labels
Login Succeeded
The push refers to repository [ghcr.io/eliware/centos10-gluster]
d4ca03ce75c1: Waiting
44136fa355b3: Waiting
6dd71ef4b02d: Waiting
5b3e0d4726b8: Waiting
d4ca03ce75c1: Waiting
44136fa355b3: Waiting
6dd71ef4b02d: Waiting
5b3e0d4726b8: Waiting
d4ca03ce75c1: Waiting
44136fa355b3: Already exists
6dd71ef4b02d: Waiting
5b3e0d4726b8: Layer already exists
ef5ae06e73b1: Waiting
b96e5cec702e: Waiting
d4ca03ce75c1: Waiting
6dd71ef4b02d: Waiting
ef5ae06e73b1: Waiting
b96e5cec702e: Waiting
ea96d3176be1: Waiting
b96e5cec702e: Pushed
d4ca03ce75c1: Pushed
ef5ae06e73b1: Pushed
ea96d3176be1: Waiting
ea96d3176be1: Pushed
6dd71ef4b02d: Pushed
11.2: digest: sha256:b5cdfa0e51211f7d38ff92e3436745b34da468a4b679405ad6b7dd2a18c6bdc3 size: 856
sha256:b5cdfa0e51211f7d38ff92e3436745b34da468a4b679405ad6b7dd2a18c6bdc3
Login Succeeded
The push refers to repository [ghcr.io/eliware/centos10-gluster]
d4ca03ce75c1: Waiting
44136fa355b3: Waiting
6dd71ef4b02d: Waiting
5b3e0d4726b8: Waiting
5b3e0d4726b8: Waiting
d4ca03ce75c1: Waiting
44136fa355b3: Waiting
6dd71ef4b02d: Waiting
5b3e0d4726b8: Layer already exists
ef5ae06e73b1: Waiting
b96e5cec702e: Waiting
ea96d3176be1: Waiting
d4ca03ce75c1: Already exists
44136fa355b3: Already exists
6dd71ef4b02d: Layer already exists
b96e5cec702e: Layer already exists
ea96d3176be1: Waiting
ef5ae06e73b1: Layer already exists
ea96d3176be1: Layer already exists
11.2: digest: sha256:b5cdfa0e51211f7d38ff92e3436745b34da468a4b679405ad6b7dd2a18c6bdc3 size: 856
sha256:b5cdfa0e51211f7d38ff92e3436745b34da468a4b679405ad6b7dd2a18c6bdc3
