#0 building with "default" instance using docker driver

#1 [internal] load build definition from centos10-gluster.Dockerfile
#1 transferring dockerfile: 3.19kB done
#1 WARN: SecretsUsedInArgOrEnv: Do not use ARG or ENV instructions for sensitive data (ARG "RPM_GPG_KEY_URL") (line 15)
#1 DONE 0.0s

#2 [internal] load metadata for docker.io/library/almalinux:10@sha256:cc24bc5b6ac7e284f2f62a07bdaa1b15d3319fdcf46413c6b8fe9fa245068ddd
#2 DONE 0.0s

#3 [internal] load .dockerignore
#3 transferring context: 2B done
#3 DONE 0.0s

#4 [1/5] FROM docker.io/library/almalinux:10@sha256:cc24bc5b6ac7e284f2f62a07bdaa1b15d3319fdcf46413c6b8fe9fa245068ddd
#4 resolve docker.io/library/almalinux:10@sha256:cc24bc5b6ac7e284f2f62a07bdaa1b15d3319fdcf46413c6b8fe9fa245068ddd 0.0s done
#4 CACHED

#5 [internal] load build context
#5 transferring context: 2.88kB done
#5 DONE 0.0s

#6 [2/5] RUN test -n "https://glusterfs.eliware.org/el10/x86_64/previews/epel10-rolling-2026.08.23-b9354d26afe5/"     && test -n "45457fed3bfafa78aaf2e438cf8154be69e7581d3b4b4ee450e44bb35f16071d"     && dnf -y install dnf-plugins-core     && dnf -y install epel-release     && dnf config-manager --set-enabled crb     && curl --fail --silent --show-error --location --retry 6 --retry-all-errors --retry-delay 2 --connect-timeout 15 --max-time 60 "https://glusterfs.eliware.org/keys/RPM-GPG-KEY-ELIWARE-GLUSTER" --output /tmp/eliware-gluster-key     && rpm --import /tmp/eliware-gluster-key     && printf '[eliware-glusterfs]\nname=Eliware GlusterFS\nbaseurl=%s\nenabled=1\ngpgcheck=1\nrepo_gpgcheck=1\ngpgkey=%s\n' "https://glusterfs.eliware.org/el10/x86_64/previews/epel10-rolling-2026.08.23-b9354d26afe5/" "https://glusterfs.eliware.org/keys/RPM-GPG-KEY-ELIWARE-GLUSTER" > /etc/yum.repos.d/eliware-glusterfs.repo     && curl --fail --silent --show-error --location --retry 6 --retry-all-errors --retry-delay 2 --connect-timeout 15 --max-time 60 "https://glusterfs.eliware.org/el10/x86_64/previews/epel10-rolling-2026.08.23-b9354d26afe5/repodata/repomd.xml" --output /tmp/repomd.xml     && printf '%s  /tmp/repomd.xml\n' "45457fed3bfafa78aaf2e438cf8154be69e7581d3b4b4ee450e44bb35f16071d" | sha256sum --check --status     && dnf -y --enablerepo=eliware-glusterfs install          glusterfs glusterfs-server glusterfs-selinux glusterfs-cli          glusterfs-client-xlators glusterfs-fuse glusterfs-gnfs          libgfapi0 libgfchangelog0 libgfrpc0 libgfxdr0 libglusterfs0          python3-gluster nodejs     && dnf clean all     && rm -f /tmp/eliware-gluster-key /tmp/repomd.xml     && rm -rf /var/cache/dnf
#6 0.481 AlmaLinux 10 - AppStream                         33 MB/s | 2.4 MB     00:00    
#6 1.406 AlmaLinux 10 - BaseOS                            44 MB/s |  29 MB     00:00    
#6 4.356 AlmaLinux 10 - CRB                              8.2 MB/s | 577 kB     00:00    
#6 4.537 AlmaLinux 10 - Extras                           123 kB/s | 7.3 kB     00:00    
#6 4.945 Dependencies resolved.
#6 4.945 ================================================================================
#6 4.945  Package                 Architecture  Version              Repository     Size
#6 4.945 ================================================================================
#6 4.945 Installing:
#6 4.945  dnf-plugins-core        noarch        4.7.0-10.el10        baseos         37 k
#6 4.945 
#6 4.945 Transaction Summary
#6 4.945 ================================================================================
#6 4.945 Install  1 Package
#6 4.945 
#6 4.946 Total download size: 37 k
#6 4.946 Installed size: 22 k
#6 4.946 Downloading Packages:
#6 5.003 dnf-plugins-core-4.7.0-10.el10.noarch.rpm       9.4 MB/s |  37 kB     00:00    
#6 5.003 --------------------------------------------------------------------------------
#6 5.004 Total                                           647 kB/s |  37 kB     00:00     
#6 5.012 Running transaction check
#6 5.016 Transaction check succeeded.
#6 5.016 Running transaction test
#6 5.018 Transaction test succeeded.
#6 5.019 Running transaction
#6 5.024   Preparing        :                                                        1/1 
#6 5.046   Installing       : dnf-plugins-core-4.7.0-10.el10.noarch                  1/1 
#6 5.269 
#6 5.269 Installed:
#6 5.269   dnf-plugins-core-4.7.0-10.el10.noarch                                         
#6 5.269 
#6 5.269 Complete!
#6 5.524 Last metadata expiration check: 0:00:01 ago on Sun Aug 23 17:34:50 2026.
#6 5.601 Dependencies resolved.
#6 5.602 ================================================================================
#6 5.602  Package               Architecture    Version            Repository       Size
#6 5.602 ================================================================================
#6 5.602 Installing:
#6 5.602  epel-release          noarch          10-6.el10          extras           18 k
#6 5.602 
#6 5.602 Transaction Summary
#6 5.602 ================================================================================
#6 5.602 Install  1 Package
#6 5.602 
#6 5.602 Total download size: 18 k
#6 5.602 Installed size: 25 k
#6 5.602 Downloading Packages:
#6 5.664 epel-release-10-6.el10.noarch.rpm               2.3 MB/s |  18 kB     00:00    
#6 5.665 --------------------------------------------------------------------------------
#6 5.665 Total                                           295 kB/s |  18 kB     00:00     
#6 5.673 Running transaction check
#6 5.676 Transaction check succeeded.
#6 5.676 Running transaction test
#6 5.679 Transaction test succeeded.
#6 5.679 Running transaction
#6 5.683   Preparing        :                                                        1/1 
#6 5.691   Installing       : epel-release-10-6.el10.noarch                          1/1 
#6 5.693   Running scriptlet: epel-release-10-6.el10.noarch                          1/1 
#6 5.698 Many EPEL packages require the CodeReady Builder (CRB) repository.
#6 5.698 It is recommended that you run /usr/bin/crb enable to enable the CRB repository.
#6 5.698 
#6 5.769 
#6 5.769 Installed:
#6 5.769   epel-release-10-6.el10.noarch                                                 
#6 5.769 
#6 5.769 Complete!
#6 6.491 AlmaLinux 10 - CRB                               16 kB/s | 3.8 kB     00:00    
#6 6.527 Eliware GlusterFS                               7.5 kB/s | 228  B     00:00    
#6 6.544 Eliware GlusterFS                                52 kB/s | 847  B     00:00    
#6 6.545 Importing GPG key 0x79687D60:
#6 6.545  Userid     : "Eliware GlusterFS Release <gluster-release@eliware.org>"
#6 6.545  Fingerprint: 82EC A351 E170 E834 0B53 B476 EDCB 5E07 7968 7D60
#6 6.545  From       : https://glusterfs.eliware.org/keys/RPM-GPG-KEY-ELIWARE-GLUSTER
#6 6.613 Eliware GlusterFS                               148 kB/s |  10 kB     00:00    
#6 7.866 Extra Packages for Enterprise Linux 10 - x86_64 5.4 MB/s | 6.6 MB     00:01    
#6 10.24 Dependencies resolved.
#6 10.24 =====================================================================================================
#6 10.24  Package                         Arch    Version                             Repository          Size
#6 10.24 =====================================================================================================
#6 10.24 Installing:
#6 10.24  glusterfs                       x86_64  2026.08.23-0.0.gitb9354d26afe5.el10 eliware-glusterfs  594 k
#6 10.24  glusterfs-cli                   x86_64  2026.08.23-0.0.gitb9354d26afe5.el10 eliware-glusterfs  185 k
#6 10.24  glusterfs-client-xlators        x86_64  2026.08.23-0.0.gitb9354d26afe5.el10 eliware-glusterfs  785 k
#6 10.24  glusterfs-fuse                  x86_64  2026.08.23-0.0.gitb9354d26afe5.el10 eliware-glusterfs  137 k
#6 10.24  glusterfs-gnfs                  x86_64  2026.08.23-0.0.gitb9354d26afe5.el10 eliware-glusterfs  145 k
#6 10.24  glusterfs-selinux               noarch  2.0.1-1.el10                        eliware-glusterfs   25 k
#6 10.24  glusterfs-server                x86_64  2026.08.23-0.0.gitb9354d26afe5.el10 eliware-glusterfs  1.2 M
#6 10.24  libgfapi0                       x86_64  2026.08.23-0.0.gitb9354d26afe5.el10 eliware-glusterfs   95 k
#6 10.24  libgfchangelog0                 x86_64  2026.08.23-0.0.gitb9354d26afe5.el10 eliware-glusterfs   34 k
#6 10.24  libgfrpc0                       x86_64  2026.08.23-0.0.gitb9354d26afe5.el10 eliware-glusterfs   53 k
#6 10.24  libgfxdr0                       x86_64  2026.08.23-0.0.gitb9354d26afe5.el10 eliware-glusterfs   31 k
#6 10.24  libglusterfs0                   x86_64  2026.08.23-0.0.gitb9354d26afe5.el10 eliware-glusterfs  289 k
#6 10.24  nodejs                          x86_64  1:22.23.1-6.el10_2                  appstream           52 k
#6 10.24  python3-gluster                 x86_64  2026.08.23-0.0.gitb9354d26afe5.el10 eliware-glusterfs   17 k
#6 10.24 Installing dependencies:
#6 10.24  authselect                      x86_64  1.5.2-1.el10                        baseos             205 k
#6 10.24  authselect-libs                 x86_64  1.5.2-1.el10                        baseos             231 k
#6 10.24  c-ares                          x86_64  1.34.6-2.el10_2                     baseos             117 k
#6 10.24  checkpolicy                     x86_64  3.10-1.el10                         appstream          368 k
#6 10.24  cracklib                        x86_64  2.9.11-8.el10                       baseos              97 k
#6 10.24  cracklib-dicts                  x86_64  2.9.11-8.el10                       baseos             3.6 M
#6 10.24  cyrus-sasl-lib                  x86_64  2.1.28-30.el10_2                    baseos             100 k
#6 10.24  device-mapper                   x86_64  10:1.02.210-2.el10                  baseos             138 k
#6 10.24  device-mapper-event             x86_64  10:1.02.210-2.el10                  baseos              36 k
#6 10.24  device-mapper-event-libs        x86_64  10:1.02.210-2.el10                  baseos              31 k
#6 10.24  device-mapper-libs              x86_64  10:1.02.210-2.el10                  baseos             179 k
#6 10.24  device-mapper-persistent-data   x86_64  1.3.0-1.el10                        baseos             1.2 M
#6 10.24  diffutils                       x86_64  3.10-8.el10                         baseos             411 k
#6 10.24  e2fsprogs-libs                  x86_64  1.47.1-5.el10                       baseos             226 k
#6 10.24  gdbm                            x86_64  1:1.23-12.el10_0                    baseos             154 k
#6 10.24  gperftools-libs                 x86_64  2.15-4.el10_0                       epel               303 k
#6 10.24  gssproxy                        x86_64  0.9.2-10.el10                       baseos             120 k
#6 10.24  kmod                            x86_64  31-13.el10                          baseos             131 k
#6 10.24  libaio                          x86_64  0.3.111-22.el10                     baseos              24 k
#6 10.24  libbasicobjects                 x86_64  0.1.1-58.el10                       baseos              26 k
#6 10.24  libbrotli                       x86_64  1.1.0-7.el10_1                      baseos             343 k
#6 10.24  libcollection                   x86_64  0.7.0-58.el10                       baseos              44 k
#6 10.24  libedit                         x86_64  3.1-52.20230828cvs.el10             baseos             105 k
#6 10.24  libev                           x86_64  4.33-15.el10                        baseos              52 k
#6 10.24  libevent                        x86_64  2.1.12-16.el10                      baseos             258 k
#6 10.24  libini_config                   x86_64  1.3.1-58.el10                       baseos              67 k
#6 10.24  libnfsidmap                     x86_64  1:2.8.3-5.el10_2                    baseos              61 k
#6 10.24  libnl3                          x86_64  3.11.0-1.el10                       baseos             355 k
#6 10.24  libnvme                         x86_64  1.16.1-3.el10_2                     baseos             118 k
#6 10.24  libpath_utils                   x86_64  0.2.1-58.el10                       baseos              29 k
#6 10.24  libpwquality                    x86_64  1.4.5-12.el10                       baseos             123 k
#6 10.24  libref_array                    x86_64  0.1.5-58.el10                       baseos              27 k
#6 10.24  libselinux-utils                x86_64  3.10-1.el10                         baseos             109 k
#6 10.24  libtirpc                        x86_64  1.3.5-1.el10                        baseos              94 k
#6 10.24  libunwind                       x86_64  1.8.0-4.el10_0                      epel                73 k
#6 10.24  liburing                        x86_64  2.12-1.el10                         baseos              43 k
#6 10.24  libutempter                     x86_64  1.2.1-15.el10                       baseos              26 k
#6 10.24  libuv                           x86_64  1:1.52.1-1.el10_2                   appstream          265 k
#6 10.24  libverto-libev                  x86_64  0.3.2-10.el10                       baseos              13 k
#6 10.24  lvm2                            x86_64  10:2.03.36-2.el10                   baseos             1.6 M
#6 10.24  lvm2-libs                       x86_64  10:2.03.36-2.el10                   baseos             1.0 M
#6 10.24  nfs-utils                       x86_64  1:2.8.3-5.el10_2                    baseos             458 k
#6 10.24  nodejs-libs                     x86_64  1:22.23.1-6.el10_2                  appstream           20 M
#6 10.24  openldap                        x86_64  2.6.10-1.el10                       baseos             222 k
#6 10.24  openssl                         x86_64  1:3.5.5-2.el10_2.alma.1             baseos             1.2 M
#6 10.24  pam                             x86_64  1.6.1-9.el10                        baseos             512 k
#6 10.24  policycoreutils                 x86_64  3.10-2.el10_2                       baseos             233 k
#6 10.24  policycoreutils-python-utils    noarch  3.10-2.el10_2                       appstream           45 k
#6 10.24  psmisc                          x86_64  23.6-8.el10                         baseos             319 k
#6 10.24  python3-audit                   x86_64  4.0.3-5.el10                        appstream           68 k
#6 10.24  python3-distro                  noarch  1.9.0-5.el10                        appstream           51 k
#6 10.24  python3-libselinux              x86_64  3.10-1.el10                         appstream          201 k
#6 10.24  python3-libsemanage             x86_64  3.10-1.el10                         appstream           80 k
#6 10.24  python3-policycoreutils         noarch  3.10-2.el10_2                       appstream          2.1 M
#6 10.24  python3-pyxattr                 x86_64  0.7.2-14.el10                       crb                 33 k
#6 10.24  python3-setools                 x86_64  4.6.0-3.el10                        baseos             724 k
#6 10.24  quota                           x86_64  1:4.09-10.el10                      baseos             189 k
#6 10.24  quota-nls                       noarch  1:4.09-10.el10                      baseos              76 k
#6 10.24  rpcbind                         x86_64  1.2.7-3.el10                        baseos              56 k
#6 10.24  rpm-plugin-selinux              x86_64  4.19.1.1-23.el10.alma.1             baseos              17 k
#6 10.24  selinux-policy                  noarch  42.1.18-4.el10_2.3                  baseos              55 k
#6 10.24  selinux-policy-targeted         noarch  42.1.18-4.el10_2.3                  baseos             5.9 M
#6 10.24  userspace-rcu                   x86_64  0.14.0-7.el10                       baseos             113 k
#6 10.24  util-linux                      x86_64  2.40.2-18.el10                      baseos             1.2 M
#6 10.24 Installing weak dependencies:
#6 10.24  nodejs-docs                     noarch  1:22.23.1-6.el10_2                  appstream          9.3 M
#6 10.24  nodejs-full-i18n                x86_64  1:22.23.1-6.el10_2                  appstream          8.9 M
#6 10.24  nodejs-npm                      x86_64  1:10.9.8-1.22.23.1.6.el10_2         appstream          2.4 M
#6 10.24  selinux-policy-targeted-extra   noarch  42.1.18-4.el10_2.3                  crb                720 k
#6 10.24 
#6 10.24 Transaction Summary
#6 10.24 =====================================================================================================
#6 10.24 Install  82 Packages
#6 10.24 
#6 10.24 Total download size: 71 M
#6 10.24 Installed size: 306 M
#6 10.24 Downloading Packages:
#6 10.72 (1/82): nodejs-22.23.1-6.el10_2.x86_64.rpm      4.4 MB/s |  52 kB     00:00    
#6 10.73 (2/82): checkpolicy-3.10-1.el10.x86_64.rpm       24 MB/s | 368 kB     00:00    
#6 10.73 (3/82): libuv-1.52.1-1.el10_2.x86_64.rpm         15 MB/s | 265 kB     00:00    
#6 10.95 (4/82): nodejs-docs-22.23.1-6.el10_2.noarch.rpm  41 MB/s | 9.3 MB     00:00    
#6 11.06 (5/82): nodejs-full-i18n-22.23.1-6.el10_2.x86_6  26 MB/s | 8.9 MB     00:00    
#6 11.07 (6/82): policycoreutils-python-utils-3.10-2.el1  18 MB/s |  45 kB     00:00    
#6 11.07 (7/82): python3-audit-4.0.3-5.el10.x86_64.rpm    40 MB/s |  68 kB     00:00    
#6 11.12 (8/82): nodejs-npm-10.9.8-1.22.23.1.6.el10_2.x8  14 MB/s | 2.4 MB     00:00    
#6 11.12 (9/82): python3-distro-1.9.0-5.el10.noarch.rpm  977 kB/s |  51 kB     00:00    
#6 11.12 (10/82): python3-libselinux-3.10-1.el10.x86_64.  72 MB/s | 201 kB     00:00    
#6 11.13 (11/82): python3-libsemanage-3.10-1.el10.x86_64  24 MB/s |  80 kB     00:00    
#6 11.13 (12/82): authselect-1.5.2-1.el10.x86_64.rpm      69 MB/s | 205 kB     00:00    
#6 11.14 (13/82): authselect-libs-1.5.2-1.el10.x86_64.rp  76 MB/s | 231 kB     00:00    
#6 11.18 (14/82): python3-policycoreutils-3.10-2.el10_2.  38 MB/s | 2.1 MB     00:00    
#6 11.18 (15/82): c-ares-1.34.6-2.el10_2.x86_64.rpm      2.3 MB/s | 117 kB     00:00    
#6 11.45 (16/82): nodejs-libs-22.23.1-6.el10_2.x86_64.rp  28 MB/s |  20 MB     00:00    
#6 11.45 (17/82): cracklib-2.9.11-8.el10.x86_64.rpm      365 kB/s |  97 kB     00:00    
#6 11.49 (18/82): cracklib-dicts-2.9.11-8.el10.x86_64.rp  12 MB/s | 3.6 MB     00:00    
#6 11.49 (19/82): cyrus-sasl-lib-2.1.28-30.el10_2.x86_64 2.1 MB/s | 100 kB     00:00    
#6 11.49 (20/82): device-mapper-1.02.210-2.el10.x86_64.r 2.9 MB/s | 138 kB     00:00    
#6 11.50 (21/82): device-mapper-event-1.02.210-2.el10.x8 4.5 MB/s |  36 kB     00:00    
#6 11.50 (22/82): device-mapper-event-libs-1.02.210-2.el 3.1 MB/s |  31 kB     00:00    
#6 11.51 (23/82): device-mapper-libs-1.02.210-2.el10.x86  14 MB/s | 179 kB     00:00    
#6 11.52 (24/82): e2fsprogs-libs-1.47.1-5.el10.x86_64.rp  26 MB/s | 226 kB     00:00    
#6 11.52 (25/82): diffutils-3.10-8.el10.x86_64.rpm        28 MB/s | 411 kB     00:00    
#6 11.52 (26/82): device-mapper-persistent-data-1.3.0-1.  51 MB/s | 1.2 MB     00:00    
#6 11.53 (27/82): gdbm-1.23-12.el10_0.x86_64.rpm          13 MB/s | 154 kB     00:00    
#6 11.53 (28/82): gssproxy-0.9.2-10.el10.x86_64.rpm       11 MB/s | 120 kB     00:00    
#6 11.53 (29/82): libaio-0.3.111-22.el10.x86_64.rpm      5.2 MB/s |  24 kB     00:00    
#6 11.53 (30/82): kmod-31-13.el10.x86_64.rpm              12 MB/s | 131 kB     00:00    
#6 11.54 (31/82): libcollection-0.7.0-58.el10.x86_64.rpm 4.7 MB/s |  44 kB     00:00    
#6 11.55 (32/82): libbrotli-1.1.0-7.el10_1.x86_64.rpm     27 MB/s | 343 kB     00:00    
#6 11.55 (33/82): libbasicobjects-0.1.1-58.el10.x86_64.r 1.4 MB/s |  26 kB     00:00    
#6 11.55 (34/82): libev-4.33-15.el10.x86_64.rpm          6.6 MB/s |  52 kB     00:00    
#6 11.56 (35/82): libedit-3.1-52.20230828cvs.el10.x86_64 9.5 MB/s | 105 kB     00:00    
#6 11.56 (36/82): libevent-2.1.12-16.el10.x86_64.rpm      19 MB/s | 258 kB     00:00    
#6 11.56 (37/82): libnfsidmap-2.8.3-5.el10_2.x86_64.rpm  6.8 MB/s |  61 kB     00:00    
#6 11.57 (38/82): libnvme-1.16.1-3.el10_2.x86_64.rpm      56 MB/s | 118 kB     00:00    
#6 11.57 (39/82): libini_config-1.3.1-58.el10.x86_64.rpm 3.3 MB/s |  67 kB     00:00    
#6 11.58 (40/82): libpath_utils-0.2.1-58.el10.x86_64.rpm 2.3 MB/s |  29 kB     00:00    
#6 11.58 (41/82): libpwquality-1.4.5-12.el10.x86_64.rpm   13 MB/s | 123 kB     00:00    
#6 11.59 (42/82): libref_array-0.1.5-58.el10.x86_64.rpm  3.3 MB/s |  27 kB     00:00    
#6 11.59 (43/82): libselinux-utils-3.10-1.el10.x86_64.rp  11 MB/s | 109 kB     00:00    
#6 11.60 (44/82): libtirpc-1.3.5-1.el10.x86_64.rpm       9.8 MB/s |  94 kB     00:00    
#6 11.60 (45/82): libutempter-1.2.1-15.el10.x86_64.rpm   3.5 MB/s |  26 kB     00:00    
#6 11.61 (46/82): liburing-2.12-1.el10.x86_64.rpm        3.2 MB/s |  43 kB     00:00    
#6 11.61 (47/82): libnl3-3.11.0-1.el10.x86_64.rpm        7.1 MB/s | 355 kB     00:00    
#6 11.62 (48/82): lvm2-libs-2.03.36-2.el10.x86_64.rpm    151 MB/s | 1.0 MB     00:00    
#6 11.63 (49/82): lvm2-2.03.36-2.el10.x86_64.rpm          86 MB/s | 1.6 MB     00:00    
#6 11.63 (50/82): libverto-libev-0.3.2-10.el10.x86_64.rp 596 kB/s |  13 kB     00:00    
#6 11.64 (51/82): openldap-2.6.10-1.el10.x86_64.rpm       16 MB/s | 222 kB     00:00    
#6 11.64 (52/82): openssl-3.5.5-2.el10_2.alma.1.x86_64.r  65 MB/s | 1.2 MB     00:00    
#6 11.65 (53/82): pam-1.6.1-9.el10.x86_64.rpm             39 MB/s | 512 kB     00:00    
#6 11.66 (54/82): psmisc-23.6-8.el10.x86_64.rpm          102 MB/s | 319 kB     00:00    
#6 11.66 (55/82): policycoreutils-3.10-2.el10_2.x86_64.r  18 MB/s | 233 kB     00:00    
#6 11.66 (56/82): python3-setools-4.6.0-3.el10.x86_64.rp 153 MB/s | 724 kB     00:00    
#6 11.67 (57/82): quota-4.09-10.el10.x86_64.rpm           13 MB/s | 189 kB     00:00    
#6 11.67 (58/82): quota-nls-4.09-10.el10.noarch.rpm      6.2 MB/s |  76 kB     00:00    
#6 11.67 (59/82): rpm-plugin-selinux-4.19.1.1-23.el10.al  16 MB/s |  17 kB     00:00    
#6 11.68 (60/82): rpcbind-1.2.7-3.el10.x86_64.rpm        7.5 MB/s |  56 kB     00:00    
#6 11.68 (61/82): nfs-utils-2.8.3-5.el10_2.x86_64.rpm    6.9 MB/s | 458 kB     00:00    
#6 11.68 (62/82): selinux-policy-42.1.18-4.el10_2.3.noar 5.7 MB/s |  55 kB     00:00    
#6 11.69 (63/82): util-linux-2.40.2-18.el10.x86_64.rpm   149 MB/s | 1.2 MB     00:00    
#6 11.69 (64/82): userspace-rcu-0.14.0-7.el10.x86_64.rpm  10 MB/s | 113 kB     00:00    
#6 11.70 (65/82): python3-pyxattr-0.7.2-14.el10.x86_64.r  14 MB/s |  33 kB     00:00    
#6 11.70 (66/82): selinux-policy-targeted-extra-42.1.18- 136 MB/s | 720 kB     00:00    
#6 11.74 (67/82): selinux-policy-targeted-42.1.18-4.el10 105 MB/s | 5.9 MB     00:00    
#6 11.74 (68/82): glusterfs-cli-2026.08.23-0.0.gitb9354d 4.5 MB/s | 185 kB     00:00    
#6 11.74 (69/82): glusterfs-2026.08.23-0.0.gitb9354d26af  12 MB/s | 594 kB     00:00    
#6 11.75 (70/82): glusterfs-fuse-2026.08.23-0.0.gitb9354  19 MB/s | 137 kB     00:00    
#6 11.75 (71/82): glusterfs-gnfs-2026.08.23-0.0.gitb9354  18 MB/s | 145 kB     00:00    
#6 11.76 (72/82): glusterfs-client-xlators-2026.08.23-0.  32 MB/s | 785 kB     00:00    
#6 11.76 (73/82): glusterfs-selinux-2.0.1-1.el10.noarch. 1.8 MB/s |  25 kB     00:00    
#6 11.77 (74/82): glusterfs-server-2026.08.23-0.0.gitb93  61 MB/s | 1.2 MB     00:00    
#6 11.78 (75/82): libgfchangelog0-2026.08.23-0.0.gitb935 2.8 MB/s |  34 kB     00:00    
#6 11.78 (76/82): libgfapi0-2026.08.23-0.0.gitb9354d26af 7.0 MB/s |  95 kB     00:00    
#6 11.78 (77/82): libgfrpc0-2026.08.23-0.0.gitb9354d26af 8.2 MB/s |  53 kB     00:00    
#6 11.78 (78/82): libgfxdr0-2026.08.23-0.0.gitb9354d26af 5.0 MB/s |  31 kB     00:00    
#6 11.79 (79/82): libglusterfs0-2026.08.23-0.0.gitb9354d  33 MB/s | 289 kB     00:00    
#6 11.79 (80/82): python3-gluster-2026.08.23-0.0.gitb935 2.8 MB/s |  17 kB     00:00    
#6 12.19 (81/82): libunwind-1.8.0-4.el10_0.x86_64.rpm    179 kB/s |  73 kB     00:00    
#6 12.35 (82/82): gperftools-libs-2.15-4.el10_0.x86_64.r 537 kB/s | 303 kB     00:00    
#6 12.35 --------------------------------------------------------------------------------
#6 12.35 Total                                            34 MB/s |  71 MB     00:02     
#6 13.44 Extra Packages for Enterprise Linux 10 - x86_64 1.6 MB/s | 1.6 kB     00:00    
#6 13.45 Importing GPG key 0xE37ED158:
#6 13.45  Userid     : "Fedora (epel10) <epel@fedoraproject.org>"
#6 13.45  Fingerprint: 7D8D 15CB FC4E 6268 8591 FB26 33D9 8517 E37E D158
#6 13.45  From       : /etc/pki/rpm-gpg/RPM-GPG-KEY-EPEL-10
#6 13.45 Key imported successfully
#6 13.46 Running transaction check
#6 13.54 Transaction check succeeded.
#6 13.54 Running transaction test
#6 14.42 Transaction test succeeded.
#6 14.42 Running transaction
#6 15.32   Running scriptlet: selinux-policy-targeted-42.1.18-4.el10_2.3.noarch      1/1 
#6 15.32   Running scriptlet: nodejs-1:22.23.1-6.el10_2.x86_64                       1/1 
#6 15.38   Preparing        :                                                        1/1 
#6 15.41   Installing       : libtirpc-1.3.5-1.el10.x86_64                          1/82 
#6 15.42   Installing       : userspace-rcu-0.14.0-7.el10.x86_64                    2/82 
#6 15.42   Installing       : libaio-0.3.111-22.el10.x86_64                         3/82 
#6 15.42   Running scriptlet: rpcbind-1.2.7-3.el10.x86_64                           4/82 
#6 15.45   Installing       : rpcbind-1.2.7-3.el10.x86_64                           4/82 
#6 15.45   Running scriptlet: rpcbind-1.2.7-3.el10.x86_64                           4/82 
#6 15.49   Installing       : device-mapper-libs-10:1.02.210-2.el10.x86_64          5/82 
#6 15.50   Installing       : device-mapper-10:1.02.210-2.el10.x86_64               6/82 
#6 15.50   Installing       : device-mapper-event-libs-10:1.02.210-2.el10.x86_64    7/82 
#6 15.51   Installing       : libselinux-utils-3.10-1.el10.x86_64                   8/82 
#6 15.52   Installing       : libref_array-0.1.5-58.el10.x86_64                     9/82 
#6 15.52   Installing       : libnvme-1.16.1-3.el10_2.x86_64                       10/82 
#6 15.53   Installing       : libevent-2.1.12-16.el10.x86_64                       11/82 
#6 15.54   Installing       : kmod-31-13.el10.x86_64                               12/82 
#6 15.55   Installing       : cracklib-2.9.11-8.el10.x86_64                        13/82 
#6 15.57   Installing       : authselect-libs-1.5.2-1.el10.x86_64                  14/82 
#6 15.57   Installing       : python3-libselinux-3.10-1.el10.x86_64                15/82 
#6 15.95   Installing       : nodejs-docs-1:22.23.1-6.el10_2.noarch                16/82 
#6 15.96   Installing       : libuv-1:1.52.1-1.el10_2.x86_64                       17/82 
#6 15.97   Installing       : python3-libsemanage-3.10-1.el10.x86_64               18/82 
#6 16.01   Installing       : cracklib-dicts-2.9.11-8.el10.x86_64                  19/82 
#6 16.02   Installing       : libpwquality-1.4.5-12.el10.x86_64                    20/82 
#6 16.02   Installing       : device-mapper-event-10:1.02.210-2.el10.x86_64        21/82 
#6 16.02   Running scriptlet: device-mapper-event-10:1.02.210-2.el10.x86_64        21/82 
#6 16.04 Created symlink '/etc/systemd/system/sockets.target.wants/dm-event.socket' → '/usr/lib/systemd/system/dm-event.socket'.
#6 16.04 
#6 16.06   Installing       : lvm2-libs-10:2.03.36-2.el10.x86_64                   22/82 
#6 16.07   Installing       : libunwind-1.8.0-4.el10_0.x86_64                      23/82 
#6 16.08   Installing       : gperftools-libs-2.15-4.el10_0.x86_64                 24/82 
#6 16.09   Installing       : libgfrpc0-2026.08.23-0.0.gitb9354d26afe5.el10.x86_   25/82 
#6 16.09   Running scriptlet: libgfrpc0-2026.08.23-0.0.gitb9354d26afe5.el10.x86_   25/82 
#6 16.12   Installing       : libgfxdr0-2026.08.23-0.0.gitb9354d26afe5.el10.x86_   26/82 
#6 16.12   Running scriptlet: libgfxdr0-2026.08.23-0.0.gitb9354d26afe5.el10.x86_   26/82 
#6 16.14   Installing       : libglusterfs0-2026.08.23-0.0.gitb9354d26afe5.el10.   27/82 
#6 16.15   Running scriptlet: libglusterfs0-2026.08.23-0.0.gitb9354d26afe5.el10.   27/82 
#6 16.18   Installing       : glusterfs-client-xlators-2026.08.23-0.0.gitb9354d2   28/82 
#6 16.18   Running scriptlet: glusterfs-2026.08.23-0.0.gitb9354d26afe5.el10.x86_   29/82 
#6 16.22   Installing       : glusterfs-2026.08.23-0.0.gitb9354d26afe5.el10.x86_   29/82 
#6 16.22   Running scriptlet: glusterfs-2026.08.23-0.0.gitb9354d26afe5.el10.x86_   29/82 
#6 16.24   Installing       : libgfapi0-2026.08.23-0.0.gitb9354d26afe5.el10.x86_   30/82 
#6 16.24   Running scriptlet: libgfapi0-2026.08.23-0.0.gitb9354d26afe5.el10.x86_   30/82 
#6 16.25   Installing       : glusterfs-cli-2026.08.23-0.0.gitb9354d26afe5.el10.   31/82 
#6 16.25   Installing       : libgfchangelog0-2026.08.23-0.0.gitb9354d26afe5.el1   32/82 
#6 16.26   Running scriptlet: libgfchangelog0-2026.08.23-0.0.gitb9354d26afe5.el1   32/82 
#6 16.27   Installing       : python3-pyxattr-0.7.2-14.el10.x86_64                 33/82 
#6 16.27   Installing       : quota-nls-1:4.09-10.el10.noarch                      34/82 
#6 16.30   Installing       : python3-setools-4.6.0-3.el10.x86_64                  35/82 
#6 16.31   Installing       : psmisc-23.6-8.el10.x86_64                            36/82 
#6 16.32   Installing       : glusterfs-fuse-2026.08.23-0.0.gitb9354d26afe5.el10   37/82 
#6 16.36   Installing       : openssl-1:3.5.5-2.el10_2.alma.1.x86_64               38/82 
#6 16.36   Running scriptlet: libutempter-1.2.1-15.el10.x86_64                     39/82 
#6 16.38   Installing       : libutempter-1.2.1-15.el10.x86_64                     39/82 
#6 16.39   Installing       : liburing-2.12-1.el10.x86_64                          40/82 
#6 16.39   Installing       : libpath_utils-0.2.1-58.el10.x86_64                   41/82 
#6 16.40   Installing       : libnl3-3.11.0-1.el10.x86_64                          42/82 
#6 16.40   Installing       : libev-4.33-15.el10.x86_64                            43/82 
#6 16.40   Installing       : libverto-libev-0.3.2-10.el10.x86_64                  44/82 
#6 16.41   Installing       : libedit-3.1-52.20230828cvs.el10.x86_64               45/82 
#6 16.41   Installing       : libcollection-0.7.0-58.el10.x86_64                   46/82 
#6 16.42   Installing       : libbrotli-1.1.0-7.el10_1.x86_64                      47/82 
#6 16.42   Installing       : libbasicobjects-0.1.1-58.el10.x86_64                 48/82 
#6 16.42   Installing       : libini_config-1.3.1-58.el10.x86_64                   49/82 
#6 16.42   Running scriptlet: gssproxy-0.9.2-10.el10.x86_64                        50/82 
#6 16.44   Installing       : gssproxy-0.9.2-10.el10.x86_64                        50/82 
#6 16.44   Running scriptlet: gssproxy-0.9.2-10.el10.x86_64                        50/82 
#6 16.46   Installing       : gdbm-1:1.23-12.el10_0.x86_64                         51/82 
#6 16.49   Installing       : pam-1.6.1-9.el10.x86_64                              52/82 
#6 16.55   Installing       : util-linux-2.40.2-18.el10.x86_64                     53/82 
#6 16.55 warning: /etc/adjtime created as /etc/adjtime.rpmnew
#6 16.55 
#6 16.55   Running scriptlet: util-linux-2.40.2-18.el10.x86_64                     53/82 
#6 16.57 Created symlink '/etc/systemd/system/timers.target.wants/fstrim.timer' → '/usr/lib/systemd/system/fstrim.timer'.
#6 16.57 
#6 16.57   Installing       : e2fsprogs-libs-1.47.1-5.el10.x86_64                  54/82 
#6 16.58   Installing       : quota-1:4.09-10.el10.x86_64                          55/82 
#6 16.60   Installing       : diffutils-3.10-8.el10.x86_64                         56/82 
#6 16.61   Installing       : policycoreutils-3.10-2.el10_2.x86_64                 57/82 
#6 16.61   Running scriptlet: policycoreutils-3.10-2.el10_2.x86_64                 57/82 
#6 16.63 Created symlink '/etc/systemd/system/sysinit.target.wants/selinux-autorelabel-mark.service' → '/usr/lib/systemd/system/selinux-autorelabel-mark.service'.
#6 16.63 
#6 16.63   Installing       : selinux-policy-42.1.18-4.el10_2.3.noarch             58/82 
#6 16.63   Running scriptlet: selinux-policy-42.1.18-4.el10_2.3.noarch             58/82 
#6 16.66   Running scriptlet: selinux-policy-targeted-extra-42.1.18-4.el10_2.3.n   59/82 
#6 16.69   Installing       : selinux-policy-targeted-extra-42.1.18-4.el10_2.3.n   59/82 
#6 16.70   Running scriptlet: selinux-policy-targeted-42.1.18-4.el10_2.3.noarch    60/82 
#6 16.92   Installing       : selinux-policy-targeted-42.1.18-4.el10_2.3.noarch    60/82 
#6 16.93   Running scriptlet: selinux-policy-targeted-42.1.18-4.el10_2.3.noarch    60/82 
#6 16.95   Installing       : device-mapper-persistent-data-1.3.0-1.el10.x86_64    61/82 
#6 16.98   Installing       : lvm2-10:2.03.36-2.el10.x86_64                        62/82 
#6 16.98   Running scriptlet: lvm2-10:2.03.36-2.el10.x86_64                        62/82 
#6 17.02 Created symlink '/etc/systemd/system/sysinit.target.wants/lvm2-monitor.service' → '/usr/lib/systemd/system/lvm2-monitor.service'.
#6 17.02 Created symlink '/etc/systemd/system/sysinit.target.wants/lvm2-lvmpolld.socket' → '/usr/lib/systemd/system/lvm2-lvmpolld.socket'.
#6 17.02 
#6 17.03   Installing       : cyrus-sasl-lib-2.1.28-30.el10_2.x86_64               63/82 
#6 17.04   Installing       : openldap-2.6.10-1.el10.x86_64                        64/82 
#6 17.05   Installing       : libnfsidmap-1:2.8.3-5.el10_2.x86_64                  65/82 
#6 17.05   Running scriptlet: nfs-utils-1:2.8.3-5.el10_2.x86_64                    66/82 
#6 17.10   Installing       : nfs-utils-1:2.8.3-5.el10_2.x86_64                    66/82 
#6 17.10   Running scriptlet: nfs-utils-1:2.8.3-5.el10_2.x86_64                    66/82 
#6 17.12 Created symlink '/etc/systemd/system/multi-user.target.wants/nfs-client.target' → '/usr/lib/systemd/system/nfs-client.target'.
#6 17.12 Created symlink '/etc/systemd/system/remote-fs.target.wants/nfs-client.target' → '/usr/lib/systemd/system/nfs-client.target'.
#6 17.12 
#6 17.14 System has not been booted with systemd as init system (PID 1). Can't operate.
#6 17.14 Failed to connect to system scope bus via local transport: Host is down
#6 17.14 
#6 17.15 System has not been booted with systemd as init system (PID 1). Can't operate.
#6 17.15 Failed to connect to system scope bus via local transport: Host is down
#6 17.15 
#6 17.16   Installing       : c-ares-1.34.6-2.el10_2.x86_64                        67/82 
#6 17.45   Installing       : nodejs-libs-1:22.23.1-6.el10_2.x86_64                68/82 
#6 17.60   Installing       : nodejs-full-i18n-1:22.23.1-6.el10_2.x86_64           69/82 
#6 17.87   Installing       : nodejs-npm-1:10.9.8-1.22.23.1.6.el10_2.x86_64        70/82 
#6 17.89   Installing       : nodejs-1:22.23.1-6.el10_2.x86_64                     71/82 
#6 17.89   Installing       : python3-distro-1.9.0-5.el10.noarch                   72/82 
#6 17.90   Installing       : python3-audit-4.0.3-5.el10.x86_64                    73/82 
#6 17.91   Installing       : checkpolicy-3.10-1.el10.x86_64                       74/82 
#6 17.94   Installing       : python3-policycoreutils-3.10-2.el10_2.noarch         75/82 
#6 17.95   Installing       : policycoreutils-python-utils-3.10-2.el10_2.noarch    76/82 
#6 17.95   Running scriptlet: glusterfs-selinux-2.0.1-1.el10.noarch                77/82 
#6 17.96   Installing       : glusterfs-selinux-2.0.1-1.el10.noarch                77/82 
#6 17.96   Running scriptlet: glusterfs-selinux-2.0.1-1.el10.noarch                77/82 
#6 20.59 Failed to resolve typeattributeset statement at /var/lib/selinux/targeted/tmp/modules/200/glusterd/cil:81
#6 20.59 Failed to resolve AST
#6 20.59 semodule:  Failed!
#6 20.59 libsemanage.semanage_direct_install_info: Overriding glusterd module at lower priority 100 with module at priority 200.
#6 20.59 
#6 20.64   Installing       : glusterfs-server-2026.08.23-0.0.gitb9354d26afe5.el   78/82 
#6 20.64   Running scriptlet: glusterfs-server-2026.08.23-0.0.gitb9354d26afe5.el   78/82 
#6 20.68   Installing       : glusterfs-gnfs-2026.08.23-0.0.gitb9354d26afe5.el10   79/82 
#6 20.68   Installing       : authselect-1.5.2-1.el10.x86_64                       80/82 
#6 20.69   Installing       : python3-gluster-2026.08.23-0.0.gitb9354d26afe5.el1   81/82 
#6 20.69   Installing       : rpm-plugin-selinux-4.19.1.1-23.el10.alma.1.x86_64    82/82 
#6 20.69   Running scriptlet: authselect-libs-1.5.2-1.el10.x86_64                  82/82 
#6 20.70   Running scriptlet: selinux-policy-targeted-extra-42.1.18-4.el10_2.3.n   82/82 
#6 26.50   Running scriptlet: selinux-policy-targeted-42.1.18-4.el10_2.3.noarch    82/82 
#6 32.29   Running scriptlet: glusterfs-selinux-2.0.1-1.el10.noarch                82/82 
#6 32.30   Running scriptlet: rpm-plugin-selinux-4.19.1.1-23.el10.alma.1.x86_64    82/82 
#6 32.43 
#6 32.43 Installed:
#6 32.43   authselect-1.5.2-1.el10.x86_64                                                
#6 32.43   authselect-libs-1.5.2-1.el10.x86_64                                           
#6 32.43   c-ares-1.34.6-2.el10_2.x86_64                                                 
#6 32.43   checkpolicy-3.10-1.el10.x86_64                                                
#6 32.43   cracklib-2.9.11-8.el10.x86_64                                                 
#6 32.43   cracklib-dicts-2.9.11-8.el10.x86_64                                           
#6 32.43   cyrus-sasl-lib-2.1.28-30.el10_2.x86_64                                        
#6 32.43   device-mapper-10:1.02.210-2.el10.x86_64                                       
#6 32.43   device-mapper-event-10:1.02.210-2.el10.x86_64                                 
#6 32.43   device-mapper-event-libs-10:1.02.210-2.el10.x86_64                            
#6 32.43   device-mapper-libs-10:1.02.210-2.el10.x86_64                                  
#6 32.43   device-mapper-persistent-data-1.3.0-1.el10.x86_64                             
#6 32.43   diffutils-3.10-8.el10.x86_64                                                  
#6 32.43   e2fsprogs-libs-1.47.1-5.el10.x86_64                                           
#6 32.43   gdbm-1:1.23-12.el10_0.x86_64                                                  
#6 32.43   glusterfs-2026.08.23-0.0.gitb9354d26afe5.el10.x86_64                          
#6 32.43   glusterfs-cli-2026.08.23-0.0.gitb9354d26afe5.el10.x86_64                      
#6 32.43   glusterfs-client-xlators-2026.08.23-0.0.gitb9354d26afe5.el10.x86_64           
#6 32.43   glusterfs-fuse-2026.08.23-0.0.gitb9354d26afe5.el10.x86_64                     
#6 32.43   glusterfs-gnfs-2026.08.23-0.0.gitb9354d26afe5.el10.x86_64                     
#6 32.43   glusterfs-selinux-2.0.1-1.el10.noarch                                         
#6 32.43   glusterfs-server-2026.08.23-0.0.gitb9354d26afe5.el10.x86_64                   
#6 32.43   gperftools-libs-2.15-4.el10_0.x86_64                                          
#6 32.43   gssproxy-0.9.2-10.el10.x86_64                                                 
#6 32.43   kmod-31-13.el10.x86_64                                                        
#6 32.43   libaio-0.3.111-22.el10.x86_64                                                 
#6 32.43   libbasicobjects-0.1.1-58.el10.x86_64                                          
#6 32.43   libbrotli-1.1.0-7.el10_1.x86_64                                               
#6 32.43   libcollection-0.7.0-58.el10.x86_64                                            
#6 32.43   libedit-3.1-52.20230828cvs.el10.x86_64                                        
#6 32.43   libev-4.33-15.el10.x86_64                                                     
#6 32.43   libevent-2.1.12-16.el10.x86_64                                                
#6 32.43   libgfapi0-2026.08.23-0.0.gitb9354d26afe5.el10.x86_64                          
#6 32.43   libgfchangelog0-2026.08.23-0.0.gitb9354d26afe5.el10.x86_64                    
#6 32.43   libgfrpc0-2026.08.23-0.0.gitb9354d26afe5.el10.x86_64                          
#6 32.43   libgfxdr0-2026.08.23-0.0.gitb9354d26afe5.el10.x86_64                          
#6 32.43   libglusterfs0-2026.08.23-0.0.gitb9354d26afe5.el10.x86_64                      
#6 32.43   libini_config-1.3.1-58.el10.x86_64                                            
#6 32.43   libnfsidmap-1:2.8.3-5.el10_2.x86_64                                           
#6 32.43   libnl3-3.11.0-1.el10.x86_64                                                   
#6 32.43   libnvme-1.16.1-3.el10_2.x86_64                                                
#6 32.43   libpath_utils-0.2.1-58.el10.x86_64                                            
#6 32.43   libpwquality-1.4.5-12.el10.x86_64                                             
#6 32.43   libref_array-0.1.5-58.el10.x86_64                                             
#6 32.43   libselinux-utils-3.10-1.el10.x86_64                                           
#6 32.43   libtirpc-1.3.5-1.el10.x86_64                                                  
#6 32.43   libunwind-1.8.0-4.el10_0.x86_64                                               
#6 32.43   liburing-2.12-1.el10.x86_64                                                   
#6 32.43   libutempter-1.2.1-15.el10.x86_64                                              
#6 32.43   libuv-1:1.52.1-1.el10_2.x86_64                                                
#6 32.43   libverto-libev-0.3.2-10.el10.x86_64                                           
#6 32.43   lvm2-10:2.03.36-2.el10.x86_64                                                 
#6 32.43   lvm2-libs-10:2.03.36-2.el10.x86_64                                            
#6 32.43   nfs-utils-1:2.8.3-5.el10_2.x86_64                                             
#6 32.43   nodejs-1:22.23.1-6.el10_2.x86_64                                              
#6 32.43   nodejs-docs-1:22.23.1-6.el10_2.noarch                                         
#6 32.43   nodejs-full-i18n-1:22.23.1-6.el10_2.x86_64                                    
#6 32.43   nodejs-libs-1:22.23.1-6.el10_2.x86_64                                         
#6 32.43   nodejs-npm-1:10.9.8-1.22.23.1.6.el10_2.x86_64                                 
#6 32.43   openldap-2.6.10-1.el10.x86_64                                                 
#6 32.43   openssl-1:3.5.5-2.el10_2.alma.1.x86_64                                        
#6 32.43   pam-1.6.1-9.el10.x86_64                                                       
#6 32.43   policycoreutils-3.10-2.el10_2.x86_64                                          
#6 32.43   policycoreutils-python-utils-3.10-2.el10_2.noarch                             
#6 32.43   psmisc-23.6-8.el10.x86_64                                                     
#6 32.43   python3-audit-4.0.3-5.el10.x86_64                                             
#6 32.43   python3-distro-1.9.0-5.el10.noarch                                            
#6 32.43   python3-gluster-2026.08.23-0.0.gitb9354d26afe5.el10.x86_64                    
#6 32.43   python3-libselinux-3.10-1.el10.x86_64                                         
#6 32.43   python3-libsemanage-3.10-1.el10.x86_64                                        
#6 32.43   python3-policycoreutils-3.10-2.el10_2.noarch                                  
#6 32.43   python3-pyxattr-0.7.2-14.el10.x86_64                                          
#6 32.43   python3-setools-4.6.0-3.el10.x86_64                                           
#6 32.43   quota-1:4.09-10.el10.x86_64                                                   
#6 32.43   quota-nls-1:4.09-10.el10.noarch                                               
#6 32.43   rpcbind-1.2.7-3.el10.x86_64                                                   
#6 32.43   rpm-plugin-selinux-4.19.1.1-23.el10.alma.1.x86_64                             
#6 32.43   selinux-policy-42.1.18-4.el10_2.3.noarch                                      
#6 32.43   selinux-policy-targeted-42.1.18-4.el10_2.3.noarch                             
#6 32.43   selinux-policy-targeted-extra-42.1.18-4.el10_2.3.noarch                       
#6 32.43   userspace-rcu-0.14.0-7.el10.x86_64                                            
#6 32.43   util-linux-2.40.2-18.el10.x86_64                                              
#6 32.43 
#6 32.43 Complete!
#6 32.74 37 files removed
#6 DONE 32.8s

#7 [3/5] COPY containers/gluster-bootstrap.mjs /usr/local/bin/gluster-bootstrap.mjs
#7 DONE 0.1s

#8 [4/5] RUN chmod 0755 /usr/local/bin/gluster-bootstrap.mjs
#8 DONE 0.1s

#9 [5/5] WORKDIR /app
#9 DONE 0.0s

#10 exporting to image
#10 exporting layers
#10 exporting layers 9.8s done
#10 exporting manifest sha256:d78002475d06c8a07ca37297c4aaf59fff7b688b60b433fb98fac0ca5929443f done
#10 exporting config sha256:f2c780a8bee2bfc3e5b76d0fe6b761fed4e3d6b7e1518fb944c887e3ab71d502 done
#10 exporting attestation manifest sha256:eb3ba9a96a762a494d32bb9e514d1c3090569a6518f260d2686c091db615cbcd done
#10 exporting manifest list sha256:5e4e18cecf3cd0e2e7bef6fac6abeb0dcad0132865fb313d6bddccbd27cdefe9 done
#10 naming to ghcr.io/eliware/alma10-gluster:2026.08.23-b9354d26afe5 done
#10 unpacking to ghcr.io/eliware/alma10-gluster:2026.08.23-b9354d26afe5
#10 unpacking to ghcr.io/eliware/alma10-gluster:2026.08.23-b9354d26afe5 2.1s done
#10 DONE 12.0s

 [33m1 warning found (use docker --debug to expand):
[0m - SecretsUsedInArgOrEnv: Do not use ARG or ENV instructions for sensitive data (ARG "RPM_GPG_KEY_URL") (line 15)
{
  "run_id": "20260823172545303-a7111e4a",
  "generated": "2026-08-23T17:35:34Z",
  "repository_integrity": {
    "status": "not-tested",
    "detail": "verified by the conductor against the package repository"
  },
  "provenance_verification": {
    "status": "not-tested",
    "detail": "generated and verified by the conductor after image publication"
  },
  "checks": {
    "install": {
      "status": "passed"
    },
    "cli_available": {
      "status": "passed"
    },
    "volume_create_mount": {
      "status": "passed"
    },
    "file_lifecycle": {
      "status": "passed"
    },
    "volume_unmount_delete": {
      "status": "passed"
    },
    "service_shutdown": {
      "status": "passed"
    }
  },
  "distributions": [
    {
      "id": "almalinux-10",
      "label": "AlmaLinux 10",
      "container_core": {
        "status": "passed",
        "detail": "updated; volume stop: smoke: success; volume delete: smoke: success"
      }
    }
  ],
  "metadata_version": "0.1.0"
}
Validated 11 image labels
Login Succeeded
The push refers to repository [ghcr.io/eliware/alma10-gluster]
768ba55edbd1: Waiting
44136fa355b3: Waiting
1fdcfaf5426c: Waiting
422495057724: Waiting
768ba55edbd1: Waiting
44136fa355b3: Already exists
1fdcfaf5426c: Waiting
422495057724: Waiting
07b23aee03a0: Waiting
1fdcfaf5426c: Waiting
422495057724: Layer already exists
07b23aee03a0: Waiting
768ba55edbd1: Waiting
4a001060e4c3: Waiting
4a001060e4c3: Pushed
fa87c621ccc2: Waiting
07b23aee03a0: Pushed
768ba55edbd1: Pushed
fa87c621ccc2: Pushed
1fdcfaf5426c: Pushed
2026.08.23-b9354d26afe5: digest: sha256:5e4e18cecf3cd0e2e7bef6fac6abeb0dcad0132865fb313d6bddccbd27cdefe9 size: 856
sha256:5e4e18cecf3cd0e2e7bef6fac6abeb0dcad0132865fb313d6bddccbd27cdefe9
