#0 building with "default" instance using docker driver

#1 [internal] load build definition from oracle10-gluster.Dockerfile
#1 transferring dockerfile: 3.07kB done
#1 WARN: SecretsUsedInArgOrEnv: Do not use ARG or ENV instructions for sensitive data (ARG "RPM_GPG_KEY_URL") (line 15)
#1 DONE 0.0s

#2 [internal] load metadata for docker.io/library/oraclelinux:10@sha256:2f145af52abf6ee5be815b35751c65dc1531a4c709904c4fd7f72b23fdbc5015
#2 DONE 0.0s

#3 [internal] load .dockerignore
#3 transferring context: 2B done
#3 DONE 0.0s

#4 [1/5] FROM docker.io/library/oraclelinux:10@sha256:2f145af52abf6ee5be815b35751c65dc1531a4c709904c4fd7f72b23fdbc5015
#4 resolve docker.io/library/oraclelinux:10@sha256:2f145af52abf6ee5be815b35751c65dc1531a4c709904c4fd7f72b23fdbc5015 0.0s done
#4 CACHED

#5 [internal] load build context
#5 transferring context: 84B done
#5 DONE 0.0s

#6 [2/5] RUN test -n "https://glusterfs.eliware.org/el10/x86_64/previews/epel10-rolling-2026.08.26-a6fa98f65c40/"     && test -n "2a56f9cd53764d4414003b5d883b6ba20af260b5cc34b087a29a5e2d950d5a43"     && dnf -y install dnf-plugins-core     && dnf -y install oracle-epel-release-el10 oraclelinux-developer-release-el10     && dnf config-manager --set-enabled ol10_codeready_builder     && dnf -y install gperftools-libs python3-pyxattr     && curl --fail --silent --show-error --location --retry 6 --retry-all-errors --retry-delay 2 --connect-timeout 15 --max-time 60 "https://glusterfs.eliware.org/keys/RPM-GPG-KEY-ELIWARE-GLUSTER" --output /tmp/eliware-gluster-key     && rpm --import /tmp/eliware-gluster-key     && printf '[eliware-glusterfs]\nname=Eliware GlusterFS\nbaseurl=%s\nenabled=1\ngpgcheck=1\nrepo_gpgcheck=1\ngpgkey=%s\n' "https://glusterfs.eliware.org/el10/x86_64/previews/epel10-rolling-2026.08.26-a6fa98f65c40/" "https://glusterfs.eliware.org/keys/RPM-GPG-KEY-ELIWARE-GLUSTER" > /etc/yum.repos.d/eliware-glusterfs.repo     && curl --fail --silent --show-error --location --retry 6 --retry-all-errors --retry-delay 2 --connect-timeout 15 --max-time 60 "https://glusterfs.eliware.org/el10/x86_64/previews/epel10-rolling-2026.08.26-a6fa98f65c40/repodata/repomd.xml" --output /tmp/repomd.xml     && printf '%s  /tmp/repomd.xml\n' "2a56f9cd53764d4414003b5d883b6ba20af260b5cc34b087a29a5e2d950d5a43" | sha256sum --check --status     && dnf -y --enablerepo=eliware-glusterfs install          glusterfs glusterfs-server glusterfs-selinux glusterfs-cli          glusterfs-client-xlators glusterfs-fuse glusterfs-gnfs          libgfapi0 libgfchangelog0 libgfrpc0 libgfxdr0 libglusterfs0          python3-gluster nodejs     && dnf clean all     && rm -f /tmp/eliware-gluster-key /tmp/repomd.xml     && rm -rf /var/cache/dnf
#6 4.359 Oracle Linux 10 BaseOS Latest (x86_64)           16 MB/s |  64 MB     00:04    
#6 10.77 Oracle Linux 10 Application Stream Packages (x8 3.9 MB/s | 5.4 MB     00:01    
#6 11.53 Last metadata expiration check: 0:00:01 ago on Wed Aug 26 02:12:16 2026.
#6 12.06 Package dnf-plugins-core-4.7.0-10.0.1.el10.noarch is already installed.
#6 12.08 Dependencies resolved.
#6 12.08 Nothing to do.
#6 12.08 Complete!
#6 12.34 Last metadata expiration check: 0:00:02 ago on Wed Aug 26 02:12:16 2026.
#6 12.45 Dependencies resolved.
#6 12.45 ================================================================================
#6 12.45  Package                            Arch   Version     Repository          Size
#6 12.45 ================================================================================
#6 12.45 Installing:
#6 12.45  oracle-epel-release-el10           x86_64 1.0-7.el10  ol10_baseos_latest  15 k
#6 12.45  oraclelinux-developer-release-el10 x86_64 1.0-7.el10  ol10_baseos_latest  15 k
#6 12.45 
#6 12.45 Transaction Summary
#6 12.45 ================================================================================
#6 12.45 Install  2 Packages
#6 12.45 
#6 12.45 Total download size: 29 k
#6 12.45 Installed size: 36 k
#6 12.45 Downloading Packages:
#6 12.75 (1/2): oraclelinux-developer-release-el10-1.0-7  49 kB/s |  15 kB     00:00    
#6 12.76 (2/2): oracle-epel-release-el10-1.0-7.el10.x86_  48 kB/s |  15 kB     00:00    
#6 12.76 --------------------------------------------------------------------------------
#6 12.76 Total                                            95 kB/s |  29 kB     00:00     
#6 12.77 Running transaction check
#6 12.78 Transaction check succeeded.
#6 12.78 Running transaction test
#6 12.79 Transaction test succeeded.
#6 12.79 Running transaction
#6 12.79   Preparing        :                                                        1/1 
#6 12.83   Installing       : oraclelinux-developer-release-el10-1.0-7.el10.x86_64   1/2 
#6 12.83   Installing       : oracle-epel-release-el10-1.0-7.el10.x86_64             2/2 
#6 13.20 
#6 13.20 Installed:
#6 13.20   oracle-epel-release-el10-1.0-7.el10.x86_64                                    
#6 13.20   oraclelinux-developer-release-el10-1.0-7.el10.x86_64                          
#6 13.20 
#6 13.20 Complete!
#6 15.13 Oracle Linux 10.2 EPEL Packages for Development 3.7 MB/s | 5.7 MB     00:01    
#6 16.25 Oracle Linux 10 BaseOS Latest (x86_64)           12 kB/s | 3.6 kB     00:00    
#6 16.60 Oracle Linux 10 Application Stream Packages (x8  12 kB/s | 3.6 kB     00:00    
#6 17.86 Oracle Linux 10 CodeReady Builder (x86_64) - (U 1.4 MB/s | 1.7 MB     00:01    
#6 18.97 Oracle Linux 10 Development Packages (x86_64)   162 kB/s | 134 kB     00:00    
#6 20.25 Dependencies resolved.
#6 20.25 ================================================================================
#6 20.25  Package            Arch      Version           Repository                 Size
#6 20.25 ================================================================================
#6 20.25 Installing:
#6 20.25  gperftools-libs    x86_64    2.15-4.el10_0     ol10_u2_developer_EPEL    320 k
#6 20.25  python3-pyxattr    x86_64    0.7.2-14.el10     ol10_codeready_builder     42 k
#6 20.25 Installing dependencies:
#6 20.25  libunwind          x86_64    1.8.0-4.el10_0    ol10_u2_developer_EPEL     89 k
#6 20.25 
#6 20.25 Transaction Summary
#6 20.25 ================================================================================
#6 20.25 Install  3 Packages
#6 20.25 
#6 20.25 Total download size: 450 k
#6 20.25 Installed size: 1.6 M
#6 20.25 Downloading Packages:
#6 20.80 (1/3): python3-pyxattr-0.7.2-14.el10.x86_64.rpm  75 kB/s |  42 kB     00:00    
#6 20.90 (2/3): libunwind-1.8.0-4.el10_0.x86_64.rpm      138 kB/s |  89 kB     00:00    
#6 21.07 (3/3): gperftools-libs-2.15-4.el10_0.x86_64.rpm 392 kB/s | 320 kB     00:00    
#6 21.07 --------------------------------------------------------------------------------
#6 21.07 Total                                           549 kB/s | 450 kB     00:00     
#6 21.09 Running transaction check
#6 21.10 Transaction check succeeded.
#6 21.10 Running transaction test
#6 21.15 Transaction test succeeded.
#6 21.15 Running transaction
#6 21.16   Preparing        :                                                        1/1 
#6 21.21   Installing       : libunwind-1.8.0-4.el10_0.x86_64                        1/3 
#6 21.23   Installing       : gperftools-libs-2.15-4.el10_0.x86_64                   2/3 
#6 21.23   Installing       : python3-pyxattr-0.7.2-14.el10.x86_64                   3/3 
#6 21.24   Running scriptlet: python3-pyxattr-0.7.2-14.el10.x86_64                   3/3 
#6 21.37 
#6 21.37 Installed:
#6 21.37   gperftools-libs-2.15-4.el10_0.x86_64      libunwind-1.8.0-4.el10_0.x86_64     
#6 21.37   python3-pyxattr-0.7.2-14.el10.x86_64     
#6 21.37 
#6 21.37 Complete!
#6 21.68 Eliware GlusterFS                               5.9 kB/s | 228  B     00:00    
#6 21.69 Eliware GlusterFS                                62 kB/s | 847  B     00:00    
#6 21.69 Importing GPG key 0x79687D60:
#6 21.69  Userid     : "Eliware GlusterFS Release <gluster-release@eliware.org>"
#6 21.69  Fingerprint: 82EC A351 E170 E834 0B53 B476 EDCB 5E07 7968 7D60
#6 21.69  From       : https://glusterfs.eliware.org/keys/RPM-GPG-KEY-ELIWARE-GLUSTER
#6 21.74 Eliware GlusterFS                               235 kB/s |  10 kB     00:00    
#6 22.37 Dependencies resolved.
#6 22.38 ======================================================================================================
#6 22.38  Package                         Arch    Version                             Repository           Size
#6 22.38 ======================================================================================================
#6 22.38 Installing:
#6 22.38  glusterfs                       x86_64  2026.08.26-0.0.gita6fa98f65c40.el10 eliware-glusterfs   594 k
#6 22.38  glusterfs-cli                   x86_64  2026.08.26-0.0.gita6fa98f65c40.el10 eliware-glusterfs   185 k
#6 22.38  glusterfs-client-xlators        x86_64  2026.08.26-0.0.gita6fa98f65c40.el10 eliware-glusterfs   785 k
#6 22.38  glusterfs-fuse                  x86_64  2026.08.26-0.0.gita6fa98f65c40.el10 eliware-glusterfs   137 k
#6 22.38  glusterfs-gnfs                  x86_64  2026.08.26-0.0.gita6fa98f65c40.el10 eliware-glusterfs   145 k
#6 22.38  glusterfs-selinux               noarch  2.0.1-1.el10                        eliware-glusterfs    25 k
#6 22.38  glusterfs-server                x86_64  2026.08.26-0.0.gita6fa98f65c40.el10 eliware-glusterfs   1.2 M
#6 22.38  libgfapi0                       x86_64  2026.08.26-0.0.gita6fa98f65c40.el10 eliware-glusterfs    95 k
#6 22.38  libgfchangelog0                 x86_64  2026.08.26-0.0.gita6fa98f65c40.el10 eliware-glusterfs    34 k
#6 22.38  libgfrpc0                       x86_64  2026.08.26-0.0.gita6fa98f65c40.el10 eliware-glusterfs    53 k
#6 22.38  libgfxdr0                       x86_64  2026.08.26-0.0.gita6fa98f65c40.el10 eliware-glusterfs    31 k
#6 22.38  libglusterfs0                   x86_64  2026.08.26-0.0.gita6fa98f65c40.el10 eliware-glusterfs   289 k
#6 22.38  nodejs                          x86_64  1:22.23.1-6.0.1.el10_2              ol10_appstream       59 k
#6 22.38  python3-gluster                 x86_64  2026.08.26-0.0.gita6fa98f65c40.el10 eliware-glusterfs    17 k
#6 22.38 Installing dependencies:
#6 22.38  c-ares                          x86_64  1.34.6-2.el10_2                     ol10_baseos_latest  130 k
#6 22.38  checkpolicy                     x86_64  3.10-1.el10                         ol10_appstream      410 k
#6 22.38  device-mapper                   x86_64  10:1.02.210-2.el10                  ol10_baseos_latest  399 k
#6 22.38  device-mapper-event             x86_64  10:1.02.210-2.el10                  ol10_baseos_latest  285 k
#6 22.38  device-mapper-event-libs        x86_64  10:1.02.210-2.el10                  ol10_baseos_latest  275 k
#6 22.38  device-mapper-libs              x86_64  10:1.02.210-2.el10                  ol10_baseos_latest  424 k
#6 22.38  device-mapper-persistent-data   x86_64  1.3.0-1.el10                        ol10_baseos_latest  1.2 M
#6 22.38  e2fsprogs-libs                  x86_64  1.47.1-5.el10                       ol10_baseos_latest  250 k
#6 22.38  gssproxy                        x86_64  0.9.2-10.el10                       ol10_baseos_latest  126 k
#6 22.38  kmod                            x86_64  31-13.0.1.el10                      ol10_baseos_latest  161 k
#6 22.38  libaio                          x86_64  0.3.111-22.el10                     ol10_baseos_latest   23 k
#6 22.38  libbasicobjects                 x86_64  0.1.1-58.el10                       ol10_baseos_latest   25 k
#6 22.38  libcollection                   x86_64  0.7.0-58.el10                       ol10_baseos_latest   44 k
#6 22.38  libev                           x86_64  4.33-15.el10                        ol10_baseos_latest   64 k
#6 22.38  libini_config                   x86_64  1.3.1-58.el10                       ol10_baseos_latest   67 k
#6 22.38  libnfsidmap                     x86_64  1:2.8.3-5.0.1.el10_2                ol10_baseos_latest  139 k
#6 22.38  libnl3                          x86_64  3.11.0-1.el10                       ol10_baseos_latest  366 k
#6 22.38  libnvme                         x86_64  1.16.1-3.0.1.el10_2                 ol10_baseos_latest  128 k
#6 22.38  libpath_utils                   x86_64  0.2.1-58.el10                       ol10_baseos_latest   28 k
#6 22.38  libref_array                    x86_64  0.1.5-58.el10                       ol10_baseos_latest   27 k
#6 22.38  libtirpc                        x86_64  1.3.5-1.el10                        ol10_baseos_latest  102 k
#6 22.38  liburing                        x86_64  2.12-1.el10                         ol10_baseos_latest   46 k
#6 22.38  libuv                           x86_64  1:1.52.1-1.el10_2                   ol10_appstream      281 k
#6 22.38  libverto-libev                  x86_64  0.3.2-10.el10                       ol10_baseos_latest   13 k
#6 22.38  lvm2                            x86_64  10:2.03.36-2.el10                   ol10_baseos_latest  1.9 M
#6 22.38  lvm2-libs                       x86_64  10:2.03.36-2.el10                   ol10_baseos_latest  1.3 M
#6 22.38  nfs-utils                       x86_64  1:2.8.3-5.0.1.el10_2                ol10_baseos_latest  615 k
#6 22.38  nodejs-libs                     x86_64  1:22.23.1-6.0.1.el10_2              ol10_appstream       20 M
#6 22.38  openssl                         x86_64  1:3.5.5-6.0.1.el10_2                ol10_baseos_latest  1.4 M
#6 22.38  policycoreutils-python-utils    noarch  3.10-2.el10_2                       ol10_appstream      250 k
#6 22.38  psmisc                          x86_64  23.6-8.el10                         ol10_baseos_latest  403 k
#6 22.38  python3-audit                   x86_64  4.0.3-5.0.1.el10                    ol10_appstream       87 k
#6 22.38  python3-distro                  noarch  1.9.0-5.el10                        ol10_appstream       66 k
#6 22.38  python3-libselinux              x86_64  3.10-1.el10                         ol10_appstream      304 k
#6 22.38  python3-libsemanage             x86_64  3.10-1.el10                         ol10_appstream      140 k
#6 22.38  python3-policycoreutils         noarch  3.10-2.el10_2                       ol10_appstream      2.6 M
#6 22.38  python3-setools                 x86_64  4.6.0-3.el10                        ol10_baseos_latest  913 k
#6 22.38  quota                           x86_64  1:4.09-10.el10                      ol10_baseos_latest  235 k
#6 22.38  quota-nls                       noarch  1:4.09-10.el10                      ol10_baseos_latest  107 k
#6 22.38  rpcbind                         x86_64  1.2.7-3.el10                        ol10_baseos_latest   69 k
#6 22.38  rpm-plugin-selinux              x86_64  4.19.1.1-23.el10                    ol10_baseos_latest   44 k
#6 22.38  selinux-policy                  noarch  42.1.18-4.0.1.el10_2.3              ol10_baseos_latest   32 k
#6 22.38  selinux-policy-targeted         noarch  42.1.18-4.0.1.el10_2.3              ol10_baseos_latest  7.0 M
#6 22.38  userspace-rcu                   x86_64  0.14.0-7.el10                       ol10_baseos_latest  123 k
#6 22.38 Installing weak dependencies:
#6 22.38  nodejs-docs                     noarch  1:22.23.1-6.0.1.el10_2              ol10_appstream      9.9 M
#6 22.38  nodejs-full-i18n                x86_64  1:22.23.1-6.0.1.el10_2              ol10_appstream      8.9 M
#6 22.38  nodejs-npm                      x86_64  1:10.9.8-1.22.23.1.6.0.1.el10_2     ol10_appstream      3.8 M
#6 22.38 
#6 22.38 Transaction Summary
#6 22.38 ======================================================================================================
#6 22.38 Install  61 Packages
#6 22.38 
#6 22.38 Total download size: 68 M
#6 22.38 Installed size: 281 M
#6 22.38 Downloading Packages:
#6 22.44 (1/61): glusterfs-cli-2026.08.26-0.0.gita6fa98f 3.4 MB/s | 185 kB     00:00    
#6 22.44 (2/61): glusterfs-2026.08.26-0.0.gita6fa98f65c4  10 MB/s | 594 kB     00:00    
#6 22.45 (3/61): glusterfs-client-xlators-2026.08.26-0.0  12 MB/s | 785 kB     00:00    
#6 22.45 (4/61): glusterfs-gnfs-2026.08.26-0.0.gita6fa98  17 MB/s | 145 kB     00:00    
#6 22.45 (5/61): glusterfs-selinux-2.0.1-1.el10.noarch.r 5.6 MB/s |  25 kB     00:00    
#6 22.45 (6/61): glusterfs-fuse-2026.08.26-0.0.gita6fa98 8.4 MB/s | 137 kB     00:00    
#6 22.47 (7/61): glusterfs-server-2026.08.26-0.0.gita6fa  62 MB/s | 1.2 MB     00:00    
#6 22.47 (8/61): libgfchangelog0-2026.08.26-0.0.gita6fa9 1.9 MB/s |  34 kB     00:00    
#6 22.47 (9/61): libgfapi0-2026.08.26-0.0.gita6fa98f65c4 4.7 MB/s |  95 kB     00:00    
#6 22.48 (10/61): libgfrpc0-2026.08.26-0.0.gita6fa98f65c 4.5 MB/s |  53 kB     00:00    
#6 22.48 (11/61): libglusterfs0-2026.08.26-0.0.gita6fa98  22 MB/s | 289 kB     00:00    
#6 22.49 (12/61): python3-gluster-2026.08.26-0.0.gita6fa 3.8 MB/s |  17 kB     00:00    
#6 22.49 (13/61): libgfxdr0-2026.08.26-0.0.gita6fa98f65c 1.6 MB/s |  31 kB     00:00    
#6 23.07 (14/61): c-ares-1.34.6-2.el10_2.x86_64.rpm      224 kB/s | 130 kB     00:00    
#6 23.18 (15/61): device-mapper-event-1.02.210-2.el10.x8 412 kB/s | 285 kB     00:00    
#6 23.23 (16/61): device-mapper-1.02.210-2.el10.x86_64.r 538 kB/s | 399 kB     00:00    
#6 23.33 (17/61): device-mapper-event-libs-1.02.210-2.el 1.0 MB/s | 275 kB     00:00    
#6 23.41 (18/61): device-mapper-libs-1.02.210-2.el10.x86 1.8 MB/s | 424 kB     00:00    
#6 23.49 (19/61): e2fsprogs-libs-1.47.1-5.el10.x86_64.rp 1.6 MB/s | 250 kB     00:00    
#6 23.52 (20/61): gssproxy-0.9.2-10.el10.x86_64.rpm      1.1 MB/s | 126 kB     00:00    
#6 23.55 (21/61): device-mapper-persistent-data-1.3.0-1. 3.9 MB/s | 1.2 MB     00:00    
#6 23.62 (22/61): kmod-31-13.0.1.el10.x86_64.rpm         1.2 MB/s | 161 kB     00:00    
#6 23.63 (23/61): libaio-0.3.111-22.el10.x86_64.rpm      232 kB/s |  23 kB     00:00    
#6 23.65 (24/61): libbasicobjects-0.1.1-58.el10.x86_64.r 246 kB/s |  25 kB     00:00    
#6 23.73 (25/61): libcollection-0.7.0-58.el10.x86_64.rpm 397 kB/s |  44 kB     00:00    
#6 23.73 (26/61): libev-4.33-15.el10.x86_64.rpm          589 kB/s |  64 kB     00:00    
#6 23.76 (27/61): libini_config-1.3.1-58.el10.x86_64.rpm 623 kB/s |  67 kB     00:00    
#6 23.86 (28/61): libnvme-1.16.1-3.0.1.el10_2.x86_64.rpm 1.2 MB/s | 128 kB     00:00    
#6 23.87 (29/61): libnfsidmap-2.8.3-5.0.1.el10_2.x86_64. 1.0 MB/s | 139 kB     00:00    
#6 23.88 (30/61): libnl3-3.11.0-1.el10.x86_64.rpm        2.5 MB/s | 366 kB     00:00    
#6 23.97 (31/61): libpath_utils-0.2.1-58.el10.x86_64.rpm 271 kB/s |  28 kB     00:00    
#6 23.97 (32/61): libref_array-0.1.5-58.el10.x86_64.rpm  254 kB/s |  27 kB     00:00    
#6 23.99 (33/61): libtirpc-1.3.5-1.el10.x86_64.rpm       920 kB/s | 102 kB     00:00    
#6 24.07 (34/61): liburing-2.12-1.el10.x86_64.rpm        452 kB/s |  46 kB     00:00    
#6 24.07 (35/61): libverto-libev-0.3.2-10.el10.x86_64.rp 122 kB/s |  13 kB     00:00    
#6 24.23 (36/61): lvm2-libs-2.03.36-2.el10.x86_64.rpm    7.8 MB/s | 1.3 MB     00:00    
#6 24.30 (37/61): lvm2-2.03.36-2.el10.x86_64.rpm         6.2 MB/s | 1.9 MB     00:00    
#6 24.31 (38/61): nfs-utils-2.8.3-5.0.1.el10_2.x86_64.rp 2.6 MB/s | 615 kB     00:00    
#6 24.40 (39/61): openssl-3.5.5-6.0.1.el10_2.x86_64.rpm  8.6 MB/s | 1.4 MB     00:00    
#6 24.41 (40/61): psmisc-23.6-8.el10.x86_64.rpm          3.4 MB/s | 403 kB     00:00    
#6 24.51 (41/61): quota-4.09-10.el10.x86_64.rpm          2.1 MB/s | 235 kB     00:00    
#6 24.51 (42/61): python3-setools-4.6.0-3.el10.x86_64.rp 4.4 MB/s | 913 kB     00:00    
#6 24.52 (43/61): quota-nls-4.09-10.el10.noarch.rpm      1.0 MB/s | 107 kB     00:00    
#6 24.61 (44/61): rpcbind-1.2.7-3.el10.x86_64.rpm        676 kB/s |  69 kB     00:00    
#6 24.61 (45/61): rpm-plugin-selinux-4.19.1.1-23.el10.x8 441 kB/s |  44 kB     00:00    
#6 24.62 (46/61): selinux-policy-42.1.18-4.0.1.el10_2.3. 319 kB/s |  32 kB     00:00    
#6 24.72 (47/61): userspace-rcu-0.14.0-7.el10.x86_64.rpm 1.1 MB/s | 123 kB     00:00    
#6 24.73 (48/61): checkpolicy-3.10-1.el10.x86_64.rpm     3.5 MB/s | 410 kB     00:00    
#6 24.83 (49/61): libuv-1.52.1-1.el10_2.x86_64.rpm       2.5 MB/s | 281 kB     00:00    
#6 24.84 (50/61): nodejs-22.23.1-6.0.1.el10_2.x86_64.rpm 581 kB/s |  59 kB     00:00    
#6 25.00 (51/61): selinux-policy-targeted-42.1.18-4.0.1.  18 MB/s | 7.0 MB     00:00    
#6 25.26 (52/61): nodejs-full-i18n-22.23.1-6.0.1.el10_2.  21 MB/s | 8.9 MB     00:00    
#6 25.30 (53/61): nodejs-docs-22.23.1-6.0.1.el10_2.noarc  21 MB/s | 9.9 MB     00:00    
#6 25.40 (54/61): policycoreutils-python-utils-3.10-2.el 2.4 MB/s | 250 kB     00:00    
#6 25.48 (55/61): nodejs-npm-10.9.8-1.22.23.1.6.0.1.el10  18 MB/s | 3.8 MB     00:00    
#6 25.50 (56/61): python3-audit-4.0.3-5.0.1.el10.x86_64. 874 kB/s |  87 kB     00:00    
#6 25.58 (57/61): python3-distro-1.9.0-5.el10.noarch.rpm 658 kB/s |  66 kB     00:00    
#6 25.60 (58/61): python3-libselinux-3.10-1.el10.x86_64. 2.9 MB/s | 304 kB     00:00    
#6 25.72 (59/61): nodejs-libs-22.23.1-6.0.1.el10_2.x86_6  28 MB/s |  20 MB     00:00    
#6 25.72 (60/61): python3-libsemanage-3.10-1.el10.x86_64 998 kB/s | 140 kB     00:00    
#6 25.74 (61/61): python3-policycoreutils-3.10-2.el10_2.  19 MB/s | 2.6 MB     00:00    
#6 25.74 --------------------------------------------------------------------------------
#6 25.74 Total                                            20 MB/s |  68 MB     00:03     
#6 26.53 Running transaction check
#6 26.63 Transaction check succeeded.
#6 26.63 Running transaction test
#6 27.34 Transaction test succeeded.
#6 27.34 Running transaction
#6 27.96   Running scriptlet: selinux-policy-targeted-42.1.18-4.0.1.el10_2.3.noarc   1/1 
#6 27.96   Running scriptlet: nodejs-1:22.23.1-6.0.1.el10_2.x86_64                   1/1 
#6 28.01   Preparing        :                                                        1/1 
#6 28.07   Installing       : libtirpc-1.3.5-1.el10.x86_64                          1/61 
#6 28.08   Installing       : userspace-rcu-0.14.0-7.el10.x86_64                    2/61 
#6 28.09   Installing       : libgfxdr0-2026.08.26-0.0.gita6fa98f65c40.el10.x86_    3/61 
#6 28.09   Running scriptlet: libgfxdr0-2026.08.26-0.0.gita6fa98f65c40.el10.x86_    3/61 
#6 28.11   Installing       : libglusterfs0-2026.08.26-0.0.gita6fa98f65c40.el10.    4/61 
#6 28.11   Running scriptlet: libglusterfs0-2026.08.26-0.0.gita6fa98f65c40.el10.    4/61 
#6 28.12   Installing       : libgfrpc0-2026.08.26-0.0.gita6fa98f65c40.el10.x86_    5/61 
#6 28.12   Running scriptlet: libgfrpc0-2026.08.26-0.0.gita6fa98f65c40.el10.x86_    5/61 
#6 28.14   Installing       : glusterfs-client-xlators-2026.08.26-0.0.gita6fa98f    6/61 
#6 28.14   Running scriptlet: glusterfs-2026.08.26-0.0.gita6fa98f65c40.el10.x86_    7/61 
#6 28.19   Installing       : glusterfs-2026.08.26-0.0.gita6fa98f65c40.el10.x86_    7/61 
#6 28.20   Running scriptlet: glusterfs-2026.08.26-0.0.gita6fa98f65c40.el10.x86_    7/61 
#6 28.21   Installing       : selinux-policy-42.1.18-4.0.1.el10_2.3.noarch          8/61 
#6 28.21   Running scriptlet: selinux-policy-42.1.18-4.0.1.el10_2.3.noarch          8/61 
#6 28.24   Running scriptlet: selinux-policy-targeted-42.1.18-4.0.1.el10_2.3.noa    9/61 
#6 28.45   Installing       : selinux-policy-targeted-42.1.18-4.0.1.el10_2.3.noa    9/61 
#6 28.46   Running scriptlet: selinux-policy-targeted-42.1.18-4.0.1.el10_2.3.noa    9/61 
#6 28.47   Installing       : libaio-0.3.111-22.el10.x86_64                        10/61 
#6 28.47   Installing       : libgfapi0-2026.08.26-0.0.gita6fa98f65c40.el10.x86_   11/61 
#6 28.47   Running scriptlet: libgfapi0-2026.08.26-0.0.gita6fa98f65c40.el10.x86_   11/61 
#6 28.48   Running scriptlet: rpcbind-1.2.7-3.el10.x86_64                          12/61 
#6 28.50   Installing       : rpcbind-1.2.7-3.el10.x86_64                          12/61 
#6 28.51   Running scriptlet: rpcbind-1.2.7-3.el10.x86_64                          12/61 
#6 28.52 Created symlink '/etc/systemd/system/multi-user.target.wants/rpcbind.service' → '/usr/lib/systemd/system/rpcbind.service'.
#6 28.52 Created symlink '/etc/systemd/system/sockets.target.wants/rpcbind.socket' → '/usr/lib/systemd/system/rpcbind.socket'.
#6 28.52 
#6 28.55   Installing       : device-mapper-libs-10:1.02.210-2.el10.x86_64         13/61 
#6 28.56   Installing       : device-mapper-10:1.02.210-2.el10.x86_64              14/61 
#6 28.57   Installing       : device-mapper-event-libs-10:1.02.210-2.el10.x86_64   15/61 
#6 28.58   Installing       : python3-libselinux-3.10-1.el10.x86_64                16/61 
#6 28.95   Installing       : nodejs-docs-1:22.23.1-6.0.1.el10_2.noarch            17/61 
#6 28.96   Installing       : libuv-1:1.52.1-1.el10_2.x86_64                       18/61 
#6 28.97   Installing       : libref_array-0.1.5-58.el10.x86_64                    19/61 
#6 28.97   Installing       : libnvme-1.16.1-3.0.1.el10_2.x86_64                   20/61 
#6 28.98   Installing       : kmod-31-13.0.1.el10.x86_64                           21/61 
#6 28.98   Installing       : c-ares-1.34.6-2.el10_2.x86_64                        22/61 
#6 29.28   Installing       : nodejs-libs-1:22.23.1-6.0.1.el10_2.x86_64            23/61 
#6 29.28   Installing       : python3-libsemanage-3.10-1.el10.x86_64               24/61 
#6 29.29   Installing       : device-mapper-event-10:1.02.210-2.el10.x86_64        25/61 
#6 29.29   Running scriptlet: device-mapper-event-10:1.02.210-2.el10.x86_64        25/61 
#6 29.30 Created symlink '/etc/systemd/system/sockets.target.wants/dm-event.socket' → '/usr/lib/systemd/system/dm-event.socket'.
#6 29.30 
#6 29.32   Installing       : lvm2-libs-10:2.03.36-2.el10.x86_64                   26/61 
#6 29.33   Installing       : glusterfs-cli-2026.08.26-0.0.gita6fa98f65c40.el10.   27/61 
#6 29.33   Installing       : libgfchangelog0-2026.08.26-0.0.gita6fa98f65c40.el1   28/61 
#6 29.33   Running scriptlet: libgfchangelog0-2026.08.26-0.0.gita6fa98f65c40.el1   28/61 
#6 29.35   Installing       : python3-distro-1.9.0-5.el10.noarch                   29/61 
#6 29.35   Installing       : python3-audit-4.0.3-5.0.1.el10.x86_64                30/61 
#6 29.36   Installing       : checkpolicy-3.10-1.el10.x86_64                       31/61 
#6 29.36   Installing       : quota-nls-1:4.09-10.el10.noarch                      32/61 
#6 29.40   Installing       : python3-setools-4.6.0-3.el10.x86_64                  33/61 
#6 29.46   Installing       : python3-policycoreutils-3.10-2.el10_2.noarch         34/61 
#6 29.47   Installing       : policycoreutils-python-utils-3.10-2.el10_2.noarch    35/61 
#6 29.48   Running scriptlet: glusterfs-selinux-2.0.1-1.el10.noarch                36/61 
#6 29.48   Installing       : glusterfs-selinux-2.0.1-1.el10.noarch                36/61 
#6 29.48   Running scriptlet: glusterfs-selinux-2.0.1-1.el10.noarch                36/61 
#6 31.76 Failed to resolve typeattributeset statement at /var/lib/selinux/targeted/tmp/modules/200/glusterd/cil:81
#6 31.76 Failed to resolve AST
#6 31.76 semodule:  Failed!
#6 31.76 libsemanage.semanage_direct_install_info: Overriding glusterd module at lower priority 100 with module at priority 200.
#6 31.76 
#6 31.81   Installing       : psmisc-23.6-8.el10.x86_64                            37/61 
#6 31.82   Installing       : glusterfs-fuse-2026.08.26-0.0.gita6fa98f65c40.el10   38/61 
#6 31.86   Installing       : openssl-1:3.5.5-6.0.1.el10_2.x86_64                  39/61 
#6 32.00   Installing       : nodejs-full-i18n-1:22.23.1-6.0.1.el10_2.x86_64       40/61 
#6 32.27   Installing       : nodejs-npm-1:10.9.8-1.22.23.1.6.0.1.el10_2.x86_64    41/61 
#6 32.35   Installing       : nodejs-1:22.23.1-6.0.1.el10_2.x86_64                 42/61 
#6 32.36   Installing       : liburing-2.12-1.el10.x86_64                          43/61 
#6 32.36   Installing       : libpath_utils-0.2.1-58.el10.x86_64                   44/61 
#6 32.37   Installing       : libnl3-3.11.0-1.el10.x86_64                          45/61 
#6 32.38   Installing       : libnfsidmap-1:2.8.3-5.0.1.el10_2.x86_64              46/61 
#6 32.38   Installing       : libev-4.33-15.el10.x86_64                            47/61 
#6 32.38   Installing       : libverto-libev-0.3.2-10.el10.x86_64                  48/61 
#6 32.39   Installing       : libcollection-0.7.0-58.el10.x86_64                   49/61 
#6 32.39   Installing       : libbasicobjects-0.1.1-58.el10.x86_64                 50/61 
#6 32.39   Installing       : libini_config-1.3.1-58.el10.x86_64                   51/61 
#6 32.40   Running scriptlet: gssproxy-0.9.2-10.el10.x86_64                        52/61 
#6 32.41   Installing       : gssproxy-0.9.2-10.el10.x86_64                        52/61 
#6 32.41   Running scriptlet: gssproxy-0.9.2-10.el10.x86_64                        52/61 
#6 32.42   Installing       : e2fsprogs-libs-1.47.1-5.el10.x86_64                  53/61 
#6 32.44   Installing       : quota-1:4.09-10.el10.x86_64                          54/61 
#6 32.44   Running scriptlet: nfs-utils-1:2.8.3-5.0.1.el10_2.x86_64                55/61 
#6 32.48   Installing       : nfs-utils-1:2.8.3-5.0.1.el10_2.x86_64                55/61 
#6 32.48   Running scriptlet: nfs-utils-1:2.8.3-5.0.1.el10_2.x86_64                55/61 
#6 32.49 Created symlink '/etc/systemd/system/multi-user.target.wants/nfs-client.target' → '/usr/lib/systemd/system/nfs-client.target'.
#6 32.49 Created symlink '/etc/systemd/system/remote-fs.target.wants/nfs-client.target' → '/usr/lib/systemd/system/nfs-client.target'.
#6 32.49 
#6 32.51 System has not been booted with systemd as init system (PID 1). Can't operate.
#6 32.51 Failed to connect to system scope bus via local transport: Host is down
#6 32.51 
#6 32.52 System has not been booted with systemd as init system (PID 1). Can't operate.
#6 32.52 Failed to connect to system scope bus via local transport: Host is down
#6 32.52 
#6 32.54   Installing       : device-mapper-persistent-data-1.3.0-1.el10.x86_64    56/61 
#6 32.57   Installing       : lvm2-10:2.03.36-2.el10.x86_64                        57/61 
#6 32.58   Running scriptlet: lvm2-10:2.03.36-2.el10.x86_64                        57/61 
#6 32.61 Created symlink '/etc/systemd/system/sysinit.target.wants/lvm2-monitor.service' → '/usr/lib/systemd/system/lvm2-monitor.service'.
#6 32.61 Created symlink '/etc/systemd/system/sysinit.target.wants/lvm2-lvmpolld.socket' → '/usr/lib/systemd/system/lvm2-lvmpolld.socket'.
#6 32.61 
#6 32.65   Installing       : glusterfs-server-2026.08.26-0.0.gita6fa98f65c40.el   58/61 
#6 32.65   Running scriptlet: glusterfs-server-2026.08.26-0.0.gita6fa98f65c40.el   58/61 
#6 32.68   Installing       : glusterfs-gnfs-2026.08.26-0.0.gita6fa98f65c40.el10   59/61 
#6 32.69   Installing       : rpm-plugin-selinux-4.19.1.1-23.el10.x86_64           60/61 
#6 32.69   Installing       : python3-gluster-2026.08.26-0.0.gita6fa98f65c40.el1   61/61 
#6 32.70   Running scriptlet: selinux-policy-targeted-42.1.18-4.0.1.el10_2.3.noa   61/61 
#6 38.94   Running scriptlet: glusterfs-selinux-2.0.1-1.el10.noarch                61/61 
#6 38.95   Running scriptlet: python3-gluster-2026.08.26-0.0.gita6fa98f65c40.el1   61/61 
#6 39.11 
#6 39.11 Installed:
#6 39.11   c-ares-1.34.6-2.el10_2.x86_64                                                 
#6 39.11   checkpolicy-3.10-1.el10.x86_64                                                
#6 39.11   device-mapper-10:1.02.210-2.el10.x86_64                                       
#6 39.11   device-mapper-event-10:1.02.210-2.el10.x86_64                                 
#6 39.11   device-mapper-event-libs-10:1.02.210-2.el10.x86_64                            
#6 39.11   device-mapper-libs-10:1.02.210-2.el10.x86_64                                  
#6 39.11   device-mapper-persistent-data-1.3.0-1.el10.x86_64                             
#6 39.11   e2fsprogs-libs-1.47.1-5.el10.x86_64                                           
#6 39.11   glusterfs-2026.08.26-0.0.gita6fa98f65c40.el10.x86_64                          
#6 39.11   glusterfs-cli-2026.08.26-0.0.gita6fa98f65c40.el10.x86_64                      
#6 39.11   glusterfs-client-xlators-2026.08.26-0.0.gita6fa98f65c40.el10.x86_64           
#6 39.11   glusterfs-fuse-2026.08.26-0.0.gita6fa98f65c40.el10.x86_64                     
#6 39.11   glusterfs-gnfs-2026.08.26-0.0.gita6fa98f65c40.el10.x86_64                     
#6 39.11   glusterfs-selinux-2.0.1-1.el10.noarch                                         
#6 39.11   glusterfs-server-2026.08.26-0.0.gita6fa98f65c40.el10.x86_64                   
#6 39.11   gssproxy-0.9.2-10.el10.x86_64                                                 
#6 39.11   kmod-31-13.0.1.el10.x86_64                                                    
#6 39.11   libaio-0.3.111-22.el10.x86_64                                                 
#6 39.11   libbasicobjects-0.1.1-58.el10.x86_64                                          
#6 39.11   libcollection-0.7.0-58.el10.x86_64                                            
#6 39.11   libev-4.33-15.el10.x86_64                                                     
#6 39.11   libgfapi0-2026.08.26-0.0.gita6fa98f65c40.el10.x86_64                          
#6 39.11   libgfchangelog0-2026.08.26-0.0.gita6fa98f65c40.el10.x86_64                    
#6 39.11   libgfrpc0-2026.08.26-0.0.gita6fa98f65c40.el10.x86_64                          
#6 39.11   libgfxdr0-2026.08.26-0.0.gita6fa98f65c40.el10.x86_64                          
#6 39.11   libglusterfs0-2026.08.26-0.0.gita6fa98f65c40.el10.x86_64                      
#6 39.11   libini_config-1.3.1-58.el10.x86_64                                            
#6 39.11   libnfsidmap-1:2.8.3-5.0.1.el10_2.x86_64                                       
#6 39.11   libnl3-3.11.0-1.el10.x86_64                                                   
#6 39.11   libnvme-1.16.1-3.0.1.el10_2.x86_64                                            
#6 39.11   libpath_utils-0.2.1-58.el10.x86_64                                            
#6 39.11   libref_array-0.1.5-58.el10.x86_64                                             
#6 39.11   libtirpc-1.3.5-1.el10.x86_64                                                  
#6 39.11   liburing-2.12-1.el10.x86_64                                                   
#6 39.11   libuv-1:1.52.1-1.el10_2.x86_64                                                
#6 39.11   libverto-libev-0.3.2-10.el10.x86_64                                           
#6 39.11   lvm2-10:2.03.36-2.el10.x86_64                                                 
#6 39.11   lvm2-libs-10:2.03.36-2.el10.x86_64                                            
#6 39.11   nfs-utils-1:2.8.3-5.0.1.el10_2.x86_64                                         
#6 39.11   nodejs-1:22.23.1-6.0.1.el10_2.x86_64                                          
#6 39.11   nodejs-docs-1:22.23.1-6.0.1.el10_2.noarch                                     
#6 39.11   nodejs-full-i18n-1:22.23.1-6.0.1.el10_2.x86_64                                
#6 39.11   nodejs-libs-1:22.23.1-6.0.1.el10_2.x86_64                                     
#6 39.11   nodejs-npm-1:10.9.8-1.22.23.1.6.0.1.el10_2.x86_64                             
#6 39.11   openssl-1:3.5.5-6.0.1.el10_2.x86_64                                           
#6 39.11   policycoreutils-python-utils-3.10-2.el10_2.noarch                             
#6 39.11   psmisc-23.6-8.el10.x86_64                                                     
#6 39.11   python3-audit-4.0.3-5.0.1.el10.x86_64                                         
#6 39.11   python3-distro-1.9.0-5.el10.noarch                                            
#6 39.11   python3-gluster-2026.08.26-0.0.gita6fa98f65c40.el10.x86_64                    
#6 39.11   python3-libselinux-3.10-1.el10.x86_64                                         
#6 39.11   python3-libsemanage-3.10-1.el10.x86_64                                        
#6 39.11   python3-policycoreutils-3.10-2.el10_2.noarch                                  
#6 39.11   python3-setools-4.6.0-3.el10.x86_64                                           
#6 39.11   quota-1:4.09-10.el10.x86_64                                                   
#6 39.11   quota-nls-1:4.09-10.el10.noarch                                               
#6 39.11   rpcbind-1.2.7-3.el10.x86_64                                                   
#6 39.11   rpm-plugin-selinux-4.19.1.1-23.el10.x86_64                                    
#6 39.11   selinux-policy-42.1.18-4.0.1.el10_2.3.noarch                                  
#6 39.11   selinux-policy-targeted-42.1.18-4.0.1.el10_2.3.noarch                         
#6 39.11   userspace-rcu-0.14.0-7.el10.x86_64                                            
#6 39.11 
#6 39.11 Complete!
#6 39.32 32 files removed
#6 DONE 39.4s

#7 [3/5] COPY containers/gluster-bootstrap.mjs /usr/local/bin/gluster-bootstrap.mjs
#7 DONE 0.1s

#8 [4/5] RUN chmod 0755 /usr/local/bin/gluster-bootstrap.mjs
#8 DONE 0.1s

#9 [5/5] WORKDIR /app
#9 DONE 0.0s

#10 exporting to image
#10 exporting layers
#10 exporting layers 9.4s done
#10 exporting manifest sha256:06771b4d666512197afc5d0cedc3354e4404dc0b64fd4543c2b9c24fcc795ab7 done
#10 exporting config sha256:5397bf81196cafc605d1f514161218769f9e584ab553a938b6cd25956eedf009 done
#10 exporting attestation manifest sha256:ef731bc7ff81b1b88eda74289c5355374ada70b419658749cbc560200e11c569 done
#10 exporting manifest list sha256:3503106417ec754fbaa2d9ac28bf32ab7b083358462acbf600289c81224bff76 done
#10 naming to ghcr.io/eliware/oracle10-gluster:2026.08.26-a6fa98f65c40 done
#10 unpacking to ghcr.io/eliware/oracle10-gluster:2026.08.26-a6fa98f65c40
#10 unpacking to ghcr.io/eliware/oracle10-gluster:2026.08.26-a6fa98f65c40 1.9s done
#10 DONE 11.3s

 [33m1 warning found (use docker --debug to expand):
[0m - SecretsUsedInArgOrEnv: Do not use ARG or ENV instructions for sensitive data (ARG "RPM_GPG_KEY_URL") (line 15)
{
  "run_id": "20260826020017027-00cd4a1c",
  "generated": "2026-08-26T02:13:01Z",
  "repository_integrity": {
    "status": "not-tested",
    "detail": "verified by the conductor against the package repository"
  },
  "provenance_verification": {
    "status": "not-tested",
    "detail": "generated and verified by the conductor after image publication"
  },
  "checks": {
    "install": {
      "status": "passed"
    },
    "cli_available": {
      "status": "passed"
    },
    "volume_create_mount": {
      "status": "passed"
    },
    "file_lifecycle": {
      "status": "passed"
    },
    "volume_unmount_delete": {
      "status": "passed"
    },
    "service_shutdown": {
      "status": "passed"
    }
  },
  "distributions": [
    {
      "id": "oracle-linux-10",
      "label": "Oracle Linux 10",
      "container_core": {
        "status": "passed",
        "detail": "updated; volume stop: smoke: success; volume delete: smoke: success"
      }
    }
  ],
  "metadata_version": "0.1.0"
}
Validated 11 image labels
Login Succeeded
The push refers to repository [ghcr.io/eliware/oracle10-gluster]
44136fa355b3: Waiting
a54428ce1cca: Waiting
63ab80ff85f8: Waiting
adf90dd2b2fc: Waiting
a54428ce1cca: Waiting
63ab80ff85f8: Layer already exists
e23b5a38b106: Waiting
dfbb77d1dada: Waiting
adf90dd2b2fc: Waiting
44136fa355b3: Already exists
e23b5a38b106: Waiting
dfbb77d1dada: Waiting
a54428ce1cca: Waiting
adf90dd2b2fc: Pushed
77748170ed03: Waiting
e23b5a38b106: Pushed
dfbb77d1dada: Pushed
77748170ed03: Waiting
77748170ed03: Pushed
a54428ce1cca: Pushed
2026.08.26-a6fa98f65c40: digest: sha256:3503106417ec754fbaa2d9ac28bf32ab7b083358462acbf600289c81224bff76 size: 856
sha256:3503106417ec754fbaa2d9ac28bf32ab7b083358462acbf600289c81224bff76
