#0 building with "default" instance using docker driver

#1 [internal] load build definition from centos10-gluster.Dockerfile
#1 transferring dockerfile: 3.19kB done
#1 WARN: SecretsUsedInArgOrEnv: Do not use ARG or ENV instructions for sensitive data (ARG "RPM_GPG_KEY_URL") (line 15)
#1 DONE 0.0s

#2 [internal] load metadata for docker.io/rockylinux/rockylinux:10@sha256:827d37bc128288ccf160ee318bb3cb92d591164cb217e92f8bc61e3982ae1834
#2 DONE 0.0s

#3 [internal] load .dockerignore
#3 transferring context: 2B done
#3 DONE 0.0s

#4 [1/5] FROM docker.io/rockylinux/rockylinux:10@sha256:827d37bc128288ccf160ee318bb3cb92d591164cb217e92f8bc61e3982ae1834
#4 resolve docker.io/rockylinux/rockylinux:10@sha256:827d37bc128288ccf160ee318bb3cb92d591164cb217e92f8bc61e3982ae1834 0.0s done
#4 CACHED

#5 [internal] load build context
#5 transferring context: 84B done
#5 DONE 0.0s

#6 [2/5] RUN test -n "https://glusterfs.eliware.org/el10/x86_64/stable/"     && test -n "001e6475818c779587723f1dca5c5019eea728b8d431b11185991c533222832e"     && dnf -y install dnf-plugins-core     && dnf -y install epel-release     && dnf config-manager --set-enabled crb     && curl --fail --silent --show-error --location --retry 6 --retry-all-errors --retry-delay 2 --connect-timeout 15 --max-time 60 "https://glusterfs.eliware.org/keys/RPM-GPG-KEY-ELIWARE-GLUSTER" --output /tmp/eliware-gluster-key     && rpm --import /tmp/eliware-gluster-key     && printf '[eliware-glusterfs]\nname=Eliware GlusterFS\nbaseurl=%s\nenabled=1\ngpgcheck=1\nrepo_gpgcheck=1\ngpgkey=%s\n' "https://glusterfs.eliware.org/el10/x86_64/stable/" "https://glusterfs.eliware.org/keys/RPM-GPG-KEY-ELIWARE-GLUSTER" > /etc/yum.repos.d/eliware-glusterfs.repo     && curl --fail --silent --show-error --location --retry 6 --retry-all-errors --retry-delay 2 --connect-timeout 15 --max-time 60 "https://glusterfs.eliware.org/el10/x86_64/stable/repodata/repomd.xml" --output /tmp/repomd.xml     && printf '%s  /tmp/repomd.xml\n' "001e6475818c779587723f1dca5c5019eea728b8d431b11185991c533222832e" | sha256sum --check --status     && dnf -y --enablerepo=eliware-glusterfs install          glusterfs glusterfs-server glusterfs-selinux glusterfs-cli          glusterfs-client-xlators glusterfs-fuse glusterfs-gnfs          libgfapi0 libgfchangelog0 libgfrpc0 libgfxdr0 libglusterfs0          python3-gluster nodejs     && dnf clean all     && rm -f /tmp/eliware-gluster-key /tmp/repomd.xml     && rm -rf /var/cache/dnf
#6 2.136 Rocky Linux 10 - BaseOS                          11 MB/s |  20 MB     00:01    
#6 3.861 Rocky Linux 10 - AppStream                      9.5 MB/s | 2.5 MB     00:00    
#6 4.268 Rocky Linux 10 - Extras                          48 kB/s | 5.8 kB     00:00    
#6 4.529 Dependencies resolved.
#6 4.531 ================================================================================
#6 4.531  Package                    Arch     Version                     Repo      Size
#6 4.531 ================================================================================
#6 4.531 Installing:
#6 4.531  dnf-plugins-core           noarch   4.7.0-10.el10               baseos    41 k
#6 4.531 Installing dependencies:
#6 4.531  dbus-libs                  x86_64   1:1.14.10-5.el10            baseos   155 k
#6 4.531  python3-dateutil           noarch   1:2.9.0.post0-1.el10_0      baseos   341 k
#6 4.531  python3-dbus               x86_64   1.3.2-8.el10                baseos   159 k
#6 4.531  python3-dnf-plugins-core   noarch   4.7.0-10.el10               baseos   313 k
#6 4.531  python3-six                noarch   1.16.0-16.el10              baseos    41 k
#6 4.531  python3-systemd            x86_64   235-11.el10                 baseos   108 k
#6 4.531 
#6 4.531 Transaction Summary
#6 4.531 ================================================================================
#6 4.531 Install  7 Packages
#6 4.531 
#6 4.531 Total download size: 1.1 M
#6 4.531 Installed size: 3.4 M
#6 4.531 Downloading Packages:
#6 4.968 (1/7): dnf-plugins-core-4.7.0-10.el10.noarch.rp 106 kB/s |  41 kB     00:00    
#6 5.171 (2/7): dbus-libs-1.14.10-5.el10.x86_64.rpm      261 kB/s | 155 kB     00:00    
#6 5.227 (3/7): python3-dateutil-2.9.0.post0-1.el10_0.no 526 kB/s | 341 kB     00:00    
#6 5.259 (4/7): python3-dbus-1.3.2-8.el10.x86_64.rpm     548 kB/s | 159 kB     00:00    
#6 5.362 (5/7): python3-dnf-plugins-core-4.7.0-10.el10.n 1.6 MB/s | 313 kB     00:00    
#6 5.379 (6/7): python3-six-1.16.0-16.el10.noarch.rpm    269 kB/s |  41 kB     00:00    
#6 5.391 (7/7): python3-systemd-235-11.el10.x86_64.rpm   817 kB/s | 108 kB     00:00    
#6 5.392 --------------------------------------------------------------------------------
#6 5.392 Total                                           1.3 MB/s | 1.1 MB     00:00     
#6 5.448 Running transaction check
#6 5.460 Transaction check succeeded.
#6 5.460 Running transaction test
#6 5.494 Transaction test succeeded.
#6 5.494 Running transaction
#6 5.520   Preparing        :                                                        1/1 
#6 5.547   Installing       : python3-systemd-235-11.el10.x86_64                     1/7 
#6 5.553   Installing       : python3-six-1.16.0-16.el10.noarch                      2/7 
#6 5.563   Installing       : python3-dateutil-1:2.9.0.post0-1.el10_0.noarch         3/7 
#6 5.568   Installing       : dbus-libs-1:1.14.10-5.el10.x86_64                      4/7 
#6 5.577   Installing       : python3-dbus-1.3.2-8.el10.x86_64                       5/7 
#6 5.590   Installing       : python3-dnf-plugins-core-4.7.0-10.el10.noarch          6/7 
#6 5.594   Installing       : dnf-plugins-core-4.7.0-10.el10.noarch                  7/7 
#6 5.599   Running scriptlet: dnf-plugins-core-4.7.0-10.el10.noarch                  7/7 
#6 5.694 
#6 5.694 Installed:
#6 5.694   dbus-libs-1:1.14.10-5.el10.x86_64                                             
#6 5.694   dnf-plugins-core-4.7.0-10.el10.noarch                                         
#6 5.694   python3-dateutil-1:2.9.0.post0-1.el10_0.noarch                                
#6 5.694   python3-dbus-1.3.2-8.el10.x86_64                                              
#6 5.694   python3-dnf-plugins-core-4.7.0-10.el10.noarch                                 
#6 5.694   python3-six-1.16.0-16.el10.noarch                                             
#6 5.694   python3-systemd-235-11.el10.x86_64                                            
#6 5.694 
#6 5.694 Complete!
#6 5.934 Last metadata expiration check: 0:00:02 ago on Tue Aug 18 06:00:57 2026.
#6 6.003 Dependencies resolved.
#6 6.004 ================================================================================
#6 6.004  Package              Architecture   Version               Repository      Size
#6 6.004 ================================================================================
#6 6.004 Installing:
#6 6.004  epel-release         noarch         10-7.el10_1           extras          19 k
#6 6.004 
#6 6.004 Transaction Summary
#6 6.004 ================================================================================
#6 6.004 Install  1 Package
#6 6.004 
#6 6.004 Total download size: 19 k
#6 6.004 Installed size: 25 k
#6 6.004 Downloading Packages:
#6 6.076 epel-release-10-7.el10_1.noarch.rpm             722 kB/s |  19 kB     00:00    
#6 6.078 --------------------------------------------------------------------------------
#6 6.078 Total                                           253 kB/s |  19 kB     00:00     
#6 6.086 Running transaction check
#6 6.091 Transaction check succeeded.
#6 6.091 Running transaction test
#6 6.093 Transaction test succeeded.
#6 6.094 Running transaction
#6 6.100   Preparing        :                                                        1/1 
#6 6.108   Installing       : epel-release-10-7.el10_1.noarch                        1/1 
#6 6.109   Running scriptlet: epel-release-10-7.el10_1.noarch                        1/1 
#6 6.114 Many EPEL packages require the CodeReady Builder (CRB) repository.
#6 6.114 It is recommended that you run /usr/bin/crb enable to enable the CRB repository.
#6 6.114 
#6 6.160 
#6 6.160 Installed:
#6 6.160   epel-release-10-7.el10_1.noarch                                               
#6 6.160 
#6 6.160 Complete!
#6 6.613 Eliware GlusterFS                               6.5 kB/s | 228  B     00:00    
#6 6.628 Eliware GlusterFS                                56 kB/s | 847  B     00:00    
#6 6.629 Importing GPG key 0x79687D60:
#6 6.629  Userid     : "Eliware GlusterFS Release <gluster-release@eliware.org>"
#6 6.629  Fingerprint: 82EC A351 E170 E834 0B53 B476 EDCB 5E07 7968 7D60
#6 6.629  From       : https://glusterfs.eliware.org/keys/RPM-GPG-KEY-ELIWARE-GLUSTER
#6 6.674 Eliware GlusterFS                               226 kB/s |  10 kB     00:00    
#6 7.672 Extra Packages for Enterprise Linux 10 - x86_64 6.7 MB/s | 6.6 MB     00:00    
#6 9.261 Rocky Linux 10 - BaseOS                          16 kB/s | 4.3 kB     00:00    
#6 9.391 Rocky Linux 10 - AppStream                       43 kB/s | 4.4 kB     00:00    
#6 9.606 Rocky Linux 10 - CRB                            2.7 MB/s | 529 kB     00:00    
#6 10.52 Dependencies resolved.
#6 10.52 =============================================================================================
#6 10.52  Package                         Arch    Version                     Repository          Size
#6 10.52 =============================================================================================
#6 10.52 Installing:
#6 10.52  glusterfs                       x86_64  11.2-0.0.el10               eliware-glusterfs  592 k
#6 10.52  glusterfs-cli                   x86_64  11.2-0.0.el10               eliware-glusterfs  185 k
#6 10.52  glusterfs-client-xlators        x86_64  11.2-0.0.el10               eliware-glusterfs  784 k
#6 10.52  glusterfs-fuse                  x86_64  11.2-0.0.el10               eliware-glusterfs  135 k
#6 10.52  glusterfs-gnfs                  x86_64  11.2-0.0.el10               eliware-glusterfs  145 k
#6 10.52  glusterfs-selinux               noarch  2.0.1-1.el10                eliware-glusterfs   25 k
#6 10.52  glusterfs-server                x86_64  11.2-0.0.el10               eliware-glusterfs  1.2 M
#6 10.52  libgfapi0                       x86_64  11.2-0.0.el10               eliware-glusterfs   95 k
#6 10.52  libgfchangelog0                 x86_64  11.2-0.0.el10               eliware-glusterfs   34 k
#6 10.52  libgfrpc0                       x86_64  11.2-0.0.el10               eliware-glusterfs   53 k
#6 10.52  libgfxdr0                       x86_64  11.2-0.0.el10               eliware-glusterfs   31 k
#6 10.52  libglusterfs0                   x86_64  11.2-0.0.el10               eliware-glusterfs  289 k
#6 10.52  nodejs                          x86_64  1:22.23.1-4.el10_2          appstream           52 k
#6 10.52  python3-gluster                 x86_64  11.2-0.0.el10               eliware-glusterfs   17 k
#6 10.52 Installing dependencies:
#6 10.52  c-ares                          x86_64  1.34.6-2.el10_2             baseos             117 k
#6 10.52  checkpolicy                     x86_64  3.10-1.el10                 appstream          370 k
#6 10.52  dbus                            x86_64  1:1.14.10-5.el10            baseos             7.4 k
#6 10.52  dbus-broker                     x86_64  36-4.el10                   baseos             174 k
#6 10.52  dbus-common                     noarch  1:1.14.10-5.el10            baseos              14 k
#6 10.52  device-mapper                   x86_64  10:1.02.210-2.el10          baseos             142 k
#6 10.52  device-mapper-event             x86_64  10:1.02.210-2.el10          baseos              36 k
#6 10.52  device-mapper-event-libs        x86_64  10:1.02.210-2.el10          baseos              31 k
#6 10.52  device-mapper-libs              x86_64  10:1.02.210-2.el10          baseos             181 k
#6 10.52  device-mapper-persistent-data   x86_64  1.3.0-1.el10                baseos             1.2 M
#6 10.52  diffutils                       x86_64  3.10-8.el10                 baseos             411 k
#6 10.52  e2fsprogs-libs                  x86_64  1.47.1-5.el10               baseos             225 k
#6 10.52  gperftools-libs                 x86_64  2.15-4.el10_0               epel               303 k
#6 10.52  gssproxy                        x86_64  0.9.2-10.el10               baseos             111 k
#6 10.52  kmod                            x86_64  31-13.el10                  baseos             137 k
#6 10.52  libaio                          x86_64  0.3.111-22.el10             baseos              24 k
#6 10.52  libbasicobjects                 x86_64  0.1.1-58.el10               baseos              26 k
#6 10.52  libbrotli                       x86_64  1.1.0-7.el10_1              baseos             345 k
#6 10.52  libcollection                   x86_64  0.7.0-58.el10               baseos              44 k
#6 10.52  libedit                         x86_64  3.1-52.20230828cvs.el10     baseos             105 k
#6 10.52  libev                           x86_64  4.33-15.el10                baseos              52 k
#6 10.52  libini_config                   x86_64  1.3.1-58.el10               baseos              67 k
#6 10.52  libnfsidmap                     x86_64  1:2.8.3-5.el10              baseos              61 k
#6 10.52  libnl3                          x86_64  3.11.0-1.el10               baseos             357 k
#6 10.52  libnvme                         x86_64  1.16.1-3.el10_2             baseos             120 k
#6 10.52  libpath_utils                   x86_64  0.2.1-58.el10               baseos              29 k
#6 10.52  libref_array                    x86_64  0.1.5-58.el10               baseos              27 k
#6 10.52  libseccomp                      x86_64  2.5.6-1.el10                baseos              70 k
#6 10.52  libselinux-utils                x86_64  3.10-1.el10                 baseos             122 k
#6 10.52  libtirpc                        x86_64  1.3.5-1.el10                baseos              94 k
#6 10.52  libunwind                       x86_64  1.8.0-4.el10_0              epel                73 k
#6 10.52  liburing                        x86_64  2.12-1.el10                 baseos              43 k
#6 10.52  libuv                           x86_64  1:1.52.1-1.el10_2           appstream          265 k
#6 10.52  libverto-libev                  x86_64  0.3.2-10.el10               baseos              13 k
#6 10.52  lvm2                            x86_64  10:2.03.36-2.el10           baseos             1.6 M
#6 10.52  lvm2-libs                       x86_64  10:2.03.36-2.el10           baseos             1.0 M
#6 10.52  nfs-utils                       x86_64  1:2.8.3-5.el10              baseos             478 k
#6 10.52  nodejs-libs                     x86_64  1:22.23.1-4.el10_2          appstream           20 M
#6 10.52  openssl                         x86_64  1:3.5.5-2.el10_2            baseos             1.2 M
#6 10.52  policycoreutils                 x86_64  3.10-2.el10_2               baseos             233 k
#6 10.52  policycoreutils-python-utils    noarch  3.10-2.el10_2               appstream           45 k
#6 10.52  psmisc                          x86_64  23.6-8.el10                 baseos             320 k
#6 10.52  python3-audit                   x86_64  4.0.3-5.el10                appstream           69 k
#6 10.52  python3-distro                  noarch  1.9.0-5.el10                appstream           50 k
#6 10.52  python3-libselinux              x86_64  3.10-1.el10                 appstream          202 k
#6 10.52  python3-libsemanage             x86_64  3.10-1.el10                 appstream           80 k
#6 10.52  python3-policycoreutils         noarch  3.10-2.el10_2               appstream          2.1 M
#6 10.52  python3-pyxattr                 x86_64  0.7.2-14.el10               crb                 34 k
#6 10.52  python3-setools                 x86_64  4.6.0-3.el10                baseos             776 k
#6 10.52  quota                           x86_64  1:4.09-10.el10              baseos             195 k
#6 10.52  quota-nls                       noarch  1:4.09-10.el10              baseos              77 k
#6 10.52  rpcbind                         x86_64  1.2.7-3.el10                baseos              57 k
#6 10.52  rpm-plugin-selinux              x86_64  4.19.1.1-23.el10            baseos              17 k
#6 10.52  selinux-policy                  noarch  42.1.18-4.el10_2.3          baseos              55 k
#6 10.52  selinux-policy-targeted         noarch  42.1.18-4.el10_2.3          baseos             5.9 M
#6 10.52  systemd                         x86_64  257-23.el10_2.1.rocky.0.1   baseos             5.6 M
#6 10.52  systemd-pam                     x86_64  257-23.el10_2.1.rocky.0.1   baseos             322 k
#6 10.52  userspace-rcu                   x86_64  0.14.0-7.el10               baseos             109 k
#6 10.52  xkeyboard-config                noarch  2.41-3.el10                 appstream          998 k
#6 10.52 Installing weak dependencies:
#6 10.52  cryptsetup-libs                 x86_64  2.8.1-2.el10                baseos             581 k
#6 10.52  kmod-libs                       x86_64  31-13.el10                  baseos              69 k
#6 10.52  libbpf                          x86_64  2:1.7.0-1.el10              baseos             193 k
#6 10.52  libxkbcommon                    x86_64  1.7.0-4.el10                appstream          144 k
#6 10.52  nodejs-docs                     noarch  1:22.23.1-4.el10_2          appstream          9.1 M
#6 10.52  nodejs-full-i18n                x86_64  1:22.23.1-4.el10_2          appstream          8.9 M
#6 10.52  nodejs-npm                      x86_64  1:10.9.8-1.22.23.1.4.el10_2 appstream          2.0 M
#6 10.52  selinux-policy-targeted-extra   noarch  42.1.18-4.el10_2.3          crb                720 k
#6 10.52 
#6 10.52 Transaction Summary
#6 10.52 =============================================================================================
#6 10.52 Install  81 Packages
#6 10.52 
#6 10.53 Total download size: 72 M
#6 10.53 Installed size: 315 M
#6 10.53 Downloading Packages:
#6 10.95 (1/81): glusterfs-cli-11.2-0.0.el10.x86_64.rpm  6.5 MB/s | 185 kB     00:00    
#6 10.96 (2/81): glusterfs-11.2-0.0.el10.x86_64.rpm       18 MB/s | 592 kB     00:00    
#6 10.96 (3/81): glusterfs-client-xlators-11.2-0.0.el10.  22 MB/s | 784 kB     00:00    
#6 10.96 (4/81): glusterfs-fuse-11.2-0.0.el10.x86_64.rpm  14 MB/s | 135 kB     00:00    
#6 10.97 (5/81): glusterfs-selinux-2.0.1-1.el10.noarch.r 4.2 MB/s |  25 kB     00:00    
#6 10.98 (6/81): glusterfs-gnfs-11.2-0.0.el10.x86_64.rpm 7.9 MB/s | 145 kB     00:00    
#6 10.98 (7/81): libgfapi0-11.2-0.0.el10.x86_64.rpm      9.6 MB/s |  95 kB     00:00    
#6 10.98 (8/81): glusterfs-server-11.2-0.0.el10.x86_64.r  65 MB/s | 1.2 MB     00:00    
#6 10.99 (9/81): libgfchangelog0-11.2-0.0.el10.x86_64.rp 4.2 MB/s |  34 kB     00:00    
#6 10.99 (10/81): libgfrpc0-11.2-0.0.el10.x86_64.rpm     7.1 MB/s |  53 kB     00:00    
#6 10.99 (11/81): libgfxdr0-11.2-0.0.el10.x86_64.rpm     5.8 MB/s |  31 kB     00:00    
#6 10.99 (12/81): python3-gluster-11.2-0.0.el10.x86_64.r 3.1 MB/s |  17 kB     00:00    
#6 10.99 (13/81): libglusterfs0-11.2-0.0.el10.x86_64.rpm  34 MB/s | 289 kB     00:00    
#6 11.04 (14/81): c-ares-1.34.6-2.el10_2.x86_64.rpm      2.8 MB/s | 117 kB     00:00    
#6 11.06 (15/81): cryptsetup-libs-2.8.1-2.el10.x86_64.rp  20 MB/s | 581 kB     00:00    
#6 11.08 (16/81): dbus-1.14.10-5.el10.x86_64.rpm         547 kB/s | 7.4 kB     00:00    
#6 11.11 (17/81): dbus-broker-36-4.el10.x86_64.rpm       6.1 MB/s | 174 kB     00:00    
#6 11.13 (18/81): dbus-common-1.14.10-5.el10.noarch.rpm  598 kB/s |  14 kB     00:00    
#6 11.15 (19/81): device-mapper-1.02.210-2.el10.x86_64.r 6.5 MB/s | 142 kB     00:00    
#6 11.17 (20/81): device-mapper-event-1.02.210-2.el10.x8 2.6 MB/s |  36 kB     00:00    
#6 11.18 (21/81): device-mapper-event-libs-1.02.210-2.el 2.1 MB/s |  31 kB     00:00    
#6 11.20 (22/81): device-mapper-libs-1.02.210-2.el10.x86 9.1 MB/s | 181 kB     00:00    
#6 11.24 (23/81): device-mapper-persistent-data-1.3.0-1.  30 MB/s | 1.2 MB     00:00    
#6 11.26 (24/81): diffutils-3.10-8.el10.x86_64.rpm        23 MB/s | 411 kB     00:00    
#6 11.29 (25/81): e2fsprogs-libs-1.47.1-5.el10.x86_64.rp 7.7 MB/s | 225 kB     00:00    
#6 11.31 (26/81): libunwind-1.8.0-4.el10_0.x86_64.rpm    231 kB/s |  73 kB     00:00    
#6 11.31 (27/81): gssproxy-0.9.2-10.el10.x86_64.rpm      4.9 MB/s | 111 kB     00:00    
#6 11.33 (28/81): kmod-libs-31-13.el10.x86_64.rpm        4.6 MB/s |  69 kB     00:00    
#6 11.33 (29/81): kmod-31-13.el10.x86_64.rpm             5.5 MB/s | 137 kB     00:00    
#6 11.34 (30/81): libaio-0.3.111-22.el10.x86_64.rpm      1.5 MB/s |  24 kB     00:00    
#6 11.35 (31/81): libbasicobjects-0.1.1-58.el10.x86_64.r 1.7 MB/s |  26 kB     00:00    
#6 11.36 (32/81): libbpf-1.7.0-1.el10.x86_64.rpm          11 MB/s | 193 kB     00:00    
#6 11.37 (33/81): libbrotli-1.1.0-7.el10_1.x86_64.rpm     14 MB/s | 345 kB     00:00    
#6 11.38 (34/81): libcollection-0.7.0-58.el10.x86_64.rpm 2.6 MB/s |  44 kB     00:00    
#6 11.39 (35/81): libedit-3.1-52.20230828cvs.el10.x86_64 5.9 MB/s | 105 kB     00:00    
#6 11.39 (36/81): libev-4.33-15.el10.x86_64.rpm          3.0 MB/s |  52 kB     00:00    
#6 11.41 (37/81): libini_config-1.3.1-58.el10.x86_64.rpm 3.0 MB/s |  67 kB     00:00    
#6 11.41 (38/81): libnfsidmap-2.8.3-5.el10.x86_64.rpm    3.2 MB/s |  61 kB     00:00    
#6 11.43 (39/81): gperftools-libs-2.15-4.el10_0.x86_64.r 692 kB/s | 303 kB     00:00    
#6 11.43 (40/81): libnvme-1.16.1-3.el10_2.x86_64.rpm     6.5 MB/s | 120 kB     00:00    
#6 11.44 (41/81): libpath_utils-0.2.1-58.el10.x86_64.rpm 2.0 MB/s |  29 kB     00:00    
#6 11.44 (42/81): libref_array-0.1.5-58.el10.x86_64.rpm  1.9 MB/s |  27 kB     00:00    
#6 11.45 (43/81): libnl3-3.11.0-1.el10.x86_64.rpm        9.5 MB/s | 357 kB     00:00    
#6 11.46 (44/81): libselinux-utils-3.10-1.el10.x86_64.rp 7.7 MB/s | 122 kB     00:00    
#6 11.46 (45/81): libseccomp-2.5.6-1.el10.x86_64.rpm     3.8 MB/s |  70 kB     00:00    
#6 11.46 (46/81): libtirpc-1.3.5-1.el10.x86_64.rpm       6.3 MB/s |  94 kB     00:00    
#6 11.47 (47/81): liburing-2.12-1.el10.x86_64.rpm        3.0 MB/s |  43 kB     00:00    
#6 11.48 (48/81): libverto-libev-0.3.2-10.el10.x86_64.rp 864 kB/s |  13 kB     00:00    
#6 11.49 (49/81): lvm2-2.03.36-2.el10.x86_64.rpm          57 MB/s | 1.6 MB     00:00    
#6 11.50 (50/81): lvm2-libs-2.03.36-2.el10.x86_64.rpm     35 MB/s | 1.0 MB     00:00    
#6 11.52 (51/81): policycoreutils-3.10-2.el10_2.x86_64.r  14 MB/s | 233 kB     00:00    
#6 11.54 (52/81): psmisc-23.6-8.el10.x86_64.rpm           17 MB/s | 320 kB     00:00    
#6 11.55 (53/81): openssl-3.5.5-2.el10_2.x86_64.rpm       19 MB/s | 1.2 MB     00:00    
#6 11.56 (54/81): nfs-utils-2.8.3-5.el10.x86_64.rpm      5.9 MB/s | 478 kB     00:00    
#6 11.57 (55/81): quota-4.09-10.el10.x86_64.rpm           11 MB/s | 195 kB     00:00    
#6 11.57 (56/81): quota-nls-4.09-10.el10.noarch.rpm      4.3 MB/s |  77 kB     00:00    
#6 11.58 (57/81): rpcbind-1.2.7-3.el10.x86_64.rpm        4.2 MB/s |  57 kB     00:00    
#6 11.59 (58/81): rpm-plugin-selinux-4.19.1.1-23.el10.x8 1.1 MB/s |  17 kB     00:00    
#6 11.60 (59/81): selinux-policy-42.1.18-4.el10_2.3.noar 3.5 MB/s |  55 kB     00:00    
#6 11.61 (60/81): python3-setools-4.6.0-3.el10.x86_64.rp  12 MB/s | 776 kB     00:00    
#6 11.63 (61/81): systemd-pam-257-23.el10_2.1.rocky.0.1.  16 MB/s | 322 kB     00:00    
#6 11.64 (62/81): userspace-rcu-0.14.0-7.el10.x86_64.rpm 5.7 MB/s | 109 kB     00:00    
#6 11.67 (63/81): systemd-257-23.el10_2.1.rocky.0.1.x86_  76 MB/s | 5.6 MB     00:00    
#6 11.68 (64/81): checkpolicy-3.10-1.el10.x86_64.rpm      11 MB/s | 370 kB     00:00    
#6 11.70 (65/81): libxkbcommon-1.7.0-4.el10.x86_64.rpm   5.9 MB/s | 144 kB     00:00    
#6 11.71 (66/81): libuv-1.52.1-1.el10_2.x86_64.rpm       8.1 MB/s | 265 kB     00:00    
#6 11.72 (67/81): nodejs-22.23.1-4.el10_2.x86_64.rpm     3.0 MB/s |  52 kB     00:00    
#6 11.96 (68/81): nodejs-full-i18n-22.23.1-4.el10_2.x86_  37 MB/s | 8.9 MB     00:00    
#6 11.99 (69/81): selinux-policy-targeted-42.1.18-4.el10  15 MB/s | 5.9 MB     00:00    
#6 12.12 (70/81): nodejs-npm-10.9.8-1.22.23.1.4.el10_2.x  15 MB/s | 2.0 MB     00:00    
#6 12.13 (71/81): policycoreutils-python-utils-3.10-2.el 2.6 MB/s |  45 kB     00:00    
#6 12.15 (72/81): python3-audit-4.0.3-5.el10.x86_64.rpm  4.1 MB/s |  69 kB     00:00    
#6 12.17 (73/81): python3-distro-1.9.0-5.el10.noarch.rpm 2.8 MB/s |  50 kB     00:00    
#6 12.20 (74/81): python3-libselinux-3.10-1.el10.x86_64. 7.1 MB/s | 202 kB     00:00    
#6 12.21 (75/81): python3-libsemanage-3.10-1.el10.x86_64 5.0 MB/s |  80 kB     00:00    
#6 12.30 (76/81): nodejs-docs-22.23.1-4.el10_2.noarch.rp  15 MB/s | 9.1 MB     00:00    
#6 12.32 (77/81): python3-policycoreutils-3.10-2.el10_2.  21 MB/s | 2.1 MB     00:00    
#6 12.38 (78/81): xkeyboard-config-2.41-3.el10.noarch.rp  12 MB/s | 998 kB     00:00    
#6 12.41 (79/81): python3-pyxattr-0.7.2-14.el10.x86_64.r 354 kB/s |  34 kB     00:00    
#6 12.53 (80/81): selinux-policy-targeted-extra-42.1.18- 4.7 MB/s | 720 kB     00:00    
#6 13.27 (81/81): nodejs-libs-22.23.1-4.el10_2.x86_64.rp  15 MB/s |  20 MB     00:01    
#6 13.28 --------------------------------------------------------------------------------
#6 13.28 Total                                            26 MB/s |  72 MB     00:02     
#6 13.40 Extra Packages for Enterprise Linux 10 - x86_64 1.6 MB/s | 1.6 kB     00:00    
#6 13.41 Importing GPG key 0xE37ED158:
#6 13.41  Userid     : "Fedora (epel10) <epel@fedoraproject.org>"
#6 13.41  Fingerprint: 7D8D 15CB FC4E 6268 8591 FB26 33D9 8517 E37E D158
#6 13.41  From       : /etc/pki/rpm-gpg/RPM-GPG-KEY-EPEL-10
#6 13.41 Key imported successfully
#6 14.23 Running transaction check
#6 14.31 Transaction check succeeded.
#6 14.31 Running transaction test
#6 15.06 Transaction test succeeded.
#6 15.06 Running transaction
#6 15.75   Running scriptlet: selinux-policy-targeted-42.1.18-4.el10_2.3.noarch      1/1 
#6 15.75   Running scriptlet: nodejs-1:22.23.1-4.el10_2.x86_64                       1/1 
#6 15.81   Preparing        :                                                        1/1 
#6 15.84   Installing       : libtirpc-1.3.5-1.el10.x86_64                          1/81 
#6 15.85   Installing       : userspace-rcu-0.14.0-7.el10.x86_64                    2/81 
#6 15.85   Installing       : libaio-0.3.111-22.el10.x86_64                         3/81 
#6 15.86   Installing       : python3-libselinux-3.10-1.el10.x86_64                 4/81 
#6 15.92   Installing       : nodejs-docs-1:22.23.1-4.el10_2.noarch                 5/81 
#6 15.93   Installing       : libuv-1:1.52.1-1.el10_2.x86_64                        6/81 
#6 15.94   Installing       : libselinux-utils-3.10-1.el10.x86_64                   7/81 
#6 15.94   Installing       : libref_array-0.1.5-58.el10.x86_64                     8/81 
#6 15.95   Installing       : libnvme-1.16.1-3.el10_2.x86_64                        9/81 
#6 15.95   Installing       : kmod-31-13.el10.x86_64                               10/81 
#6 15.96   Installing       : diffutils-3.10-8.el10.x86_64                         11/81 
#6 15.97   Installing       : policycoreutils-3.10-2.el10_2.x86_64                 12/81 
#6 15.97   Running scriptlet: policycoreutils-3.10-2.el10_2.x86_64                 12/81 
#6 15.98   Installing       : selinux-policy-42.1.18-4.el10_2.3.noarch             13/81 
#6 15.98   Running scriptlet: selinux-policy-42.1.18-4.el10_2.3.noarch             13/81 
#6 16.01   Running scriptlet: selinux-policy-targeted-extra-42.1.18-4.el10_2.3.n   14/81 
#6 16.04   Installing       : selinux-policy-targeted-extra-42.1.18-4.el10_2.3.n   14/81 
#6 16.04   Running scriptlet: selinux-policy-targeted-42.1.18-4.el10_2.3.noarch    15/81 
#6 16.26   Installing       : selinux-policy-targeted-42.1.18-4.el10_2.3.noarch    15/81 
#6 16.26   Running scriptlet: selinux-policy-targeted-42.1.18-4.el10_2.3.noarch    15/81 
#6 16.28   Installing       : python3-libsemanage-3.10-1.el10.x86_64               16/81 
#6 16.28   Installing       : python3-pyxattr-0.7.2-14.el10.x86_64                 17/81 
#6 16.32   Installing       : xkeyboard-config-2.41-3.el10.noarch                  18/81 
#6 16.33   Installing       : libxkbcommon-1.7.0-4.el10.x86_64                     19/81 
#6 16.34   Installing       : python3-distro-1.9.0-5.el10.noarch                   20/81 
#6 16.34   Installing       : python3-audit-4.0.3-5.el10.x86_64                    21/81 
#6 16.35   Installing       : checkpolicy-3.10-1.el10.x86_64                       22/81 
#6 16.36   Installing       : quota-nls-1:4.09-10.el10.noarch                      23/81 
#6 16.39   Installing       : python3-setools-4.6.0-3.el10.x86_64                  24/81 
#6 16.43   Installing       : python3-policycoreutils-3.10-2.el10_2.noarch         25/81 
#6 16.44   Installing       : policycoreutils-python-utils-3.10-2.el10_2.noarch    26/81 
#6 16.44   Running scriptlet: glusterfs-selinux-2.0.1-1.el10.noarch                27/81 
#6 16.45   Installing       : glusterfs-selinux-2.0.1-1.el10.noarch                27/81 
#6 16.45   Running scriptlet: glusterfs-selinux-2.0.1-1.el10.noarch                27/81 
#6 19.02 Failed to resolve typeattributeset statement at /var/lib/selinux/targeted/tmp/modules/200/glusterd/cil:81
#6 19.02 Failed to resolve AST
#6 19.02 semodule:  Failed!
#6 19.02 libsemanage.semanage_direct_install_info: Overriding glusterd module at lower priority 100 with module at priority 200.
#6 19.02 
#6 19.03   Installing       : psmisc-23.6-8.el10.x86_64                            28/81 
#6 19.05   Installing       : openssl-1:3.5.5-2.el10_2.x86_64                      29/81 
#6 19.05   Installing       : liburing-2.12-1.el10.x86_64                          30/81 
#6 19.06   Installing       : libseccomp-2.5.6-1.el10.x86_64                       31/81 
#6 19.09   Installing       : libpath_utils-0.2.1-58.el10.x86_64                   32/81 
#6 19.10   Installing       : libnl3-3.11.0-1.el10.x86_64                          33/81 
#6 19.11   Installing       : libnfsidmap-1:2.8.3-5.el10.x86_64                    34/81 
#6 19.11   Installing       : libev-4.33-15.el10.x86_64                            35/81 
#6 19.12   Installing       : libverto-libev-0.3.2-10.el10.x86_64                  36/81 
#6 19.12   Installing       : libedit-3.1-52.20230828cvs.el10.x86_64               37/81 
#6 19.12   Installing       : libcollection-0.7.0-58.el10.x86_64                   38/81 
#6 19.13   Installing       : libbrotli-1.1.0-7.el10_1.x86_64                      39/81 
#6 19.13   Installing       : libbpf-2:1.7.0-1.el10.x86_64                         40/81 
#6 19.14   Installing       : libbasicobjects-0.1.1-58.el10.x86_64                 41/81 
#6 19.14   Installing       : libini_config-1.3.1-58.el10.x86_64                   42/81 
#6 19.14   Installing       : kmod-libs-31-13.el10.x86_64                          43/81 
#6 19.15   Installing       : e2fsprogs-libs-1.47.1-5.el10.x86_64                  44/81 
#6 19.16   Installing       : quota-1:4.09-10.el10.x86_64                          45/81 
#6 19.18   Installing       : device-mapper-persistent-data-1.3.0-1.el10.x86_64    46/81 
#6 19.18   Installing       : dbus-common-1:1.14.10-5.el10.noarch                  47/81 
#6 19.18   Running scriptlet: dbus-common-1:1.14.10-5.el10.noarch                  47/81 
#6 19.19   Installing       : dbus-broker-36-4.el10.x86_64                         48/81 
#6 19.20   Running scriptlet: dbus-broker-36-4.el10.x86_64                         48/81 
#6 19.20   Installing       : dbus-1:1.14.10-5.el10.x86_64                         49/81 
#6 19.21   Installing       : device-mapper-libs-10:1.02.210-2.el10.x86_64         50/81 
#6 19.22   Installing       : cryptsetup-libs-2.8.1-2.el10.x86_64                  51/81 
#6 19.22   Installing       : device-mapper-10:1.02.210-2.el10.x86_64              52/81 
#6 19.23   Installing       : systemd-pam-257-23.el10_2.1.rocky.0.1.x86_64         53/81 
#6 19.23   Running scriptlet: systemd-257-23.el10_2.1.rocky.0.1.x86_64             54/81 
#6 19.38   Installing       : systemd-257-23.el10_2.1.rocky.0.1.x86_64             54/81 
#6 19.39   Running scriptlet: systemd-257-23.el10_2.1.rocky.0.1.x86_64             54/81 
#6 19.54 Creating group 'input' with GID 104.
#6 19.54 Creating group 'kvm' with GID 36.
#6 19.54 Creating group 'render' with GID 105.
#6 19.54 Creating group 'sgx' with GID 106.
#6 19.54 Creating group 'systemd-journal' with GID 190.
#6 19.54 Creating group 'dbus' with GID 81.
#6 19.54 Creating user 'dbus' (System Message Bus) with UID 81 and GID 81.
#6 19.54 
#6 19.54   Installing       : device-mapper-event-libs-10:1.02.210-2.el10.x86_64   55/81 
#6 19.55   Running scriptlet: rpcbind-1.2.7-3.el10.x86_64                          56/81 
#6 19.57   Installing       : rpcbind-1.2.7-3.el10.x86_64                          56/81 
#6 19.57   Running scriptlet: rpcbind-1.2.7-3.el10.x86_64                          56/81 
#6 19.61   Installing       : device-mapper-event-10:1.02.210-2.el10.x86_64        57/81 
#6 19.61   Running scriptlet: device-mapper-event-10:1.02.210-2.el10.x86_64        57/81 
#6 19.63 Created symlink '/etc/systemd/system/sockets.target.wants/dm-event.socket' → '/usr/lib/systemd/system/dm-event.socket'.
#6 19.63 
#6 19.65   Installing       : lvm2-libs-10:2.03.36-2.el10.x86_64                   58/81 
#6 19.69   Installing       : lvm2-10:2.03.36-2.el10.x86_64                        59/81 
#6 19.70   Running scriptlet: lvm2-10:2.03.36-2.el10.x86_64                        59/81 
#6 19.73 Created symlink '/etc/systemd/system/sysinit.target.wants/lvm2-monitor.service' → '/usr/lib/systemd/system/lvm2-monitor.service'.
#6 19.73 Created symlink '/etc/systemd/system/sysinit.target.wants/lvm2-lvmpolld.socket' → '/usr/lib/systemd/system/lvm2-lvmpolld.socket'.
#6 19.73 
#6 19.73   Running scriptlet: gssproxy-0.9.2-10.el10.x86_64                        60/81 
#6 19.75   Installing       : gssproxy-0.9.2-10.el10.x86_64                        60/81 
#6 19.75   Running scriptlet: gssproxy-0.9.2-10.el10.x86_64                        60/81 
#6 19.76   Running scriptlet: nfs-utils-1:2.8.3-5.el10.x86_64                      61/81 
#6 19.80   Installing       : nfs-utils-1:2.8.3-5.el10.x86_64                      61/81 
#6 19.81   Running scriptlet: nfs-utils-1:2.8.3-5.el10.x86_64                      61/81 
#6 19.82 Created symlink '/etc/systemd/system/multi-user.target.wants/nfs-client.target' → '/usr/lib/systemd/system/nfs-client.target'.
#6 19.82 Created symlink '/etc/systemd/system/remote-fs.target.wants/nfs-client.target' → '/usr/lib/systemd/system/nfs-client.target'.
#6 19.82 
#6 19.83 System has not been booted with systemd as init system (PID 1). Can't operate.
#6 19.83 Failed to connect to system scope bus via local transport: Host is down
#6 19.83 
#6 19.84 System has not been booted with systemd as init system (PID 1). Can't operate.
#6 19.84 Failed to connect to system scope bus via local transport: Host is down
#6 19.84 
#6 19.85   Installing       : c-ares-1.34.6-2.el10_2.x86_64                        62/81 
#6 20.17   Installing       : nodejs-libs-1:22.23.1-4.el10_2.x86_64                63/81 
#6 20.33   Installing       : nodejs-full-i18n-1:22.23.1-4.el10_2.x86_64           64/81 
#6 20.61   Installing       : nodejs-npm-1:10.9.8-1.22.23.1.4.el10_2.x86_64        65/81 
#6 20.63   Installing       : nodejs-1:22.23.1-4.el10_2.x86_64                     66/81 
#6 20.63   Installing       : libunwind-1.8.0-4.el10_0.x86_64                      67/81 
#6 20.64   Installing       : gperftools-libs-2.15-4.el10_0.x86_64                 68/81 
#6 20.64   Installing       : libgfxdr0-11.2-0.0.el10.x86_64                       69/81 
#6 20.64   Running scriptlet: libgfxdr0-11.2-0.0.el10.x86_64                       69/81 
#6 20.66   Installing       : libglusterfs0-11.2-0.0.el10.x86_64                   70/81 
#6 20.66   Running scriptlet: libglusterfs0-11.2-0.0.el10.x86_64                   70/81 
#6 20.68   Installing       : libgfrpc0-11.2-0.0.el10.x86_64                       71/81 
#6 20.68   Running scriptlet: libgfrpc0-11.2-0.0.el10.x86_64                       71/81 
#6 20.70   Installing       : glusterfs-client-xlators-11.2-0.0.el10.x86_64        72/81 
#6 20.71   Running scriptlet: glusterfs-11.2-0.0.el10.x86_64                       73/81 
#6 20.75   Installing       : glusterfs-11.2-0.0.el10.x86_64                       73/81 
#6 20.75   Running scriptlet: glusterfs-11.2-0.0.el10.x86_64                       73/81 
#6 20.77   Installing       : libgfapi0-11.2-0.0.el10.x86_64                       74/81 
#6 20.77   Running scriptlet: libgfapi0-11.2-0.0.el10.x86_64                       74/81 
#6 20.79   Installing       : glusterfs-fuse-11.2-0.0.el10.x86_64                  75/81 
#6 20.79   Installing       : glusterfs-cli-11.2-0.0.el10.x86_64                   76/81 
#6 20.79   Installing       : libgfchangelog0-11.2-0.0.el10.x86_64                 77/81 
#6 20.79   Running scriptlet: libgfchangelog0-11.2-0.0.el10.x86_64                 77/81 
#6 20.84   Installing       : glusterfs-server-11.2-0.0.el10.x86_64                78/81 
#6 20.85   Running scriptlet: glusterfs-server-11.2-0.0.el10.x86_64                78/81 
#6 20.88   Installing       : glusterfs-gnfs-11.2-0.0.el10.x86_64                  79/81 
#6 20.88   Installing       : rpm-plugin-selinux-4.19.1.1-23.el10.x86_64           80/81 
#6 20.89   Installing       : python3-gluster-11.2-0.0.el10.x86_64                 81/81 
#6 20.89   Running scriptlet: selinux-policy-targeted-extra-42.1.18-4.el10_2.3.n   81/81 
#6 26.38   Running scriptlet: selinux-policy-targeted-42.1.18-4.el10_2.3.noarch    81/81 
#6 32.01   Running scriptlet: glusterfs-selinux-2.0.1-1.el10.noarch                81/81 
#6 32.03   Running scriptlet: python3-gluster-11.2-0.0.el10.x86_64                 81/81 
#6 32.22 
#6 32.22 Installed:
#6 32.22   c-ares-1.34.6-2.el10_2.x86_64                                                 
#6 32.22   checkpolicy-3.10-1.el10.x86_64                                                
#6 32.22   cryptsetup-libs-2.8.1-2.el10.x86_64                                           
#6 32.22   dbus-1:1.14.10-5.el10.x86_64                                                  
#6 32.22   dbus-broker-36-4.el10.x86_64                                                  
#6 32.22   dbus-common-1:1.14.10-5.el10.noarch                                           
#6 32.22   device-mapper-10:1.02.210-2.el10.x86_64                                       
#6 32.22   device-mapper-event-10:1.02.210-2.el10.x86_64                                 
#6 32.22   device-mapper-event-libs-10:1.02.210-2.el10.x86_64                            
#6 32.22   device-mapper-libs-10:1.02.210-2.el10.x86_64                                  
#6 32.22   device-mapper-persistent-data-1.3.0-1.el10.x86_64                             
#6 32.22   diffutils-3.10-8.el10.x86_64                                                  
#6 32.22   e2fsprogs-libs-1.47.1-5.el10.x86_64                                           
#6 32.22   glusterfs-11.2-0.0.el10.x86_64                                                
#6 32.22   glusterfs-cli-11.2-0.0.el10.x86_64                                            
#6 32.22   glusterfs-client-xlators-11.2-0.0.el10.x86_64                                 
#6 32.22   glusterfs-fuse-11.2-0.0.el10.x86_64                                           
#6 32.22   glusterfs-gnfs-11.2-0.0.el10.x86_64                                           
#6 32.22   glusterfs-selinux-2.0.1-1.el10.noarch                                         
#6 32.22   glusterfs-server-11.2-0.0.el10.x86_64                                         
#6 32.22   gperftools-libs-2.15-4.el10_0.x86_64                                          
#6 32.22   gssproxy-0.9.2-10.el10.x86_64                                                 
#6 32.22   kmod-31-13.el10.x86_64                                                        
#6 32.22   kmod-libs-31-13.el10.x86_64                                                   
#6 32.22   libaio-0.3.111-22.el10.x86_64                                                 
#6 32.22   libbasicobjects-0.1.1-58.el10.x86_64                                          
#6 32.22   libbpf-2:1.7.0-1.el10.x86_64                                                  
#6 32.22   libbrotli-1.1.0-7.el10_1.x86_64                                               
#6 32.22   libcollection-0.7.0-58.el10.x86_64                                            
#6 32.22   libedit-3.1-52.20230828cvs.el10.x86_64                                        
#6 32.22   libev-4.33-15.el10.x86_64                                                     
#6 32.22   libgfapi0-11.2-0.0.el10.x86_64                                                
#6 32.22   libgfchangelog0-11.2-0.0.el10.x86_64                                          
#6 32.22   libgfrpc0-11.2-0.0.el10.x86_64                                                
#6 32.22   libgfxdr0-11.2-0.0.el10.x86_64                                                
#6 32.22   libglusterfs0-11.2-0.0.el10.x86_64                                            
#6 32.22   libini_config-1.3.1-58.el10.x86_64                                            
#6 32.22   libnfsidmap-1:2.8.3-5.el10.x86_64                                             
#6 32.22   libnl3-3.11.0-1.el10.x86_64                                                   
#6 32.22   libnvme-1.16.1-3.el10_2.x86_64                                                
#6 32.22   libpath_utils-0.2.1-58.el10.x86_64                                            
#6 32.22   libref_array-0.1.5-58.el10.x86_64                                             
#6 32.22   libseccomp-2.5.6-1.el10.x86_64                                                
#6 32.22   libselinux-utils-3.10-1.el10.x86_64                                           
#6 32.22   libtirpc-1.3.5-1.el10.x86_64                                                  
#6 32.22   libunwind-1.8.0-4.el10_0.x86_64                                               
#6 32.22   liburing-2.12-1.el10.x86_64                                                   
#6 32.22   libuv-1:1.52.1-1.el10_2.x86_64                                                
#6 32.22   libverto-libev-0.3.2-10.el10.x86_64                                           
#6 32.22   libxkbcommon-1.7.0-4.el10.x86_64                                              
#6 32.22   lvm2-10:2.03.36-2.el10.x86_64                                                 
#6 32.22   lvm2-libs-10:2.03.36-2.el10.x86_64                                            
#6 32.22   nfs-utils-1:2.8.3-5.el10.x86_64                                               
#6 32.22   nodejs-1:22.23.1-4.el10_2.x86_64                                              
#6 32.22   nodejs-docs-1:22.23.1-4.el10_2.noarch                                         
#6 32.22   nodejs-full-i18n-1:22.23.1-4.el10_2.x86_64                                    
#6 32.22   nodejs-libs-1:22.23.1-4.el10_2.x86_64                                         
#6 32.22   nodejs-npm-1:10.9.8-1.22.23.1.4.el10_2.x86_64                                 
#6 32.22   openssl-1:3.5.5-2.el10_2.x86_64                                               
#6 32.22   policycoreutils-3.10-2.el10_2.x86_64                                          
#6 32.22   policycoreutils-python-utils-3.10-2.el10_2.noarch                             
#6 32.22   psmisc-23.6-8.el10.x86_64                                                     
#6 32.22   python3-audit-4.0.3-5.el10.x86_64                                             
#6 32.22   python3-distro-1.9.0-5.el10.noarch                                            
#6 32.22   python3-gluster-11.2-0.0.el10.x86_64                                          
#6 32.22   python3-libselinux-3.10-1.el10.x86_64                                         
#6 32.22   python3-libsemanage-3.10-1.el10.x86_64                                        
#6 32.22   python3-policycoreutils-3.10-2.el10_2.noarch                                  
#6 32.22   python3-pyxattr-0.7.2-14.el10.x86_64                                          
#6 32.22   python3-setools-4.6.0-3.el10.x86_64                                           
#6 32.22   quota-1:4.09-10.el10.x86_64                                                   
#6 32.22   quota-nls-1:4.09-10.el10.noarch                                               
#6 32.22   rpcbind-1.2.7-3.el10.x86_64                                                   
#6 32.22   rpm-plugin-selinux-4.19.1.1-23.el10.x86_64                                    
#6 32.22   selinux-policy-42.1.18-4.el10_2.3.noarch                                      
#6 32.22   selinux-policy-targeted-42.1.18-4.el10_2.3.noarch                             
#6 32.22   selinux-policy-targeted-extra-42.1.18-4.el10_2.3.noarch                       
#6 32.22   systemd-257-23.el10_2.1.rocky.0.1.x86_64                                      
#6 32.22   systemd-pam-257-23.el10_2.1.rocky.0.1.x86_64                                  
#6 32.22   userspace-rcu-0.14.0-7.el10.x86_64                                            
#6 32.22   xkeyboard-config-2.41-3.el10.noarch                                           
#6 32.22 
#6 32.22 Complete!
#6 32.48 36 files removed
#6 DONE 32.5s

#7 [3/5] COPY containers/gluster-bootstrap.mjs /usr/local/bin/gluster-bootstrap.mjs
#7 DONE 0.1s

#8 [4/5] RUN chmod 0755 /usr/local/bin/gluster-bootstrap.mjs
#8 DONE 0.2s

#9 [5/5] WORKDIR /app
#9 DONE 0.0s

#10 exporting to image
#10 exporting layers
#10 exporting layers 8.2s done
#10 exporting manifest sha256:5996ff9fdd0e87c042a34d6bd82fbd893fae2569aaad57ecf2039d405648a0f6 done
#10 exporting config sha256:d598faa8febc60b8f51ba204e29dc12782d4251cb9baa6abd6da180b5a1f8425 done
#10 exporting attestation manifest sha256:6000d785d9d8497bbb1090be767fc7a6cd0548a46017f73a7d5e3afe2bb39dd1 0.0s done
#10 exporting manifest list sha256:fa51401b805a65c2eece3572fcfb2dd12d3d9b06eb26d5d4b6dcdabce61f2bfc done
#10 naming to ghcr.io/eliware/rocky10-gluster:11.2 done
#10 unpacking to ghcr.io/eliware/rocky10-gluster:11.2
#10 unpacking to ghcr.io/eliware/rocky10-gluster:11.2 1.8s done
#10 DONE 10.0s

 [33m1 warning found (use docker --debug to expand):
[0m - SecretsUsedInArgOrEnv: Do not use ARG or ENV instructions for sensitive data (ARG "RPM_GPG_KEY_URL") (line 15)
{
  "run_id": "20260818054246765-0d8a45d9",
  "generated": "2026-08-18T06:01:39Z",
  "repository_integrity": {
    "status": "not-tested",
    "detail": "verified by the conductor against the package repository"
  },
  "provenance_verification": {
    "status": "not-tested",
    "detail": "generated and verified by the conductor after image publication"
  },
  "checks": {
    "install": {
      "status": "passed"
    },
    "cli_available": {
      "status": "passed"
    },
    "volume_create_mount": {
      "status": "passed"
    },
    "file_lifecycle": {
      "status": "passed"
    },
    "volume_unmount_delete": {
      "status": "passed"
    },
    "service_shutdown": {
      "status": "passed"
    }
  },
  "distributions": [
    {
      "id": "rocky-10",
      "label": "Rocky Linux 10",
      "container_core": {
        "status": "passed",
        "detail": "updated; volume stop: smoke: success; volume delete: smoke: success"
      }
    }
  ],
  "metadata_version": "0.1.0"
}
Validated 11 image labels
Login Succeeded
The push refers to repository [ghcr.io/eliware/rocky10-gluster]
4fe1ca8df881: Waiting
44136fa355b3: Waiting
9e8cbd4018af: Waiting
530d6b37ba46: Waiting
4fe1ca8df881: Waiting
44136fa355b3: Waiting
9e8cbd4018af: Waiting
530d6b37ba46: Waiting
4fe1ca8df881: Waiting
44136fa355b3: Already exists
9e8cbd4018af: Waiting
530d6b37ba46: Layer already exists
98952dcde718: Waiting
7bf67d21d906: Waiting
7bf67d21d906: Waiting
98952dcde718: Pushed
9b2aeb518503: Waiting
7bf67d21d906: Pushed
4fe1ca8df881: Pushed
9b2aeb518503: Waiting
9b2aeb518503: Pushed
9e8cbd4018af: Pushed
11.2: digest: sha256:fa51401b805a65c2eece3572fcfb2dd12d3d9b06eb26d5d4b6dcdabce61f2bfc size: 856
sha256:fa51401b805a65c2eece3572fcfb2dd12d3d9b06eb26d5d4b6dcdabce61f2bfc
Login Succeeded
The push refers to repository [ghcr.io/eliware/rocky10-gluster]
4fe1ca8df881: Waiting
44136fa355b3: Waiting
530d6b37ba46: Waiting
9e8cbd4018af: Waiting
44136fa355b3: Waiting
530d6b37ba46: Waiting
9e8cbd4018af: Waiting
4fe1ca8df881: Waiting
9b2aeb518503: Waiting
4fe1ca8df881: Already exists
44136fa355b3: Already exists
530d6b37ba46: Layer already exists
9e8cbd4018af: Layer already exists
98952dcde718: Layer already exists
7bf67d21d906: Layer already exists
9b2aeb518503: Layer already exists
11.2: digest: sha256:fa51401b805a65c2eece3572fcfb2dd12d3d9b06eb26d5d4b6dcdabce61f2bfc size: 856
sha256:fa51401b805a65c2eece3572fcfb2dd12d3d9b06eb26d5d4b6dcdabce61f2bfc
