#0 building with "default" instance using docker driver

#1 [internal] load build definition from centos10-gluster.Dockerfile
#1 transferring dockerfile: 3.19kB done
#1 WARN: SecretsUsedInArgOrEnv: Do not use ARG or ENV instructions for sensitive data (ARG "RPM_GPG_KEY_URL") (line 15)
#1 DONE 0.0s

#2 [internal] load metadata for quay.io/centos/centos:stream10@sha256:b7f85bb8be4c471bc62842156a51bbf224b15243943733bd54e86ba5fd79b1fc
#2 DONE 0.0s

#3 [internal] load .dockerignore
#3 transferring context: 2B done
#3 DONE 0.0s

#4 [1/5] FROM quay.io/centos/centos:stream10@sha256:b7f85bb8be4c471bc62842156a51bbf224b15243943733bd54e86ba5fd79b1fc
#4 resolve quay.io/centos/centos:stream10@sha256:b7f85bb8be4c471bc62842156a51bbf224b15243943733bd54e86ba5fd79b1fc 0.0s done
#4 CACHED

#5 [internal] load build context
#5 transferring context: 84B done
#5 DONE 0.0s

#6 [2/5] RUN test -n "https://glusterfs.eliware.org/el10/x86_64/previews/epel10-rolling-2026.08.23-b9354d26afe5/"     && test -n "45457fed3bfafa78aaf2e438cf8154be69e7581d3b4b4ee450e44bb35f16071d"     && dnf -y install dnf-plugins-core     && dnf -y install epel-release     && dnf config-manager --set-enabled crb     && curl --fail --silent --show-error --location --retry 6 --retry-all-errors --retry-delay 2 --connect-timeout 15 --max-time 60 "https://glusterfs.eliware.org/keys/RPM-GPG-KEY-ELIWARE-GLUSTER" --output /tmp/eliware-gluster-key     && rpm --import /tmp/eliware-gluster-key     && printf '[eliware-glusterfs]\nname=Eliware GlusterFS\nbaseurl=%s\nenabled=1\ngpgcheck=1\nrepo_gpgcheck=1\ngpgkey=%s\n' "https://glusterfs.eliware.org/el10/x86_64/previews/epel10-rolling-2026.08.23-b9354d26afe5/" "https://glusterfs.eliware.org/keys/RPM-GPG-KEY-ELIWARE-GLUSTER" > /etc/yum.repos.d/eliware-glusterfs.repo     && curl --fail --silent --show-error --location --retry 6 --retry-all-errors --retry-delay 2 --connect-timeout 15 --max-time 60 "https://glusterfs.eliware.org/el10/x86_64/previews/epel10-rolling-2026.08.23-b9354d26afe5/repodata/repomd.xml" --output /tmp/repomd.xml     && printf '%s  /tmp/repomd.xml\n' "45457fed3bfafa78aaf2e438cf8154be69e7581d3b4b4ee450e44bb35f16071d" | sha256sum --check --status     && dnf -y --enablerepo=eliware-glusterfs install          glusterfs glusterfs-server glusterfs-selinux glusterfs-cli          glusterfs-client-xlators glusterfs-fuse glusterfs-gnfs          libgfapi0 libgfchangelog0 libgfrpc0 libgfxdr0 libglusterfs0          python3-gluster nodejs     && dnf clean all     && rm -f /tmp/eliware-gluster-key /tmp/repomd.xml     && rm -rf /var/cache/dnf
#6 1.817 CentOS Stream 10 - BaseOS                       5.2 MB/s | 7.0 MB     00:01    
#6 3.770 CentOS Stream 10 - AppStream                    3.1 MB/s | 3.7 MB     00:01    
#6 5.076 CentOS Stream 10 - Extras packages               19 kB/s |  11 kB     00:00    
#6 5.129 Last metadata expiration check: 0:00:01 ago on Sun Aug 23 17:35:48 2026.
#6 5.586 Dependencies resolved.
#6 5.587 ================================================================================
#6 5.587  Package                       Arch        Version            Repository   Size
#6 5.587 ================================================================================
#6 5.587 Installing:
#6 5.587  dnf-plugins-core              noarch      4.7.0-12.el10      baseos       40 k
#6 5.587 Upgrading:
#6 5.587  python3-dnf-plugins-core      noarch      4.7.0-12.el10      baseos      311 k
#6 5.587 
#6 5.587 Transaction Summary
#6 5.587 ================================================================================
#6 5.587 Install  1 Package
#6 5.587 Upgrade  1 Package
#6 5.587 
#6 5.587 Total download size: 351 k
#6 5.587 Downloading Packages:
#6 5.993 (1/2): dnf-plugins-core-4.7.0-12.el10.noarch.rp 130 kB/s |  40 kB     00:00    
#6 6.224 (2/2): python3-dnf-plugins-core-4.7.0-12.el10.n 575 kB/s | 311 kB     00:00    
#6 6.225 --------------------------------------------------------------------------------
#6 6.225 Total                                           551 kB/s | 351 kB     00:00     
#6 6.233 CentOS Stream 10 - BaseOS                       1.6 MB/s | 1.6 kB     00:00    
#6 6.235 Importing GPG key 0x8483C65D:
#6 6.235  Userid     : "CentOS (CentOS Official Signing Key) <security@centos.org>"
#6 6.235  Fingerprint: 99DB 70FA E1D7 CE22 7FB6 4882 05B5 55B3 8483 C65D
#6 6.235  From       : /etc/pki/rpm-gpg/RPM-GPG-KEY-centosofficial-SHA256
#6 6.240 Key imported successfully
#6 6.254 Running transaction check
#6 6.267 Transaction check succeeded.
#6 6.267 Running transaction test
#6 6.307 Transaction test succeeded.
#6 6.307 Running transaction
#6 6.316   Preparing        :                                                        1/1 
#6 6.343   Upgrading        : python3-dnf-plugins-core-4.7.0-12.el10.noarch          1/3 
#6 6.350   Installing       : dnf-plugins-core-4.7.0-12.el10.noarch                  2/3 
#6 6.367   Cleanup          : python3-dnf-plugins-core-4.7.0-11.el10.noarch          3/3 
#6 6.378   Running scriptlet: python3-dnf-plugins-core-4.7.0-11.el10.noarch          3/3 
#6 6.626 
#6 6.626 Upgraded:
#6 6.626   python3-dnf-plugins-core-4.7.0-12.el10.noarch                                 
#6 6.626 Installed:
#6 6.626   dnf-plugins-core-4.7.0-12.el10.noarch                                         
#6 6.626 
#6 6.626 Complete!
#6 6.901 Last metadata expiration check: 0:00:02 ago on Sun Aug 23 17:35:48 2026.
#6 6.941 Dependencies resolved.
#6 6.942 ================================================================================
#6 6.942  Package             Architecture  Version           Repository            Size
#6 6.942 ================================================================================
#6 6.942 Installing:
#6 6.942  epel-release        noarch        10-5.el10s        extras-common         18 k
#6 6.942 
#6 6.942 Transaction Summary
#6 6.942 ================================================================================
#6 6.942 Install  1 Package
#6 6.942 
#6 6.942 Total download size: 18 k
#6 6.942 Installed size: 25 k
#6 6.942 Downloading Packages:
#6 7.250 epel-release-10-5.el10s.noarch.rpm               86 kB/s |  18 kB     00:00    
#6 7.251 --------------------------------------------------------------------------------
#6 7.252 Total                                            59 kB/s |  18 kB     00:00     
#6 7.259 CentOS Stream 10 - Extras packages              2.1 MB/s | 2.1 kB     00:00    
#6 7.260 Importing GPG key 0x1D997668:
#6 7.260  Userid     : "CentOS Extras SIG (https://wiki.centos.org/SpecialInterestGroup) <security@centos.org>"
#6 7.260  Fingerprint: 363F C097 2F64 B699 AED3 968E 1FF6 A217 1D99 7668
#6 7.260  From       : /etc/pki/rpm-gpg/RPM-GPG-KEY-CentOS-SIG-Extras-SHA512
#6 7.261 warning: Certificate 1FF6A2171D997668:
#6 7.261   Policy rejects subkey 8B5C8111FCA5D0FF: Policy rejected non-revocation signature (PrimaryKeyBinding) requiring second pre-image resistance, because SHA1 is not considered secure
#6 7.262 Key imported successfully
#6 7.269 Running transaction check
#6 7.271 Transaction check succeeded.
#6 7.271 Running transaction test
#6 7.274 Transaction test succeeded.
#6 7.274 Running transaction
#6 7.277   Preparing        :                                                        1/1 
#6 7.284   Installing       : epel-release-10-5.el10s.noarch                         1/1 
#6 7.285   Running scriptlet: epel-release-10-5.el10s.noarch                         1/1 
#6 7.288 Many EPEL packages require the CodeReady Builder (CRB) repository.
#6 7.288 It is recommended that you run /usr/bin/crb enable to enable the CRB repository.
#6 7.288 
#6 7.355 
#6 7.355 Installed:
#6 7.355   epel-release-10-5.el10s.noarch                                                
#6 7.355 
#6 7.355 Complete!
#6 7.864 CentOS Stream 10 - BaseOS                        64 kB/s | 6.1 kB     00:00    
#6 7.987 CentOS Stream 10 - AppStream                     64 kB/s | 6.2 kB     00:00    
#6 8.989 CentOS Stream 10 - CRB                          886 kB/s | 846 kB     00:00    
#6 9.177 Eliware GlusterFS                               5.0 kB/s | 228  B     00:00    
#6 9.191 Eliware GlusterFS                                64 kB/s | 847  B     00:00    
#6 9.191 Importing GPG key 0x79687D60:
#6 9.191  Userid     : "Eliware GlusterFS Release <gluster-release@eliware.org>"
#6 9.191  Fingerprint: 82EC A351 E170 E834 0B53 B476 EDCB 5E07 7968 7D60
#6 9.191  From       : https://glusterfs.eliware.org/keys/RPM-GPG-KEY-ELIWARE-GLUSTER
#6 9.290 Eliware GlusterFS                               102 kB/s |  10 kB     00:00    
#6 10.32 Extra Packages for Enterprise Linux 10 - x86_64 7.1 MB/s | 7.1 MB     00:01    
#6 12.98 Dependencies resolved.
#6 12.98 =====================================================================================================
#6 12.98  Package                         Arch    Version                             Repository          Size
#6 12.98 =====================================================================================================
#6 12.98 Installing:
#6 12.98  glusterfs                       x86_64  2026.08.23-0.0.gitb9354d26afe5.el10 eliware-glusterfs  594 k
#6 12.98  glusterfs-cli                   x86_64  2026.08.23-0.0.gitb9354d26afe5.el10 eliware-glusterfs  185 k
#6 12.98  glusterfs-client-xlators        x86_64  2026.08.23-0.0.gitb9354d26afe5.el10 eliware-glusterfs  785 k
#6 12.98  glusterfs-fuse                  x86_64  2026.08.23-0.0.gitb9354d26afe5.el10 eliware-glusterfs  137 k
#6 12.98  glusterfs-gnfs                  x86_64  2026.08.23-0.0.gitb9354d26afe5.el10 eliware-glusterfs  145 k
#6 12.98  glusterfs-selinux               noarch  2.0.1-1.el10                        eliware-glusterfs   25 k
#6 12.98  glusterfs-server                x86_64  2026.08.23-0.0.gitb9354d26afe5.el10 eliware-glusterfs  1.2 M
#6 12.98  libgfapi0                       x86_64  2026.08.23-0.0.gitb9354d26afe5.el10 eliware-glusterfs   95 k
#6 12.98  libgfchangelog0                 x86_64  2026.08.23-0.0.gitb9354d26afe5.el10 eliware-glusterfs   34 k
#6 12.98  libgfrpc0                       x86_64  2026.08.23-0.0.gitb9354d26afe5.el10 eliware-glusterfs   53 k
#6 12.98  libgfxdr0                       x86_64  2026.08.23-0.0.gitb9354d26afe5.el10 eliware-glusterfs   31 k
#6 12.98  libglusterfs0                   x86_64  2026.08.23-0.0.gitb9354d26afe5.el10 eliware-glusterfs  289 k
#6 12.98  nodejs                          x86_64  1:22.23.1-4.el10                    appstream           52 k
#6 12.98  python3-gluster                 x86_64  2026.08.23-0.0.gitb9354d26afe5.el10 eliware-glusterfs   17 k
#6 12.98 Installing dependencies:
#6 12.98  authselect                      x86_64  1.5.3-1.el10                        baseos             230 k
#6 12.98  authselect-libs                 x86_64  1.5.3-1.el10                        baseos             268 k
#6 12.98  c-ares                          x86_64  1.34.6-4.el10                       baseos             117 k
#6 12.98  checkpolicy                     x86_64  3.11-1.el10                         appstream          371 k
#6 12.98  cyrus-sasl-lib                  x86_64  2.1.28-27.el10                      baseos             106 k
#6 12.98  device-mapper-event             x86_64  10:1.02.215-3.el10                  baseos              37 k
#6 12.98  device-mapper-event-libs        x86_64  10:1.02.215-3.el10                  baseos              31 k
#6 12.98  device-mapper-persistent-data   x86_64  1.3.2-1.el10                        baseos             1.2 M
#6 12.98  e2fsprogs-libs                  x86_64  1.47.1-5.el10                       baseos             225 k
#6 12.98  gdbm                            x86_64  1:1.23-14.el10                      baseos             151 k
#6 12.98  gperftools-libs                 x86_64  2.15-4.el10_0                       epel               303 k
#6 12.98  gssproxy                        x86_64  0.9.2-10.el10                       baseos             114 k
#6 12.98  kmod                            x86_64  31-13.el10                          baseos             136 k
#6 12.98  libaio                          x86_64  0.3.112-1.el10                      baseos              23 k
#6 12.98  libbasicobjects                 x86_64  0.1.1-58.el10                       baseos              27 k
#6 12.98  libbrotli                       x86_64  1.1.0-8.el10                        baseos             344 k
#6 12.98  libcollection                   x86_64  0.7.0-58.el10                       baseos              45 k
#6 12.98  libev                           x86_64  4.33-15.el10                        baseos              52 k
#6 12.98  libevent                        x86_64  2.1.12-16.el10                      baseos             261 k
#6 12.98  libini_config                   x86_64  1.3.1-58.el10                       baseos              68 k
#6 12.98  libnfsidmap                     x86_64  1:2.8.3-9.el10                      baseos              63 k
#6 12.98  libnl3                          x86_64  3.11.0-1.el10                       baseos             361 k
#6 12.98  libnvme                         x86_64  1.16.2-1.el10                       baseos             120 k
#6 12.98  libpath_utils                   x86_64  0.2.1-58.el10                       baseos              30 k
#6 12.98  libref_array                    x86_64  0.1.5-58.el10                       baseos              28 k
#6 12.98  libselinux-utils                x86_64  3.11-1.el10                         baseos             127 k
#6 12.98  libtirpc                        x86_64  1.3.5-1.el10                        baseos              95 k
#6 12.98  libunwind                       x86_64  1.8.0-4.el10_0                      epel                73 k
#6 12.98  liburing                        x86_64  2.12-1.el10                         baseos              43 k
#6 12.98  libutempter                     x86_64  1.2.1-15.el10                       baseos              27 k
#6 12.98  libuv                           x86_64  1:1.52.1-1.el10                     appstream          265 k
#6 12.98  libverto-libev                  x86_64  0.3.2-10.el10                       baseos              14 k
#6 12.98  lvm2                            x86_64  10:2.03.41-3.el10                   baseos             1.5 M
#6 12.98  lvm2-libs                       x86_64  10:2.03.41-3.el10                   baseos             954 k
#6 12.98  nfs-utils                       x86_64  1:2.8.3-9.el10                      baseos             489 k
#6 12.98  nodejs-libs                     x86_64  1:22.23.1-4.el10                    appstream           20 M
#6 12.98  openldap                        x86_64  2.6.13-1.el10                       baseos             240 k
#6 12.98  openssl                         x86_64  1:3.5.7-2.el10                      baseos             1.3 M
#6 12.98  pam                             x86_64  1.6.1-11.el10                       baseos             585 k
#6 12.98  policycoreutils                 x86_64  3.11-1.el10                         baseos             270 k
#6 12.98  policycoreutils-python-utils    noarch  3.11-1.el10                         appstream           46 k
#6 12.98  psmisc                          x86_64  23.6-8.el10                         baseos             319 k
#6 12.98  python3-audit                   x86_64  4.0.3-5.el10                        baseos              69 k
#6 12.98  python3-distro                  noarch  1.9.0-5.el10                        baseos              48 k
#6 12.98  python3-libselinux              x86_64  3.11-1.el10                         appstream          202 k
#6 12.98  python3-libsemanage             x86_64  3.11-1.el10                         appstream           80 k
#6 12.98  python3-policycoreutils         noarch  3.11-1.el10                         appstream          2.2 M
#6 12.98  python3-pyxattr                 x86_64  0.7.2-14.el10                       crb                 35 k
#6 12.98  python3-setools                 x86_64  4.7.0-1.el10                        baseos             808 k
#6 12.98  quota                           x86_64  1:4.09-10.el10                      baseos             198 k
#6 12.98  quota-nls                       noarch  1:4.09-10.el10                      baseos              76 k
#6 12.98  rpcbind                         x86_64  1.2.9-0.el10                        baseos              58 k
#6 12.98  rpm-plugin-selinux              x86_64  4.19.1.1-25.el10                    baseos              17 k
#6 12.98  selinux-policy                  noarch  42.1.26-1.el10                      baseos              61 k
#6 12.98  selinux-policy-targeted         noarch  42.1.26-1.el10                      baseos             6.3 M
#6 12.98  userspace-rcu                   x86_64  0.14.0-7.el10                       baseos             115 k
#6 12.98  util-linux                      x86_64  2.40.2-20.el10                      baseos             1.3 M
#6 12.98 Installing weak dependencies:
#6 12.98  nodejs-docs                     noarch  1:22.23.1-4.el10                    appstream          9.3 M
#6 12.98  nodejs-full-i18n                x86_64  1:22.23.1-4.el10                    appstream          8.9 M
#6 12.98  nodejs-npm                      x86_64  1:10.9.8-1.22.23.1.4.el10           appstream          2.5 M
#6 12.98  selinux-policy-targeted-extra   noarch  42.1.26-1.el10                      crb                775 k
#6 12.98 
#6 12.98 Transaction Summary
#6 12.98 =====================================================================================================
#6 12.98 Install  75 Packages
#6 12.98 
#6 12.99 Total download size: 67 M
#6 12.99 Installed size: 293 M
#6 12.99 Downloading Packages:
#6 13.48 (1/75): c-ares-1.34.6-4.el10.x86_64.rpm         1.6 MB/s | 117 kB     00:00    
#6 13.49 (2/75): authselect-1.5.3-1.el10.x86_64.rpm      2.6 MB/s | 230 kB     00:00    
#6 13.50 (3/75): authselect-libs-1.5.3-1.el10.x86_64.rpm 2.8 MB/s | 268 kB     00:00    
#6 13.52 (4/75): cyrus-sasl-lib-2.1.28-27.el10.x86_64.rp 2.6 MB/s | 106 kB     00:00    
#6 13.52 (5/75): device-mapper-event-1.02.215-3.el10.x86 1.2 MB/s |  37 kB     00:00    
#6 13.53 (6/75): device-mapper-event-libs-1.02.215-3.el1 1.0 MB/s |  31 kB     00:00    
#6 13.58 (7/75): e2fsprogs-libs-1.47.1-5.el10.x86_64.rpm 3.8 MB/s | 225 kB     00:00    
#6 13.58 (8/75): device-mapper-persistent-data-1.3.2-1.e  17 MB/s | 1.2 MB     00:00    
#6 13.59 (9/75): gdbm-1.23-14.el10.x86_64.rpm            2.6 MB/s | 151 kB     00:00    
#6 13.62 (10/75): libaio-0.3.112-1.el10.x86_64.rpm       681 kB/s |  23 kB     00:00    
#6 13.62 (11/75): gssproxy-0.9.2-10.el10.x86_64.rpm      2.6 MB/s | 114 kB     00:00    
#6 13.62 (12/75): kmod-31-13.el10.x86_64.rpm             3.4 MB/s | 136 kB     00:00    
#6 13.65 (13/75): libbasicobjects-0.1.1-58.el10.x86_64.r 780 kB/s |  27 kB     00:00    
#6 13.66 (14/75): libcollection-0.7.0-58.el10.x86_64.rpm 1.4 MB/s |  45 kB     00:00    
#6 13.66 (15/75): libbrotli-1.1.0-8.el10.x86_64.rpm      8.4 MB/s | 344 kB     00:00    
#6 13.69 (16/75): libev-4.33-15.el10.x86_64.rpm          1.4 MB/s |  52 kB     00:00    
#6 13.70 (17/75): libevent-2.1.12-16.el10.x86_64.rpm     5.9 MB/s | 261 kB     00:00    
#6 13.70 (18/75): libini_config-1.3.1-58.el10.x86_64.rpm 1.7 MB/s |  68 kB     00:00    
#6 13.72 (19/75): libnfsidmap-2.8.3-9.el10.x86_64.rpm    2.0 MB/s |  63 kB     00:00    
#6 13.74 (20/75): libnvme-1.16.2-1.el10.x86_64.rpm       3.0 MB/s | 120 kB     00:00    
#6 13.75 (21/75): libnl3-3.11.0-1.el10.x86_64.rpm        7.3 MB/s | 361 kB     00:00    
#6 13.75 (22/75): libpath_utils-0.2.1-58.el10.x86_64.rpm 925 kB/s |  30 kB     00:00    
#6 13.77 (23/75): libref_array-0.1.5-58.el10.x86_64.rpm  860 kB/s |  28 kB     00:00    
#6 13.79 (24/75): libselinux-utils-3.11-1.el10.x86_64.rp 3.1 MB/s | 127 kB     00:00    
#6 13.79 (25/75): libtirpc-1.3.5-1.el10.x86_64.rpm       2.4 MB/s |  95 kB     00:00    
#6 13.81 (26/75): liburing-2.12-1.el10.x86_64.rpm        1.3 MB/s |  43 kB     00:00    
#6 13.82 (27/75): libutempter-1.2.1-15.el10.x86_64.rpm   913 kB/s |  27 kB     00:00    
#6 13.82 (28/75): libverto-libev-0.3.2-10.el10.x86_64.rp 464 kB/s |  14 kB     00:00    
#6 13.86 (29/75): lvm2-2.03.41-3.el10.x86_64.rpm          31 MB/s | 1.5 MB     00:00    
#6 13.87 (30/75): lvm2-libs-2.03.41-3.el10.x86_64.rpm     19 MB/s | 954 kB     00:00    
#6 13.88 (31/75): nfs-utils-2.8.3-9.el10.x86_64.rpm      8.9 MB/s | 489 kB     00:00    
#6 13.89 (32/75): openldap-2.6.13-1.el10.x86_64.rpm      6.2 MB/s | 240 kB     00:00    
#6 13.94 (33/75): openssl-3.5.7-2.el10.x86_64.rpm         18 MB/s | 1.3 MB     00:00    
#6 13.95 (34/75): pam-1.6.1-11.el10.x86_64.rpm           8.4 MB/s | 585 kB     00:00    
#6 13.95 (35/75): policycoreutils-3.11-1.el10.x86_64.rpm 4.7 MB/s | 270 kB     00:00    
#6 13.98 (36/75): psmisc-23.6-8.el10.x86_64.rpm          7.1 MB/s | 319 kB     00:00    
#6 13.98 (37/75): python3-audit-4.0.3-5.el10.x86_64.rpm  1.8 MB/s |  69 kB     00:00    
#6 13.99 (38/75): python3-distro-1.9.0-5.el10.noarch.rpm 1.4 MB/s |  48 kB     00:00    
#6 14.03 (39/75): quota-4.09-10.el10.x86_64.rpm          4.9 MB/s | 198 kB     00:00    
#6 14.03 (40/75): quota-nls-4.09-10.el10.noarch.rpm      1.8 MB/s |  76 kB     00:00    
#6 14.05 (41/75): python3-setools-4.7.0-1.el10.x86_64.rp  12 MB/s | 808 kB     00:00    
#6 14.06 (42/75): rpm-plugin-selinux-4.19.1.1-25.el10.x8 588 kB/s |  17 kB     00:00    
#6 14.06 (43/75): rpcbind-1.2.9-0.el10.x86_64.rpm        1.9 MB/s |  58 kB     00:00    
#6 14.08 (44/75): selinux-policy-42.1.26-1.el10.noarch.r 1.9 MB/s |  61 kB     00:00    
#6 14.10 (45/75): userspace-rcu-0.14.0-7.el10.x86_64.rpm 2.9 MB/s | 115 kB     00:00    
#6 14.28 (46/75): selinux-policy-targeted-42.1.26-1.el10  28 MB/s | 6.3 MB     00:00    
#6 14.32 (47/75): checkpolicy-3.11-1.el10.x86_64.rpm     1.6 MB/s | 371 kB     00:00    
#6 14.34 (48/75): util-linux-2.40.2-20.el10.x86_64.rpm   4.9 MB/s | 1.3 MB     00:00    
#6 14.35 (49/75): nodejs-22.23.1-4.el10.x86_64.rpm       1.5 MB/s |  52 kB     00:00    
#6 14.37 (50/75): libuv-1.52.1-1.el10.x86_64.rpm         3.0 MB/s | 265 kB     00:00    
#6 14.58 (51/75): nodejs-docs-22.23.1-4.el10.noarch.rpm   39 MB/s | 9.3 MB     00:00    
#6 14.79 (52/75): nodejs-full-i18n-22.23.1-4.el10.x86_64  20 MB/s | 8.9 MB     00:00    
#6 14.84 (53/75): policycoreutils-python-utils-3.11-1.el 1.0 MB/s |  46 kB     00:00    
#6 14.91 (54/75): nodejs-npm-10.9.8-1.22.23.1.4.el10.x86 7.6 MB/s | 2.5 MB     00:00    
#6 14.93 (55/75): python3-libselinux-3.11-1.el10.x86_64. 2.3 MB/s | 202 kB     00:00    
#6 15.15 (56/75): nodejs-libs-22.23.1-4.el10.x86_64.rpm   25 MB/s |  20 MB     00:00    
#6 15.15 (57/75): python3-libsemanage-3.11-1.el10.x86_64 333 kB/s |  80 kB     00:00    
#6 15.18 (58/75): python3-policycoreutils-3.11-1.el10.no 8.7 MB/s | 2.2 MB     00:00    
#6 15.19 (59/75): python3-pyxattr-0.7.2-14.el10.x86_64.r 906 kB/s |  35 kB     00:00    
#6 15.20 (60/75): selinux-policy-targeted-extra-42.1.26-  15 MB/s | 775 kB     00:00    
#6 15.21 (61/75): glusterfs-2026.08.23-0.0.gitb9354d26af  18 MB/s | 594 kB     00:00    
#6 15.22 (62/75): glusterfs-cli-2026.08.23-0.0.gitb9354d 6.9 MB/s | 185 kB     00:00    
#6 15.22 (63/75): glusterfs-fuse-2026.08.23-0.0.gitb9354  16 MB/s | 137 kB     00:00    
#6 15.23 (64/75): glusterfs-gnfs-2026.08.23-0.0.gitb9354  15 MB/s | 145 kB     00:00    
#6 15.23 (65/75): glusterfs-selinux-2.0.1-1.el10.noarch. 2.7 MB/s |  25 kB     00:00    
#6 15.24 (66/75): glusterfs-client-xlators-2026.08.23-0.  21 MB/s | 785 kB     00:00    
#6 15.25 (67/75): libgfapi0-2026.08.23-0.0.gitb9354d26af 4.6 MB/s |  95 kB     00:00    
#6 15.26 (68/75): glusterfs-server-2026.08.23-0.0.gitb93  39 MB/s | 1.2 MB     00:00    
#6 15.26 (69/75): libgfchangelog0-2026.08.23-0.0.gitb935 1.8 MB/s |  34 kB     00:00    
#6 15.26 (70/75): libgfrpc0-2026.08.23-0.0.gitb9354d26af 7.4 MB/s |  53 kB     00:00    
#6 15.26 (71/75): libgfxdr0-2026.08.23-0.0.gitb9354d26af 5.1 MB/s |  31 kB     00:00    
#6 15.26 (72/75): python3-gluster-2026.08.23-0.0.gitb935 3.1 MB/s |  17 kB     00:00    
#6 15.27 (73/75): libglusterfs0-2026.08.23-0.0.gitb9354d  26 MB/s | 289 kB     00:00    
#6 15.58 (74/75): libunwind-1.8.0-4.el10_0.x86_64.rpm    231 kB/s |  73 kB     00:00    
#6 15.70 (75/75): gperftools-libs-2.15-4.el10_0.x86_64.r 695 kB/s | 303 kB     00:00    
#6 15.70 --------------------------------------------------------------------------------
#6 15.70 Total                                            25 MB/s |  67 MB     00:02     
#6 16.64 Extra Packages for Enterprise Linux 10 - x86_64 1.6 MB/s | 1.6 kB     00:00    
#6 16.64 Importing GPG key 0xE37ED158:
#6 16.64  Userid     : "Fedora (epel10) <epel@fedoraproject.org>"
#6 16.64  Fingerprint: 7D8D 15CB FC4E 6268 8591 FB26 33D9 8517 E37E D158
#6 16.64  From       : /etc/pki/rpm-gpg/RPM-GPG-KEY-EPEL-10
#6 16.64 Key imported successfully
#6 16.66 Running transaction check
#6 16.73 Transaction check succeeded.
#6 16.73 Running transaction test
#6 17.44 Transaction test succeeded.
#6 17.44 Running transaction
#6 18.12   Running scriptlet: selinux-policy-targeted-42.1.26-1.el10.noarch          1/1 
#6 18.12   Running scriptlet: nodejs-1:22.23.1-4.el10.x86_64                         1/1 
#6 18.18   Preparing        :                                                        1/1 
#6 18.23   Installing       : libtirpc-1.3.5-1.el10.x86_64                          1/75 
#6 18.23   Installing       : userspace-rcu-0.14.0-7.el10.x86_64                    2/75 
#6 18.24   Installing       : libaio-0.3.112-1.el10.x86_64                          3/75 
#6 18.24   Installing       : device-mapper-event-libs-10:1.02.215-3.el10.x86_64    4/75 
#6 18.24   Running scriptlet: rpcbind-1.2.9-0.el10.x86_64                           5/75 
#6 18.27   Installing       : rpcbind-1.2.9-0.el10.x86_64                           5/75 
#6 18.27   Running scriptlet: rpcbind-1.2.9-0.el10.x86_64                           5/75 
#6 18.32   Installing       : python3-libselinux-3.11-1.el10.x86_64                 6/75 
#6 18.70   Installing       : nodejs-docs-1:22.23.1-4.el10.noarch                   7/75 
#6 18.71   Installing       : libuv-1:1.52.1-1.el10.x86_64                          8/75 
#6 18.72   Installing       : libselinux-utils-3.11-1.el10.x86_64                   9/75 
#6 18.73   Installing       : libref_array-0.1.5-58.el10.x86_64                    10/75 
#6 18.73   Installing       : libnvme-1.16.2-1.el10.x86_64                         11/75 
#6 18.74   Installing       : libevent-2.1.12-16.el10.x86_64                       12/75 
#6 18.75   Installing       : kmod-31-13.el10.x86_64                               13/75 
#6 18.76   Installing       : authselect-libs-1.5.3-1.el10.x86_64                  14/75 
#6 18.76   Installing       : python3-libsemanage-3.11-1.el10.x86_64               15/75 
#6 18.76   Installing       : device-mapper-event-10:1.02.215-3.el10.x86_64        16/75 
#6 18.76   Running scriptlet: device-mapper-event-10:1.02.215-3.el10.x86_64        16/75 
#6 18.78 Created symlink '/etc/systemd/system/sockets.target.wants/dm-event.socket' → '/usr/lib/systemd/system/dm-event.socket'.
#6 18.78 
#6 18.80   Installing       : lvm2-libs-10:2.03.41-3.el10.x86_64                   17/75 
#6 18.80   Installing       : libunwind-1.8.0-4.el10_0.x86_64                      18/75 
#6 18.81   Installing       : gperftools-libs-2.15-4.el10_0.x86_64                 19/75 
#6 18.82   Installing       : libgfrpc0-2026.08.23-0.0.gitb9354d26afe5.el10.x86_   20/75 
#6 18.82   Running scriptlet: libgfrpc0-2026.08.23-0.0.gitb9354d26afe5.el10.x86_   20/75 
#6 18.83   Installing       : libgfxdr0-2026.08.23-0.0.gitb9354d26afe5.el10.x86_   21/75 
#6 18.84   Running scriptlet: libgfxdr0-2026.08.23-0.0.gitb9354d26afe5.el10.x86_   21/75 
#6 18.85   Installing       : libglusterfs0-2026.08.23-0.0.gitb9354d26afe5.el10.   22/75 
#6 18.85   Running scriptlet: libglusterfs0-2026.08.23-0.0.gitb9354d26afe5.el10.   22/75 
#6 18.88   Installing       : glusterfs-client-xlators-2026.08.23-0.0.gitb9354d2   23/75 
#6 18.88   Running scriptlet: glusterfs-2026.08.23-0.0.gitb9354d26afe5.el10.x86_   24/75 
#6 18.92   Installing       : glusterfs-2026.08.23-0.0.gitb9354d26afe5.el10.x86_   24/75 
#6 18.93   Running scriptlet: glusterfs-2026.08.23-0.0.gitb9354d26afe5.el10.x86_   24/75 
#6 18.94   Installing       : libgfapi0-2026.08.23-0.0.gitb9354d26afe5.el10.x86_   25/75 
#6 18.94   Running scriptlet: libgfapi0-2026.08.23-0.0.gitb9354d26afe5.el10.x86_   25/75 
#6 18.95   Installing       : glusterfs-cli-2026.08.23-0.0.gitb9354d26afe5.el10.   26/75 
#6 18.96   Installing       : libgfchangelog0-2026.08.23-0.0.gitb9354d26afe5.el1   27/75 
#6 18.96   Running scriptlet: libgfchangelog0-2026.08.23-0.0.gitb9354d26afe5.el1   27/75 
#6 18.97   Installing       : python3-pyxattr-0.7.2-14.el10.x86_64                 28/75 
#6 18.98   Installing       : checkpolicy-3.11-1.el10.x86_64                       29/75 
#6 18.98   Installing       : quota-nls-1:4.09-10.el10.noarch                      30/75 
#6 19.02   Installing       : python3-setools-4.7.0-1.el10.x86_64                  31/75 
#6 19.03   Installing       : python3-distro-1.9.0-5.el10.noarch                   32/75 
#6 19.03   Installing       : python3-audit-4.0.3-5.el10.x86_64                    33/75 
#6 19.04   Installing       : psmisc-23.6-8.el10.x86_64                            34/75 
#6 19.04   Installing       : glusterfs-fuse-2026.08.23-0.0.gitb9354d26afe5.el10   35/75 
#6 19.08   Installing       : openssl-1:3.5.7-2.el10.x86_64                        36/75 
#6 19.09   Running scriptlet: libutempter-1.2.1-15.el10.x86_64                     37/75 
#6 19.10   Installing       : libutempter-1.2.1-15.el10.x86_64                     37/75 
#6 19.11   Installing       : liburing-2.12-1.el10.x86_64                          38/75 
#6 19.11   Installing       : libpath_utils-0.2.1-58.el10.x86_64                   39/75 
#6 19.12   Installing       : libnl3-3.11.0-1.el10.x86_64                          40/75 
#6 19.13   Installing       : libev-4.33-15.el10.x86_64                            41/75 
#6 19.13   Installing       : libverto-libev-0.3.2-10.el10.x86_64                  42/75 
#6 19.13   Installing       : libcollection-0.7.0-58.el10.x86_64                   43/75 
#6 19.14   Installing       : libbrotli-1.1.0-8.el10.x86_64                        44/75 
#6 19.14   Installing       : libbasicobjects-0.1.1-58.el10.x86_64                 45/75 
#6 19.15   Installing       : libini_config-1.3.1-58.el10.x86_64                   46/75 
#6 19.15   Running scriptlet: gssproxy-0.9.2-10.el10.x86_64                        47/75 
#6 19.16   Installing       : gssproxy-0.9.2-10.el10.x86_64                        47/75 
#6 19.16   Running scriptlet: gssproxy-0.9.2-10.el10.x86_64                        47/75 
#6 19.18   Installing       : gdbm-1:1.23-14.el10.x86_64                           48/75 
#6 19.22   Installing       : pam-1.6.1-11.el10.x86_64                             49/75 
#6 19.29   Installing       : util-linux-2.40.2-20.el10.x86_64                     50/75 
#6 19.29 warning: /etc/adjtime created as /etc/adjtime.rpmnew
#6 19.29 
#6 19.30   Running scriptlet: util-linux-2.40.2-20.el10.x86_64                     50/75 
#6 19.31 Created symlink '/etc/systemd/system/timers.target.wants/fstrim.timer' → '/usr/lib/systemd/system/fstrim.timer'.
#6 19.31 
#6 19.33   Installing       : policycoreutils-3.11-1.el10.x86_64                   51/75 
#6 19.33   Running scriptlet: policycoreutils-3.11-1.el10.x86_64                   51/75 
#6 19.34 Created symlink '/etc/systemd/system/sysinit.target.wants/selinux-autorelabel-mark.service' → '/usr/lib/systemd/system/selinux-autorelabel-mark.service'.
#6 19.34 
#6 19.35   Installing       : selinux-policy-42.1.26-1.el10.noarch                 52/75 
#6 19.35   Running scriptlet: selinux-policy-42.1.26-1.el10.noarch                 52/75 
#6 19.37   Running scriptlet: selinux-policy-targeted-extra-42.1.26-1.el10.noarc   53/75 
#6 19.41   Installing       : selinux-policy-targeted-extra-42.1.26-1.el10.noarc   53/75 
#6 19.41   Running scriptlet: selinux-policy-targeted-42.1.26-1.el10.noarch        54/75 
#6 19.64   Installing       : selinux-policy-targeted-42.1.26-1.el10.noarch        54/75 
#6 19.67   Running scriptlet: selinux-policy-targeted-42.1.26-1.el10.noarch        54/75 
#6 19.71   Installing       : python3-policycoreutils-3.11-1.el10.noarch           55/75 
#6 19.72   Installing       : policycoreutils-python-utils-3.11-1.el10.noarch      56/75 
#6 19.72   Running scriptlet: glusterfs-selinux-2.0.1-1.el10.noarch                57/75 
#6 19.73   Installing       : glusterfs-selinux-2.0.1-1.el10.noarch                57/75 
#6 19.73   Running scriptlet: glusterfs-selinux-2.0.1-1.el10.noarch                57/75 
#6 32.72 libsemanage.semanage_direct_install_info: Overriding glusterd module at lower priority 100 with module at priority 200.
#6 32.72 
#6 32.73   Installing       : e2fsprogs-libs-1.47.1-5.el10.x86_64                  58/75 
#6 32.74   Installing       : quota-1:4.09-10.el10.x86_64                          59/75 
#6 32.77   Installing       : device-mapper-persistent-data-1.3.2-1.el10.x86_64    60/75 
#6 32.81   Installing       : lvm2-10:2.03.41-3.el10.x86_64                        61/75 
#6 32.81   Running scriptlet: lvm2-10:2.03.41-3.el10.x86_64                        61/75 
#6 32.84 Created symlink '/etc/systemd/system/sysinit.target.wants/lvm2-monitor.service' → '/usr/lib/systemd/system/lvm2-monitor.service'.
#6 32.84 Created symlink '/etc/systemd/system/sysinit.target.wants/lvm2-lvmpolld.socket' → '/usr/lib/systemd/system/lvm2-lvmpolld.socket'.
#6 32.84 
#6 32.85   Installing       : cyrus-sasl-lib-2.1.28-27.el10.x86_64                 62/75 
#6 32.87   Installing       : openldap-2.6.13-1.el10.x86_64                        63/75 
#6 32.87   Installing       : libnfsidmap-1:2.8.3-9.el10.x86_64                    64/75 
#6 32.89   Running scriptlet: nfs-utils-1:2.8.3-9.el10.x86_64                      65/75 
#6 32.95   Installing       : nfs-utils-1:2.8.3-9.el10.x86_64                      65/75 
#6 32.95   Running scriptlet: nfs-utils-1:2.8.3-9.el10.x86_64                      65/75 
#6 32.96 Created symlink '/etc/systemd/system/multi-user.target.wants/nfs-client.target' → '/usr/lib/systemd/system/nfs-client.target'.
#6 32.96 Created symlink '/etc/systemd/system/remote-fs.target.wants/nfs-client.target' → '/usr/lib/systemd/system/nfs-client.target'.
#6 32.96 
#6 32.98 System has not been booted with systemd as init system (PID 1). Can't operate.
#6 32.98 Failed to connect to system scope bus via local transport: Host is down
#6 32.98 
#6 32.99 System has not been booted with systemd as init system (PID 1). Can't operate.
#6 32.99 Failed to connect to system scope bus via local transport: Host is down
#6 32.99 
#6 32.99   Installing       : c-ares-1.34.6-4.el10.x86_64                          66/75 
#6 33.32   Installing       : nodejs-libs-1:22.23.1-4.el10.x86_64                  67/75 
#6 33.46   Installing       : nodejs-full-i18n-1:22.23.1-4.el10.x86_64             68/75 
#6 33.73   Installing       : nodejs-npm-1:10.9.8-1.22.23.1.4.el10.x86_64          69/75 
#6 33.79   Installing       : nodejs-1:22.23.1-4.el10.x86_64                       70/75 
#6 33.79   Installing       : glusterfs-gnfs-2026.08.23-0.0.gitb9354d26afe5.el10   71/75 
#6 33.83   Installing       : glusterfs-server-2026.08.23-0.0.gitb9354d26afe5.el   72/75 
#6 33.85   Running scriptlet: glusterfs-server-2026.08.23-0.0.gitb9354d26afe5.el   72/75 
#6 33.89   Installing       : authselect-1.5.3-1.el10.x86_64                       73/75 
#6 33.89   Installing       : python3-gluster-2026.08.23-0.0.gitb9354d26afe5.el1   74/75 
#6 33.89   Installing       : rpm-plugin-selinux-4.19.1.1-25.el10.x86_64           75/75 
#6 33.89   Running scriptlet: authselect-libs-1.5.3-1.el10.x86_64                  75/75 
#6 33.91   Running scriptlet: selinux-policy-targeted-extra-42.1.26-1.el10.noarc   75/75 
#6 40.36   Running scriptlet: selinux-policy-targeted-42.1.26-1.el10.noarch        75/75 
#6 52.09   Running scriptlet: glusterfs-selinux-2.0.1-1.el10.noarch                75/75 
#6 52.12   Running scriptlet: rpm-plugin-selinux-4.19.1.1-25.el10.x86_64           75/75 
#6 52.28 
#6 52.28 Installed:
#6 52.28   authselect-1.5.3-1.el10.x86_64                                                
#6 52.28   authselect-libs-1.5.3-1.el10.x86_64                                           
#6 52.28   c-ares-1.34.6-4.el10.x86_64                                                   
#6 52.28   checkpolicy-3.11-1.el10.x86_64                                                
#6 52.28   cyrus-sasl-lib-2.1.28-27.el10.x86_64                                          
#6 52.28   device-mapper-event-10:1.02.215-3.el10.x86_64                                 
#6 52.28   device-mapper-event-libs-10:1.02.215-3.el10.x86_64                            
#6 52.28   device-mapper-persistent-data-1.3.2-1.el10.x86_64                             
#6 52.28   e2fsprogs-libs-1.47.1-5.el10.x86_64                                           
#6 52.28   gdbm-1:1.23-14.el10.x86_64                                                    
#6 52.28   glusterfs-2026.08.23-0.0.gitb9354d26afe5.el10.x86_64                          
#6 52.28   glusterfs-cli-2026.08.23-0.0.gitb9354d26afe5.el10.x86_64                      
#6 52.28   glusterfs-client-xlators-2026.08.23-0.0.gitb9354d26afe5.el10.x86_64           
#6 52.28   glusterfs-fuse-2026.08.23-0.0.gitb9354d26afe5.el10.x86_64                     
#6 52.28   glusterfs-gnfs-2026.08.23-0.0.gitb9354d26afe5.el10.x86_64                     
#6 52.28   glusterfs-selinux-2.0.1-1.el10.noarch                                         
#6 52.28   glusterfs-server-2026.08.23-0.0.gitb9354d26afe5.el10.x86_64                   
#6 52.28   gperftools-libs-2.15-4.el10_0.x86_64                                          
#6 52.28   gssproxy-0.9.2-10.el10.x86_64                                                 
#6 52.28   kmod-31-13.el10.x86_64                                                        
#6 52.28   libaio-0.3.112-1.el10.x86_64                                                  
#6 52.28   libbasicobjects-0.1.1-58.el10.x86_64                                          
#6 52.28   libbrotli-1.1.0-8.el10.x86_64                                                 
#6 52.28   libcollection-0.7.0-58.el10.x86_64                                            
#6 52.28   libev-4.33-15.el10.x86_64                                                     
#6 52.28   libevent-2.1.12-16.el10.x86_64                                                
#6 52.28   libgfapi0-2026.08.23-0.0.gitb9354d26afe5.el10.x86_64                          
#6 52.28   libgfchangelog0-2026.08.23-0.0.gitb9354d26afe5.el10.x86_64                    
#6 52.28   libgfrpc0-2026.08.23-0.0.gitb9354d26afe5.el10.x86_64                          
#6 52.28   libgfxdr0-2026.08.23-0.0.gitb9354d26afe5.el10.x86_64                          
#6 52.28   libglusterfs0-2026.08.23-0.0.gitb9354d26afe5.el10.x86_64                      
#6 52.28   libini_config-1.3.1-58.el10.x86_64                                            
#6 52.28   libnfsidmap-1:2.8.3-9.el10.x86_64                                             
#6 52.28   libnl3-3.11.0-1.el10.x86_64                                                   
#6 52.28   libnvme-1.16.2-1.el10.x86_64                                                  
#6 52.28   libpath_utils-0.2.1-58.el10.x86_64                                            
#6 52.28   libref_array-0.1.5-58.el10.x86_64                                             
#6 52.28   libselinux-utils-3.11-1.el10.x86_64                                           
#6 52.28   libtirpc-1.3.5-1.el10.x86_64                                                  
#6 52.28   libunwind-1.8.0-4.el10_0.x86_64                                               
#6 52.28   liburing-2.12-1.el10.x86_64                                                   
#6 52.28   libutempter-1.2.1-15.el10.x86_64                                              
#6 52.28   libuv-1:1.52.1-1.el10.x86_64                                                  
#6 52.28   libverto-libev-0.3.2-10.el10.x86_64                                           
#6 52.28   lvm2-10:2.03.41-3.el10.x86_64                                                 
#6 52.28   lvm2-libs-10:2.03.41-3.el10.x86_64                                            
#6 52.28   nfs-utils-1:2.8.3-9.el10.x86_64                                               
#6 52.28   nodejs-1:22.23.1-4.el10.x86_64                                                
#6 52.28   nodejs-docs-1:22.23.1-4.el10.noarch                                           
#6 52.28   nodejs-full-i18n-1:22.23.1-4.el10.x86_64                                      
#6 52.28   nodejs-libs-1:22.23.1-4.el10.x86_64                                           
#6 52.28   nodejs-npm-1:10.9.8-1.22.23.1.4.el10.x86_64                                   
#6 52.28   openldap-2.6.13-1.el10.x86_64                                                 
#6 52.28   openssl-1:3.5.7-2.el10.x86_64                                                 
#6 52.28   pam-1.6.1-11.el10.x86_64                                                      
#6 52.28   policycoreutils-3.11-1.el10.x86_64                                            
#6 52.28   policycoreutils-python-utils-3.11-1.el10.noarch                               
#6 52.28   psmisc-23.6-8.el10.x86_64                                                     
#6 52.28   python3-audit-4.0.3-5.el10.x86_64                                             
#6 52.28   python3-distro-1.9.0-5.el10.noarch                                            
#6 52.28   python3-gluster-2026.08.23-0.0.gitb9354d26afe5.el10.x86_64                    
#6 52.28   python3-libselinux-3.11-1.el10.x86_64                                         
#6 52.28   python3-libsemanage-3.11-1.el10.x86_64                                        
#6 52.28   python3-policycoreutils-3.11-1.el10.noarch                                    
#6 52.28   python3-pyxattr-0.7.2-14.el10.x86_64                                          
#6 52.28   python3-setools-4.7.0-1.el10.x86_64                                           
#6 52.28   quota-1:4.09-10.el10.x86_64                                                   
#6 52.28   quota-nls-1:4.09-10.el10.noarch                                               
#6 52.28   rpcbind-1.2.9-0.el10.x86_64                                                   
#6 52.28   rpm-plugin-selinux-4.19.1.1-25.el10.x86_64                                    
#6 52.28   selinux-policy-42.1.26-1.el10.noarch                                          
#6 52.28   selinux-policy-targeted-42.1.26-1.el10.noarch                                 
#6 52.28   selinux-policy-targeted-extra-42.1.26-1.el10.noarch                           
#6 52.28   userspace-rcu-0.14.0-7.el10.x86_64                                            
#6 52.28   util-linux-2.40.2-20.el10.x86_64                                              
#6 52.28 
#6 52.28 Complete!
#6 52.52 30 files removed
#6 DONE 52.6s

#7 [3/5] COPY containers/gluster-bootstrap.mjs /usr/local/bin/gluster-bootstrap.mjs
#7 DONE 0.1s

#8 [4/5] RUN chmod 0755 /usr/local/bin/gluster-bootstrap.mjs
#8 DONE 0.1s

#9 [5/5] WORKDIR /app
#9 DONE 0.0s

#10 exporting to image
#10 exporting layers
#10 exporting layers 9.8s done
#10 exporting manifest sha256:1735c72be516cdd07c2ab6bb7b694f46a4f562d540cf99cc56b2190a4f126952
#10 exporting manifest sha256:1735c72be516cdd07c2ab6bb7b694f46a4f562d540cf99cc56b2190a4f126952 done
#10 exporting config sha256:c4241e21b7bcae196e3a5c7a0c0eaa5fac0c778243bd0d7e20ae66de9aa96bb4 done
#10 exporting attestation manifest sha256:19b032f939e6c73a40e85b8f980f33c60a7fe83de6f9e9e934f00e065708b6d4 done
#10 exporting manifest list sha256:125fcd4b6647297b7a4fcd6ccb56567ba8c923e5ffb4662a5a7c7821bee646bd done
#10 naming to ghcr.io/eliware/centos10-gluster:2026.08.23-b9354d26afe5 done
#10 unpacking to ghcr.io/eliware/centos10-gluster:2026.08.23-b9354d26afe5
#10 unpacking to ghcr.io/eliware/centos10-gluster:2026.08.23-b9354d26afe5 2.1s done
#10 DONE 12.0s

 [33m1 warning found (use docker --debug to expand):
[0m - SecretsUsedInArgOrEnv: Do not use ARG or ENV instructions for sensitive data (ARG "RPM_GPG_KEY_URL") (line 15)
{
  "run_id": "20260823172545303-a7111e4a",
  "generated": "2026-08-23T17:36:53Z",
  "repository_integrity": {
    "status": "not-tested",
    "detail": "verified by the conductor against the package repository"
  },
  "provenance_verification": {
    "status": "not-tested",
    "detail": "generated and verified by the conductor after image publication"
  },
  "checks": {
    "install": {
      "status": "passed"
    },
    "cli_available": {
      "status": "passed"
    },
    "volume_create_mount": {
      "status": "passed"
    },
    "file_lifecycle": {
      "status": "passed"
    },
    "volume_unmount_delete": {
      "status": "passed"
    },
    "service_shutdown": {
      "status": "passed"
    }
  },
  "distributions": [
    {
      "id": "centos-stream-10",
      "label": "CentOS Stream 10",
      "container_core": {
        "status": "passed",
        "detail": "updated; volume stop: smoke: success; volume delete: smoke: success"
      }
    }
  ],
  "metadata_version": "0.1.0"
}
Validated 11 image labels
Login Succeeded
The push refers to repository [ghcr.io/eliware/centos10-gluster]
0a992b1fa95b: Waiting
44136fa355b3: Waiting
5b3e0d4726b8: Waiting
ff51660ad304: Waiting
44136fa355b3: Already exists
5b3e0d4726b8: Layer already exists
ff51660ad304: Waiting
8c94a0d77069: Waiting
e8299de96a60: Waiting
0a992b1fa95b: Waiting
e8299de96a60: Waiting
0a992b1fa95b: Pushed
1575493581b7: Waiting
8c94a0d77069: Pushed
e8299de96a60: Pushed
1575493581b7: Pushed
ff51660ad304: Pushed
2026.08.23-b9354d26afe5: digest: sha256:125fcd4b6647297b7a4fcd6ccb56567ba8c923e5ffb4662a5a7c7821bee646bd size: 856
sha256:125fcd4b6647297b7a4fcd6ccb56567ba8c923e5ffb4662a5a7c7821bee646bd
