#0 building with "default" instance using docker driver

#1 [internal] load build definition from centos10-gluster.Dockerfile
#1 transferring dockerfile: 3.19kB done
#1 WARN: SecretsUsedInArgOrEnv: Do not use ARG or ENV instructions for sensitive data (ARG "RPM_GPG_KEY_URL") (line 15)
#1 DONE 0.0s

#2 [internal] load metadata for docker.io/rockylinux/rockylinux:10@sha256:827d37bc128288ccf160ee318bb3cb92d591164cb217e92f8bc61e3982ae1834
#2 DONE 0.0s

#3 [internal] load .dockerignore
#3 transferring context: 2B done
#3 DONE 0.0s

#4 [internal] load build context
#4 transferring context: 2.88kB done
#4 DONE 0.0s

#5 [1/5] FROM docker.io/rockylinux/rockylinux:10@sha256:827d37bc128288ccf160ee318bb3cb92d591164cb217e92f8bc61e3982ae1834
#5 resolve docker.io/rockylinux/rockylinux:10@sha256:827d37bc128288ccf160ee318bb3cb92d591164cb217e92f8bc61e3982ae1834 0.0s done
#5 DONE 0.0s

#6 [2/5] RUN test -n "https://glusterfs.eliware.org/el10/x86_64/previews/epel10-rolling-2026.08.21-5b9f1aa03caf/"     && test -n "ae68d613b5bc4b56f4304e558d1dfa2f6386de7c3d33989c7d944f6dcfe6e904"     && dnf -y install dnf-plugins-core     && dnf -y install epel-release     && dnf config-manager --set-enabled crb     && curl --fail --silent --show-error --location --retry 6 --retry-all-errors --retry-delay 2 --connect-timeout 15 --max-time 60 "https://glusterfs.eliware.org/keys/RPM-GPG-KEY-ELIWARE-GLUSTER" --output /tmp/eliware-gluster-key     && rpm --import /tmp/eliware-gluster-key     && printf '[eliware-glusterfs]\nname=Eliware GlusterFS\nbaseurl=%s\nenabled=1\ngpgcheck=1\nrepo_gpgcheck=1\ngpgkey=%s\n' "https://glusterfs.eliware.org/el10/x86_64/previews/epel10-rolling-2026.08.21-5b9f1aa03caf/" "https://glusterfs.eliware.org/keys/RPM-GPG-KEY-ELIWARE-GLUSTER" > /etc/yum.repos.d/eliware-glusterfs.repo     && curl --fail --silent --show-error --location --retry 6 --retry-all-errors --retry-delay 2 --connect-timeout 15 --max-time 60 "https://glusterfs.eliware.org/el10/x86_64/previews/epel10-rolling-2026.08.21-5b9f1aa03caf/repodata/repomd.xml" --output /tmp/repomd.xml     && printf '%s  /tmp/repomd.xml\n' "ae68d613b5bc4b56f4304e558d1dfa2f6386de7c3d33989c7d944f6dcfe6e904" | sha256sum --check --status     && dnf -y --enablerepo=eliware-glusterfs install          glusterfs glusterfs-server glusterfs-selinux glusterfs-cli          glusterfs-client-xlators glusterfs-fuse glusterfs-gnfs          libgfapi0 libgfchangelog0 libgfrpc0 libgfxdr0 libglusterfs0          python3-gluster nodejs     && dnf clean all     && rm -f /tmp/eliware-gluster-key /tmp/repomd.xml     && rm -rf /var/cache/dnf
#6 0.946 Rocky Linux 10 - BaseOS                          54 MB/s |  20 MB     00:00    
#6 3.639 Rocky Linux 10 - AppStream                      4.4 MB/s | 2.5 MB     00:00    
#6 4.165 Rocky Linux 10 - Extras                          36 kB/s | 5.8 kB     00:00    
#6 4.465 Dependencies resolved.
#6 4.467 ================================================================================
#6 4.467  Package                    Arch     Version                     Repo      Size
#6 4.467 ================================================================================
#6 4.467 Installing:
#6 4.467  dnf-plugins-core           noarch   4.7.0-10.el10               baseos    41 k
#6 4.467 Installing dependencies:
#6 4.467  dbus-libs                  x86_64   1:1.14.10-5.el10            baseos   155 k
#6 4.467  python3-dateutil           noarch   1:2.9.0.post0-1.el10_0      baseos   341 k
#6 4.467  python3-dbus               x86_64   1.3.2-8.el10                baseos   159 k
#6 4.467  python3-dnf-plugins-core   noarch   4.7.0-10.el10               baseos   313 k
#6 4.467  python3-six                noarch   1.16.0-16.el10              baseos    41 k
#6 4.467  python3-systemd            x86_64   235-11.el10                 baseos   108 k
#6 4.467 
#6 4.467 Transaction Summary
#6 4.467 ================================================================================
#6 4.467 Install  7 Packages
#6 4.467 
#6 4.467 Total download size: 1.1 M
#6 4.468 Installed size: 3.4 M
#6 4.468 Downloading Packages:
#6 4.579 (1/7): dnf-plugins-core-4.7.0-10.el10.noarch.rp 676 kB/s |  41 kB     00:00    
#6 4.592 (2/7): python3-dateutil-2.9.0.post0-1.el10_0.no 4.5 MB/s | 341 kB     00:00    
#6 4.599 (3/7): dbus-libs-1.14.10-5.el10.x86_64.rpm      1.9 MB/s | 155 kB     00:00    
#6 4.617 (4/7): python3-dbus-1.3.2-8.el10.x86_64.rpm     4.2 MB/s | 159 kB     00:00    
#6 4.626 (5/7): python3-dnf-plugins-core-4.7.0-10.el10.n 9.3 MB/s | 313 kB     00:00    
#6 4.628 (6/7): python3-six-1.16.0-16.el10.noarch.rpm    1.4 MB/s |  41 kB     00:00    
#6 4.647 (7/7): python3-systemd-235-11.el10.x86_64.rpm   3.7 MB/s | 108 kB     00:00    
#6 4.649 --------------------------------------------------------------------------------
#6 4.649 Total                                           6.3 MB/s | 1.1 MB     00:00     
#6 4.730 Running transaction check
#6 4.751 Transaction check succeeded.
#6 4.751 Running transaction test
#6 4.803 Transaction test succeeded.
#6 4.803 Running transaction
#6 4.839   Preparing        :                                                        1/1 
#6 4.872   Installing       : python3-systemd-235-11.el10.x86_64                     1/7 
#6 4.881   Installing       : python3-six-1.16.0-16.el10.noarch                      2/7 
#6 4.897   Installing       : python3-dateutil-1:2.9.0.post0-1.el10_0.noarch         3/7 
#6 4.903   Installing       : dbus-libs-1:1.14.10-5.el10.x86_64                      4/7 
#6 4.914   Installing       : python3-dbus-1.3.2-8.el10.x86_64                       5/7 
#6 4.927   Installing       : python3-dnf-plugins-core-4.7.0-10.el10.noarch          6/7 
#6 4.931   Installing       : dnf-plugins-core-4.7.0-10.el10.noarch                  7/7 
#6 4.937   Running scriptlet: dnf-plugins-core-4.7.0-10.el10.noarch                  7/7 
#6 5.050 
#6 5.050 Installed:
#6 5.050   dbus-libs-1:1.14.10-5.el10.x86_64                                             
#6 5.050   dnf-plugins-core-4.7.0-10.el10.noarch                                         
#6 5.050   python3-dateutil-1:2.9.0.post0-1.el10_0.noarch                                
#6 5.050   python3-dbus-1.3.2-8.el10.x86_64                                              
#6 5.050   python3-dnf-plugins-core-4.7.0-10.el10.noarch                                 
#6 5.050   python3-six-1.16.0-16.el10.noarch                                             
#6 5.050   python3-systemd-235-11.el10.x86_64                                            
#6 5.050 
#6 5.050 Complete!
#6 5.358 Last metadata expiration check: 0:00:02 ago on Fri Aug 21 02:10:14 2026.
#6 5.446 Dependencies resolved.
#6 5.447 ================================================================================
#6 5.447  Package              Architecture   Version               Repository      Size
#6 5.447 ================================================================================
#6 5.447 Installing:
#6 5.447  epel-release         noarch         10-7.el10_1           extras          19 k
#6 5.447 
#6 5.447 Transaction Summary
#6 5.447 ================================================================================
#6 5.447 Install  1 Package
#6 5.447 
#6 5.448 Total download size: 19 k
#6 5.448 Installed size: 25 k
#6 5.448 Downloading Packages:
#6 5.551 epel-release-10-7.el10_1.noarch.rpm             366 kB/s |  19 kB     00:00    
#6 5.552 --------------------------------------------------------------------------------
#6 5.552 Total                                           180 kB/s |  19 kB     00:00     
#6 5.561 Running transaction check
#6 5.565 Transaction check succeeded.
#6 5.565 Running transaction test
#6 5.567 Transaction test succeeded.
#6 5.567 Running transaction
#6 5.571   Preparing        :                                                        1/1 
#6 5.579   Installing       : epel-release-10-7.el10_1.noarch                        1/1 
#6 5.581   Running scriptlet: epel-release-10-7.el10_1.noarch                        1/1 
#6 5.585 Many EPEL packages require the CodeReady Builder (CRB) repository.
#6 5.585 It is recommended that you run /usr/bin/crb enable to enable the CRB repository.
#6 5.585 
#6 5.645 
#6 5.645 Installed:
#6 5.645   epel-release-10-7.el10_1.noarch                                               
#6 5.645 
#6 5.645 Complete!
#6 6.204 Eliware GlusterFS                               5.5 kB/s | 228  B     00:00    
#6 6.223 Eliware GlusterFS                                43 kB/s | 847  B     00:00    
#6 6.224 Importing GPG key 0x79687D60:
#6 6.224  Userid     : "Eliware GlusterFS Release <gluster-release@eliware.org>"
#6 6.224  Fingerprint: 82EC A351 E170 E834 0B53 B476 EDCB 5E07 7968 7D60
#6 6.224  From       : https://glusterfs.eliware.org/keys/RPM-GPG-KEY-ELIWARE-GLUSTER
#6 6.281 Eliware GlusterFS                               180 kB/s |  10 kB     00:00    
#6 7.129 Extra Packages for Enterprise Linux 10 - x86_64 7.9 MB/s | 6.6 MB     00:00    
#6 8.794 Rocky Linux 10 - BaseOS                          39 kB/s | 4.3 kB     00:00    
#6 8.898 Rocky Linux 10 - AppStream                       63 kB/s | 4.4 kB     00:00    
#6 9.105 Rocky Linux 10 - CRB                            3.0 MB/s | 531 kB     00:00    
#6 10.20 Dependencies resolved.
#6 10.21 =====================================================================================================
#6 10.21  Package                         Arch    Version                             Repository          Size
#6 10.21 =====================================================================================================
#6 10.21 Installing:
#6 10.21  glusterfs                       x86_64  2026.08.21-0.0.git5b9f1aa03caf.el10 eliware-glusterfs  594 k
#6 10.21  glusterfs-cli                   x86_64  2026.08.21-0.0.git5b9f1aa03caf.el10 eliware-glusterfs  185 k
#6 10.21  glusterfs-client-xlators        x86_64  2026.08.21-0.0.git5b9f1aa03caf.el10 eliware-glusterfs  785 k
#6 10.21  glusterfs-fuse                  x86_64  2026.08.21-0.0.git5b9f1aa03caf.el10 eliware-glusterfs  137 k
#6 10.21  glusterfs-gnfs                  x86_64  2026.08.21-0.0.git5b9f1aa03caf.el10 eliware-glusterfs  145 k
#6 10.21  glusterfs-selinux               noarch  2.0.1-1.el10                        eliware-glusterfs   25 k
#6 10.21  glusterfs-server                x86_64  2026.08.21-0.0.git5b9f1aa03caf.el10 eliware-glusterfs  1.2 M
#6 10.21  libgfapi0                       x86_64  2026.08.21-0.0.git5b9f1aa03caf.el10 eliware-glusterfs   95 k
#6 10.21  libgfchangelog0                 x86_64  2026.08.21-0.0.git5b9f1aa03caf.el10 eliware-glusterfs   34 k
#6 10.21  libgfrpc0                       x86_64  2026.08.21-0.0.git5b9f1aa03caf.el10 eliware-glusterfs   53 k
#6 10.21  libgfxdr0                       x86_64  2026.08.21-0.0.git5b9f1aa03caf.el10 eliware-glusterfs   31 k
#6 10.21  libglusterfs0                   x86_64  2026.08.21-0.0.git5b9f1aa03caf.el10 eliware-glusterfs  289 k
#6 10.21  nodejs                          x86_64  1:22.23.1-6.el10_2                  appstream           52 k
#6 10.21  python3-gluster                 x86_64  2026.08.21-0.0.git5b9f1aa03caf.el10 eliware-glusterfs   17 k
#6 10.21 Installing dependencies:
#6 10.21  c-ares                          x86_64  1.34.6-2.el10_2                     baseos             117 k
#6 10.21  checkpolicy                     x86_64  3.10-1.el10                         appstream          370 k
#6 10.21  dbus                            x86_64  1:1.14.10-5.el10                    baseos             7.4 k
#6 10.21  dbus-broker                     x86_64  36-4.el10                           baseos             174 k
#6 10.21  dbus-common                     noarch  1:1.14.10-5.el10                    baseos              14 k
#6 10.21  device-mapper                   x86_64  10:1.02.210-2.el10                  baseos             142 k
#6 10.21  device-mapper-event             x86_64  10:1.02.210-2.el10                  baseos              36 k
#6 10.21  device-mapper-event-libs        x86_64  10:1.02.210-2.el10                  baseos              31 k
#6 10.21  device-mapper-libs              x86_64  10:1.02.210-2.el10                  baseos             181 k
#6 10.21  device-mapper-persistent-data   x86_64  1.3.0-1.el10                        baseos             1.2 M
#6 10.21  diffutils                       x86_64  3.10-8.el10                         baseos             411 k
#6 10.21  e2fsprogs-libs                  x86_64  1.47.1-5.el10                       baseos             225 k
#6 10.21  gperftools-libs                 x86_64  2.15-4.el10_0                       epel               303 k
#6 10.21  gssproxy                        x86_64  0.9.2-10.el10                       baseos             111 k
#6 10.21  kmod                            x86_64  31-13.el10                          baseos             137 k
#6 10.21  libaio                          x86_64  0.3.111-22.el10                     baseos              24 k
#6 10.21  libbasicobjects                 x86_64  0.1.1-58.el10                       baseos              26 k
#6 10.21  libbrotli                       x86_64  1.1.0-7.el10_1                      baseos             345 k
#6 10.21  libcollection                   x86_64  0.7.0-58.el10                       baseos              44 k
#6 10.21  libedit                         x86_64  3.1-52.20230828cvs.el10             baseos             105 k
#6 10.21  libev                           x86_64  4.33-15.el10                        baseos              52 k
#6 10.21  libini_config                   x86_64  1.3.1-58.el10                       baseos              67 k
#6 10.21  libnfsidmap                     x86_64  1:2.8.3-5.el10                      baseos              61 k
#6 10.21  libnl3                          x86_64  3.11.0-1.el10                       baseos             357 k
#6 10.21  libnvme                         x86_64  1.16.1-3.el10_2                     baseos             120 k
#6 10.21  libpath_utils                   x86_64  0.2.1-58.el10                       baseos              29 k
#6 10.21  libref_array                    x86_64  0.1.5-58.el10                       baseos              27 k
#6 10.21  libseccomp                      x86_64  2.5.6-1.el10                        baseos              70 k
#6 10.21  libselinux-utils                x86_64  3.10-1.el10                         baseos             122 k
#6 10.21  libtirpc                        x86_64  1.3.5-1.el10                        baseos              94 k
#6 10.21  libunwind                       x86_64  1.8.0-4.el10_0                      epel                73 k
#6 10.21  liburing                        x86_64  2.12-1.el10                         baseos              43 k
#6 10.21  libuv                           x86_64  1:1.52.1-1.el10_2                   appstream          265 k
#6 10.21  libverto-libev                  x86_64  0.3.2-10.el10                       baseos              13 k
#6 10.21  lvm2                            x86_64  10:2.03.36-2.el10                   baseos             1.6 M
#6 10.21  lvm2-libs                       x86_64  10:2.03.36-2.el10                   baseos             1.0 M
#6 10.21  nfs-utils                       x86_64  1:2.8.3-5.el10                      baseos             478 k
#6 10.21  nodejs-libs                     x86_64  1:22.23.1-6.el10_2                  appstream           20 M
#6 10.21  openssl                         x86_64  1:3.5.5-2.el10_2                    baseos             1.2 M
#6 10.21  policycoreutils                 x86_64  3.10-2.el10_2                       baseos             233 k
#6 10.21  policycoreutils-python-utils    noarch  3.10-2.el10_2                       appstream           45 k
#6 10.21  psmisc                          x86_64  23.6-8.el10                         baseos             320 k
#6 10.21  python3-audit                   x86_64  4.0.3-5.el10                        appstream           69 k
#6 10.21  python3-distro                  noarch  1.9.0-5.el10                        appstream           50 k
#6 10.21  python3-libselinux              x86_64  3.10-1.el10                         appstream          202 k
#6 10.21  python3-libsemanage             x86_64  3.10-1.el10                         appstream           80 k
#6 10.21  python3-policycoreutils         noarch  3.10-2.el10_2                       appstream          2.1 M
#6 10.21  python3-pyxattr                 x86_64  0.7.2-14.el10                       crb                 34 k
#6 10.21  python3-setools                 x86_64  4.6.0-3.el10                        baseos             776 k
#6 10.21  quota                           x86_64  1:4.09-10.el10                      baseos             195 k
#6 10.21  quota-nls                       noarch  1:4.09-10.el10                      baseos              77 k
#6 10.21  rpcbind                         x86_64  1.2.7-3.el10                        baseos              57 k
#6 10.21  rpm-plugin-selinux              x86_64  4.19.1.1-23.el10                    baseos              17 k
#6 10.21  selinux-policy                  noarch  42.1.18-4.el10_2.3                  baseos              55 k
#6 10.21  selinux-policy-targeted         noarch  42.1.18-4.el10_2.3                  baseos             5.9 M
#6 10.21  systemd                         x86_64  257-23.el10_2.1.rocky.0.1           baseos             5.6 M
#6 10.21  systemd-pam                     x86_64  257-23.el10_2.1.rocky.0.1           baseos             322 k
#6 10.21  userspace-rcu                   x86_64  0.14.0-7.el10                       baseos             109 k
#6 10.21  xkeyboard-config                noarch  2.41-3.el10                         appstream          998 k
#6 10.21 Installing weak dependencies:
#6 10.21  cryptsetup-libs                 x86_64  2.8.1-2.el10                        baseos             581 k
#6 10.21  kmod-libs                       x86_64  31-13.el10                          baseos              69 k
#6 10.21  libbpf                          x86_64  2:1.7.0-1.el10                      baseos             193 k
#6 10.21  libxkbcommon                    x86_64  1.7.0-4.el10                        appstream          144 k
#6 10.21  nodejs-docs                     noarch  1:22.23.1-6.el10_2                  appstream          9.1 M
#6 10.21  nodejs-full-i18n                x86_64  1:22.23.1-6.el10_2                  appstream          8.9 M
#6 10.21  nodejs-npm                      x86_64  1:10.9.8-1.22.23.1.6.el10_2         appstream          2.0 M
#6 10.21  selinux-policy-targeted-extra   noarch  42.1.18-4.el10_2.3                  crb                720 k
#6 10.21 
#6 10.21 Transaction Summary
#6 10.21 =====================================================================================================
#6 10.21 Install  81 Packages
#6 10.21 
#6 10.21 Total download size: 72 M
#6 10.21 Installed size: 315 M
#6 10.21 Downloading Packages:
#6 10.56 (1/81): glusterfs-cli-2026.08.21-0.0.git5b9f1aa 3.1 MB/s | 185 kB     00:00    
#6 10.57 (2/81): glusterfs-client-xlators-2026.08.21-0.0  12 MB/s | 785 kB     00:00    
#6 10.58 (3/81): glusterfs-2026.08.21-0.0.git5b9f1aa03ca 8.1 MB/s | 594 kB     00:00    
#6 10.58 (4/81): glusterfs-fuse-2026.08.21-0.0.git5b9f1a 6.5 MB/s | 137 kB     00:00    
#6 10.58 (5/81): glusterfs-selinux-2.0.1-1.el10.noarch.r 2.9 MB/s |  25 kB     00:00    
#6 10.59 (6/81): glusterfs-gnfs-2026.08.21-0.0.git5b9f1a 9.0 MB/s | 145 kB     00:00    
#6 10.60 (7/81): libgfchangelog0-2026.08.21-0.0.git5b9f1 3.0 MB/s |  34 kB     00:00    
#6 10.61 (8/81): libgfapi0-2026.08.21-0.0.git5b9f1aa03ca 3.5 MB/s |  95 kB     00:00    
#6 10.63 (9/81): glusterfs-server-2026.08.21-0.0.git5b9f  30 MB/s | 1.2 MB     00:00    
#6 10.64 (10/81): libgfxdr0-2026.08.21-0.0.git5b9f1aa03c 1.2 MB/s |  31 kB     00:00    
#6 10.64 (11/81): libgfrpc0-2026.08.21-0.0.git5b9f1aa03c 1.3 MB/s |  53 kB     00:00    
#6 10.64 (12/81): libglusterfs0-2026.08.21-0.0.git5b9f1a  16 MB/s | 289 kB     00:00    
#6 10.65 (13/81): python3-gluster-2026.08.21-0.0.git5b9f 1.4 MB/s |  17 kB     00:00    
#6 10.69 (14/81): c-ares-1.34.6-2.el10_2.x86_64.rpm      3.1 MB/s | 117 kB     00:00    
#6 10.77 (15/81): cryptsetup-libs-2.8.1-2.el10.x86_64.rp 7.3 MB/s | 581 kB     00:00    
#6 10.78 (16/81): dbus-1.14.10-5.el10.x86_64.rpm         511 kB/s | 7.4 kB     00:00    
#6 10.80 (17/81): dbus-broker-36-4.el10.x86_64.rpm       8.5 MB/s | 174 kB     00:00    
#6 10.81 (18/81): dbus-common-1.14.10-5.el10.noarch.rpm  1.0 MB/s |  14 kB     00:00    
#6 10.84 (19/81): device-mapper-1.02.210-2.el10.x86_64.r 6.8 MB/s | 142 kB     00:00    
#6 10.85 (20/81): device-mapper-event-1.02.210-2.el10.x8 2.1 MB/s |  36 kB     00:00    
#6 10.87 (21/81): device-mapper-event-libs-1.02.210-2.el 2.0 MB/s |  31 kB     00:00    
#6 10.89 (22/81): device-mapper-libs-1.02.210-2.el10.x86 7.9 MB/s | 181 kB     00:00    
#6 10.99 (23/81): device-mapper-persistent-data-1.3.0-1.  13 MB/s | 1.2 MB     00:00    
#6 11.01 (24/81): diffutils-3.10-8.el10.x86_64.rpm        16 MB/s | 411 kB     00:00    
#6 11.05 (25/81): e2fsprogs-libs-1.47.1-5.el10.x86_64.rp 6.3 MB/s | 225 kB     00:00    
#6 11.05 (26/81): libunwind-1.8.0-4.el10_0.x86_64.rpm    178 kB/s |  73 kB     00:00    
#6 11.08 (27/81): kmod-31-13.el10.x86_64.rpm             5.2 MB/s | 137 kB     00:00    
#6 11.08 (28/81): gssproxy-0.9.2-10.el10.x86_64.rpm      3.5 MB/s | 111 kB     00:00    
#6 11.09 (29/81): libaio-0.3.111-22.el10.x86_64.rpm      1.5 MB/s |  24 kB     00:00    
#6 11.10 (30/81): kmod-libs-31-13.el10.x86_64.rpm        3.3 MB/s |  69 kB     00:00    
#6 11.11 (31/81): libbasicobjects-0.1.1-58.el10.x86_64.r 1.4 MB/s |  26 kB     00:00    
#6 11.12 (32/81): libbpf-1.7.0-1.el10.x86_64.rpm          11 MB/s | 193 kB     00:00    
#6 11.13 (33/81): libbrotli-1.1.0-7.el10_1.x86_64.rpm     17 MB/s | 345 kB     00:00    
#6 11.14 (34/81): libcollection-0.7.0-58.el10.x86_64.rpm 2.2 MB/s |  44 kB     00:00    
#6 11.15 (35/81): libev-4.33-15.el10.x86_64.rpm          2.8 MB/s |  52 kB     00:00    
#6 11.16 (36/81): libedit-3.1-52.20230828cvs.el10.x86_64 3.9 MB/s | 105 kB     00:00    
#6 11.18 (37/81): libini_config-1.3.1-58.el10.x86_64.rpm 2.8 MB/s |  67 kB     00:00    
#6 11.18 (38/81): gperftools-libs-2.15-4.el10_0.x86_64.r 556 kB/s | 303 kB     00:00    
#6 11.19 (39/81): libnfsidmap-2.8.3-5.el10.x86_64.rpm    2.7 MB/s |  61 kB     00:00    
#6 11.20 (40/81): libnvme-1.16.1-3.el10_2.x86_64.rpm     6.4 MB/s | 120 kB     00:00    
#6 11.21 (41/81): libnl3-3.11.0-1.el10.x86_64.rpm         13 MB/s | 357 kB     00:00    
#6 11.21 (42/81): libpath_utils-0.2.1-58.el10.x86_64.rpm 1.3 MB/s |  29 kB     00:00    
#6 11.22 (43/81): libref_array-0.1.5-58.el10.x86_64.rpm  1.5 MB/s |  27 kB     00:00    
#6 11.23 (44/81): libselinux-utils-3.10-1.el10.x86_64.rp 6.7 MB/s | 122 kB     00:00    
#6 11.23 (45/81): libseccomp-2.5.6-1.el10.x86_64.rpm     2.9 MB/s |  70 kB     00:00    
#6 11.25 (46/81): libtirpc-1.3.5-1.el10.x86_64.rpm       3.8 MB/s |  94 kB     00:00    
#6 11.25 (47/81): liburing-2.12-1.el10.x86_64.rpm        2.0 MB/s |  43 kB     00:00    
#6 11.25 (48/81): libverto-libev-0.3.2-10.el10.x86_64.rp 692 kB/s |  13 kB     00:00    
#6 11.29 (49/81): lvm2-2.03.36-2.el10.x86_64.rpm          33 MB/s | 1.6 MB     00:00    
#6 11.30 (50/81): nfs-utils-2.8.3-5.el10.x86_64.rpm      9.4 MB/s | 478 kB     00:00    
#6 11.32 (51/81): policycoreutils-3.10-2.el10_2.x86_64.r  10 MB/s | 233 kB     00:00    
#6 11.34 (52/81): lvm2-libs-2.03.36-2.el10.x86_64.rpm     11 MB/s | 1.0 MB     00:00    
#6 11.35 (53/81): psmisc-23.6-8.el10.x86_64.rpm           13 MB/s | 320 kB     00:00    
#6 11.38 (54/81): quota-4.09-10.el10.x86_64.rpm          7.0 MB/s | 195 kB     00:00    
#6 11.41 (55/81): openssl-3.5.5-2.el10_2.x86_64.rpm       11 MB/s | 1.2 MB     00:00    
#6 11.41 (56/81): quota-nls-4.09-10.el10.noarch.rpm      2.5 MB/s |  77 kB     00:00    
#6 11.43 (57/81): python3-setools-4.6.0-3.el10.x86_64.rp 9.1 MB/s | 776 kB     00:00    
#6 11.43 (58/81): rpcbind-1.2.7-3.el10.x86_64.rpm        2.2 MB/s |  57 kB     00:00    
#6 11.43 (59/81): rpm-plugin-selinux-4.19.1.1-23.el10.x8 639 kB/s |  17 kB     00:00    
#6 11.44 (60/81): selinux-policy-42.1.18-4.el10_2.3.noar 3.1 MB/s |  55 kB     00:00    
#6 11.48 (61/81): systemd-pam-257-23.el10_2.1.rocky.0.1. 8.9 MB/s | 322 kB     00:00    
#6 11.50 (62/81): userspace-rcu-0.14.0-7.el10.x86_64.rpm 4.6 MB/s | 109 kB     00:00    
#6 11.54 (63/81): checkpolicy-3.10-1.el10.x86_64.rpm      12 MB/s | 370 kB     00:00    
#6 11.56 (64/81): libuv-1.52.1-1.el10_2.x86_64.rpm        11 MB/s | 265 kB     00:00    
#6 11.58 (65/81): libxkbcommon-1.7.0-4.el10.x86_64.rpm   6.0 MB/s | 144 kB     00:00    
#6 11.61 (66/81): nodejs-22.23.1-6.el10_2.x86_64.rpm     2.3 MB/s |  52 kB     00:00    
#6 11.81 (67/81): selinux-policy-targeted-42.1.18-4.el10  16 MB/s | 5.9 MB     00:00    
#6 11.85 (68/81): systemd-257-23.el10_2.1.rocky.0.1.x86_  14 MB/s | 5.6 MB     00:00    
#6 12.12 (69/81): nodejs-libs-22.23.1-6.el10_2.x86_64.rp  73 MB/s |  20 MB     00:00    
#6 12.21 (70/81): nodejs-docs-22.23.1-6.el10_2.noarch.rp  15 MB/s | 9.1 MB     00:00    
#6 12.23 (71/81): policycoreutils-python-utils-3.10-2.el 2.5 MB/s |  45 kB     00:00    
#6 12.25 (72/81): python3-audit-4.0.3-5.el10.x86_64.rpm  3.9 MB/s |  69 kB     00:00    
#6 12.26 (73/81): nodejs-npm-10.9.8-1.22.23.1.6.el10_2.x  13 MB/s | 2.0 MB     00:00    
#6 12.27 (74/81): python3-distro-1.9.0-5.el10.noarch.rpm 1.9 MB/s |  50 kB     00:00    
#6 12.28 (75/81): python3-libselinux-3.10-1.el10.x86_64.  11 MB/s | 202 kB     00:00    
#6 12.29 (76/81): python3-libsemanage-3.10-1.el10.x86_64 3.9 MB/s |  80 kB     00:00    
#6 12.33 (77/81): python3-policycoreutils-3.10-2.el10_2.  51 MB/s | 2.1 MB     00:00    
#6 12.34 (78/81): xkeyboard-config-2.41-3.el10.noarch.rp  19 MB/s | 998 kB     00:00    
#6 12.41 (79/81): nodejs-full-i18n-22.23.1-6.el10_2.x86_  15 MB/s | 8.9 MB     00:00    
#6 12.41 (80/81): python3-pyxattr-0.7.2-14.el10.x86_64.r 401 kB/s |  34 kB     00:00    
#6 12.42 (81/81): selinux-policy-targeted-extra-42.1.18- 9.2 MB/s | 720 kB     00:00    
#6 12.42 --------------------------------------------------------------------------------
#6 12.43 Total                                            32 MB/s |  72 MB     00:02     
#6 12.57 Extra Packages for Enterprise Linux 10 - x86_64 1.6 MB/s | 1.6 kB     00:00    
#6 12.57 Importing GPG key 0xE37ED158:
#6 12.57  Userid     : "Fedora (epel10) <epel@fedoraproject.org>"
#6 12.57  Fingerprint: 7D8D 15CB FC4E 6268 8591 FB26 33D9 8517 E37E D158
#6 12.57  From       : /etc/pki/rpm-gpg/RPM-GPG-KEY-EPEL-10
#6 12.58 Key imported successfully
#6 13.55 Running transaction check
#6 13.64 Transaction check succeeded.
#6 13.64 Running transaction test
#6 14.49 Transaction test succeeded.
#6 14.49 Running transaction
#6 15.29   Running scriptlet: selinux-policy-targeted-42.1.18-4.el10_2.3.noarch      1/1 
#6 15.30   Running scriptlet: nodejs-1:22.23.1-6.el10_2.x86_64                       1/1 
#6 15.37   Preparing        :                                                        1/1 
#6 15.40   Installing       : libtirpc-1.3.5-1.el10.x86_64                          1/81 
#6 15.41   Installing       : userspace-rcu-0.14.0-7.el10.x86_64                    2/81 
#6 15.42   Installing       : libaio-0.3.111-22.el10.x86_64                         3/81 
#6 15.43   Installing       : python3-libselinux-3.10-1.el10.x86_64                 4/81 
#6 15.52   Installing       : nodejs-docs-1:22.23.1-6.el10_2.noarch                 5/81 
#6 15.53   Installing       : libuv-1:1.52.1-1.el10_2.x86_64                        6/81 
#6 15.55   Installing       : libselinux-utils-3.10-1.el10.x86_64                   7/81 
#6 15.55   Installing       : libref_array-0.1.5-58.el10.x86_64                     8/81 
#6 15.55   Installing       : libnvme-1.16.1-3.el10_2.x86_64                        9/81 
#6 15.56   Installing       : kmod-31-13.el10.x86_64                               10/81 
#6 15.57   Installing       : diffutils-3.10-8.el10.x86_64                         11/81 
#6 15.59   Installing       : policycoreutils-3.10-2.el10_2.x86_64                 12/81 
#6 15.59   Running scriptlet: policycoreutils-3.10-2.el10_2.x86_64                 12/81 
#6 15.61   Installing       : selinux-policy-42.1.18-4.el10_2.3.noarch             13/81 
#6 15.61   Running scriptlet: selinux-policy-42.1.18-4.el10_2.3.noarch             13/81 
#6 15.63   Running scriptlet: selinux-policy-targeted-extra-42.1.18-4.el10_2.3.n   14/81 
#6 15.67   Installing       : selinux-policy-targeted-extra-42.1.18-4.el10_2.3.n   14/81 
#6 15.68   Running scriptlet: selinux-policy-targeted-42.1.18-4.el10_2.3.noarch    15/81 
#6 15.93   Installing       : selinux-policy-targeted-42.1.18-4.el10_2.3.noarch    15/81 
#6 15.94   Running scriptlet: selinux-policy-targeted-42.1.18-4.el10_2.3.noarch    15/81 
#6 15.96   Installing       : python3-libsemanage-3.10-1.el10.x86_64               16/81 
#6 15.96   Installing       : python3-pyxattr-0.7.2-14.el10.x86_64                 17/81 
#6 16.02   Installing       : xkeyboard-config-2.41-3.el10.noarch                  18/81 
#6 16.03   Installing       : libxkbcommon-1.7.0-4.el10.x86_64                     19/81 
#6 16.04   Installing       : python3-distro-1.9.0-5.el10.noarch                   20/81 
#6 16.04   Installing       : python3-audit-4.0.3-5.el10.x86_64                    21/81 
#6 16.06   Installing       : checkpolicy-3.10-1.el10.x86_64                       22/81 
#6 16.06   Installing       : quota-nls-1:4.09-10.el10.noarch                      23/81 
#6 16.09   Installing       : python3-setools-4.6.0-3.el10.x86_64                  24/81 
#6 16.14   Installing       : python3-policycoreutils-3.10-2.el10_2.noarch         25/81 
#6 16.14   Installing       : policycoreutils-python-utils-3.10-2.el10_2.noarch    26/81 
#6 16.15   Running scriptlet: glusterfs-selinux-2.0.1-1.el10.noarch                27/81 
#6 16.15   Installing       : glusterfs-selinux-2.0.1-1.el10.noarch                27/81 
#6 16.16   Running scriptlet: glusterfs-selinux-2.0.1-1.el10.noarch                27/81 
#6 19.16 Failed to resolve typeattributeset statement at /var/lib/selinux/targeted/tmp/modules/200/glusterd/cil:81
#6 19.16 Failed to resolve AST
#6 19.16 semodule:  Failed!
#6 19.16 libsemanage.semanage_direct_install_info: Overriding glusterd module at lower priority 100 with module at priority 200.
#6 19.16 
#6 19.17   Installing       : psmisc-23.6-8.el10.x86_64                            28/81 
#6 19.19   Installing       : openssl-1:3.5.5-2.el10_2.x86_64                      29/81 
#6 19.20   Installing       : liburing-2.12-1.el10.x86_64                          30/81 
#6 19.21   Installing       : libseccomp-2.5.6-1.el10.x86_64                       31/81 
#6 19.21   Installing       : libpath_utils-0.2.1-58.el10.x86_64                   32/81 
#6 19.23   Installing       : libnl3-3.11.0-1.el10.x86_64                          33/81 
#6 19.25   Installing       : libnfsidmap-1:2.8.3-5.el10.x86_64                    34/81 
#6 19.26   Installing       : libev-4.33-15.el10.x86_64                            35/81 
#6 19.27   Installing       : libverto-libev-0.3.2-10.el10.x86_64                  36/81 
#6 19.27   Installing       : libedit-3.1-52.20230828cvs.el10.x86_64               37/81 
#6 19.28   Installing       : libcollection-0.7.0-58.el10.x86_64                   38/81 
#6 19.29   Installing       : libbrotli-1.1.0-7.el10_1.x86_64                      39/81 
#6 19.29   Installing       : libbpf-2:1.7.0-1.el10.x86_64                         40/81 
#6 19.30   Installing       : libbasicobjects-0.1.1-58.el10.x86_64                 41/81 
#6 19.30   Installing       : libini_config-1.3.1-58.el10.x86_64                   42/81 
#6 19.30   Installing       : kmod-libs-31-13.el10.x86_64                          43/81 
#6 19.31   Installing       : e2fsprogs-libs-1.47.1-5.el10.x86_64                  44/81 
#6 19.32   Installing       : quota-1:4.09-10.el10.x86_64                          45/81 
#6 19.34   Installing       : device-mapper-persistent-data-1.3.0-1.el10.x86_64    46/81 
#6 19.35   Installing       : dbus-common-1:1.14.10-5.el10.noarch                  47/81 
#6 19.35   Running scriptlet: dbus-common-1:1.14.10-5.el10.noarch                  47/81 
#6 19.36   Installing       : dbus-broker-36-4.el10.x86_64                         48/81 
#6 19.37   Running scriptlet: dbus-broker-36-4.el10.x86_64                         48/81 
#6 19.38   Installing       : dbus-1:1.14.10-5.el10.x86_64                         49/81 
#6 19.38   Installing       : device-mapper-libs-10:1.02.210-2.el10.x86_64         50/81 
#6 19.39   Installing       : cryptsetup-libs-2.8.1-2.el10.x86_64                  51/81 
#6 19.40   Installing       : device-mapper-10:1.02.210-2.el10.x86_64              52/81 
#6 19.41   Installing       : systemd-pam-257-23.el10_2.1.rocky.0.1.x86_64         53/81 
#6 19.41   Running scriptlet: systemd-257-23.el10_2.1.rocky.0.1.x86_64             54/81 
#6 19.59   Installing       : systemd-257-23.el10_2.1.rocky.0.1.x86_64             54/81 
#6 19.61   Running scriptlet: systemd-257-23.el10_2.1.rocky.0.1.x86_64             54/81 
#6 19.78 Creating group 'input' with GID 104.
#6 19.78 Creating group 'kvm' with GID 36.
#6 19.78 Creating group 'render' with GID 105.
#6 19.78 Creating group 'sgx' with GID 106.
#6 19.78 Creating group 'systemd-journal' with GID 190.
#6 19.78 Creating group 'dbus' with GID 81.
#6 19.78 Creating user 'dbus' (System Message Bus) with UID 81 and GID 81.
#6 19.78 
#6 19.78   Installing       : device-mapper-event-libs-10:1.02.210-2.el10.x86_64   55/81 
#6 19.79   Running scriptlet: rpcbind-1.2.7-3.el10.x86_64                          56/81 
#6 19.82   Installing       : rpcbind-1.2.7-3.el10.x86_64                          56/81 
#6 19.82   Running scriptlet: rpcbind-1.2.7-3.el10.x86_64                          56/81 
#6 19.87   Installing       : device-mapper-event-10:1.02.210-2.el10.x86_64        57/81 
#6 19.87   Running scriptlet: device-mapper-event-10:1.02.210-2.el10.x86_64        57/81 
#6 19.89 Created symlink '/etc/systemd/system/sockets.target.wants/dm-event.socket' → '/usr/lib/systemd/system/dm-event.socket'.
#6 19.89 
#6 19.91   Installing       : lvm2-libs-10:2.03.36-2.el10.x86_64                   58/81 
#6 19.94   Installing       : lvm2-10:2.03.36-2.el10.x86_64                        59/81 
#6 19.95   Running scriptlet: lvm2-10:2.03.36-2.el10.x86_64                        59/81 
#6 19.99 Created symlink '/etc/systemd/system/sysinit.target.wants/lvm2-monitor.service' → '/usr/lib/systemd/system/lvm2-monitor.service'.
#6 19.99 Created symlink '/etc/systemd/system/sysinit.target.wants/lvm2-lvmpolld.socket' → '/usr/lib/systemd/system/lvm2-lvmpolld.socket'.
#6 19.99 
#6 19.99   Running scriptlet: gssproxy-0.9.2-10.el10.x86_64                        60/81 
#6 20.01   Installing       : gssproxy-0.9.2-10.el10.x86_64                        60/81 
#6 20.01   Running scriptlet: gssproxy-0.9.2-10.el10.x86_64                        60/81 
#6 20.03   Running scriptlet: nfs-utils-1:2.8.3-5.el10.x86_64                      61/81 
#6 20.08   Installing       : nfs-utils-1:2.8.3-5.el10.x86_64                      61/81 
#6 20.08   Running scriptlet: nfs-utils-1:2.8.3-5.el10.x86_64                      61/81 
#6 20.10 Created symlink '/etc/systemd/system/multi-user.target.wants/nfs-client.target' → '/usr/lib/systemd/system/nfs-client.target'.
#6 20.10 Created symlink '/etc/systemd/system/remote-fs.target.wants/nfs-client.target' → '/usr/lib/systemd/system/nfs-client.target'.
#6 20.10 
#6 20.12 System has not been booted with systemd as init system (PID 1). Can't operate.
#6 20.12 Failed to connect to system scope bus via local transport: Host is down
#6 20.12 
#6 20.13 System has not been booted with systemd as init system (PID 1). Can't operate.
#6 20.13 Failed to connect to system scope bus via local transport: Host is down
#6 20.13 
#6 20.14   Installing       : c-ares-1.34.6-2.el10_2.x86_64                        62/81 
#6 20.58   Installing       : nodejs-libs-1:22.23.1-6.el10_2.x86_64                63/81 
#6 20.80   Installing       : nodejs-full-i18n-1:22.23.1-6.el10_2.x86_64           64/81 
#6 21.19   Installing       : nodejs-npm-1:10.9.8-1.22.23.1.6.el10_2.x86_64        65/81 
#6 21.20   Installing       : nodejs-1:22.23.1-6.el10_2.x86_64                     66/81 
#6 21.21   Installing       : libunwind-1.8.0-4.el10_0.x86_64                      67/81 
#6 21.22   Installing       : gperftools-libs-2.15-4.el10_0.x86_64                 68/81 
#6 21.23   Installing       : libgfxdr0-2026.08.21-0.0.git5b9f1aa03caf.el10.x86_   69/81 
#6 21.23   Running scriptlet: libgfxdr0-2026.08.21-0.0.git5b9f1aa03caf.el10.x86_   69/81 
#6 21.27   Installing       : libglusterfs0-2026.08.21-0.0.git5b9f1aa03caf.el10.   70/81 
#6 21.28   Running scriptlet: libglusterfs0-2026.08.21-0.0.git5b9f1aa03caf.el10.   70/81 
#6 21.30   Installing       : libgfrpc0-2026.08.21-0.0.git5b9f1aa03caf.el10.x86_   71/81 
#6 21.30   Running scriptlet: libgfrpc0-2026.08.21-0.0.git5b9f1aa03caf.el10.x86_   71/81 
#6 21.33   Installing       : glusterfs-client-xlators-2026.08.21-0.0.git5b9f1aa   72/81 
#6 21.34   Running scriptlet: glusterfs-2026.08.21-0.0.git5b9f1aa03caf.el10.x86_   73/81 
#6 21.40   Installing       : glusterfs-2026.08.21-0.0.git5b9f1aa03caf.el10.x86_   73/81 
#6 21.40   Running scriptlet: glusterfs-2026.08.21-0.0.git5b9f1aa03caf.el10.x86_   73/81 
#6 21.42   Installing       : libgfapi0-2026.08.21-0.0.git5b9f1aa03caf.el10.x86_   74/81 
#6 21.42   Running scriptlet: libgfapi0-2026.08.21-0.0.git5b9f1aa03caf.el10.x86_   74/81 
#6 21.45   Installing       : glusterfs-fuse-2026.08.21-0.0.git5b9f1aa03caf.el10   75/81 
#6 21.45   Installing       : glusterfs-cli-2026.08.21-0.0.git5b9f1aa03caf.el10.   76/81 
#6 21.46   Installing       : libgfchangelog0-2026.08.21-0.0.git5b9f1aa03caf.el1   77/81 
#6 21.46   Running scriptlet: libgfchangelog0-2026.08.21-0.0.git5b9f1aa03caf.el1   77/81 
#6 21.53   Installing       : glusterfs-server-2026.08.21-0.0.git5b9f1aa03caf.el   78/81 
#6 21.53   Running scriptlet: glusterfs-server-2026.08.21-0.0.git5b9f1aa03caf.el   78/81 
#6 21.58   Installing       : glusterfs-gnfs-2026.08.21-0.0.git5b9f1aa03caf.el10   79/81 
#6 21.59   Installing       : rpm-plugin-selinux-4.19.1.1-23.el10.x86_64           80/81 
#6 21.59   Installing       : python3-gluster-2026.08.21-0.0.git5b9f1aa03caf.el1   81/81 
#6 21.59   Running scriptlet: selinux-policy-targeted-extra-42.1.18-4.el10_2.3.n   81/81 
#6 28.96   Running scriptlet: selinux-policy-targeted-42.1.18-4.el10_2.3.noarch    81/81 
#6 35.88   Running scriptlet: glusterfs-selinux-2.0.1-1.el10.noarch                81/81 
#6 35.91   Running scriptlet: python3-gluster-2026.08.21-0.0.git5b9f1aa03caf.el1   81/81 
#6 36.27 
#6 36.27 Installed:
#6 36.27   c-ares-1.34.6-2.el10_2.x86_64                                                 
#6 36.27   checkpolicy-3.10-1.el10.x86_64                                                
#6 36.27   cryptsetup-libs-2.8.1-2.el10.x86_64                                           
#6 36.27   dbus-1:1.14.10-5.el10.x86_64                                                  
#6 36.27   dbus-broker-36-4.el10.x86_64                                                  
#6 36.27   dbus-common-1:1.14.10-5.el10.noarch                                           
#6 36.27   device-mapper-10:1.02.210-2.el10.x86_64                                       
#6 36.27   device-mapper-event-10:1.02.210-2.el10.x86_64                                 
#6 36.27   device-mapper-event-libs-10:1.02.210-2.el10.x86_64                            
#6 36.27   device-mapper-libs-10:1.02.210-2.el10.x86_64                                  
#6 36.27   device-mapper-persistent-data-1.3.0-1.el10.x86_64                             
#6 36.27   diffutils-3.10-8.el10.x86_64                                                  
#6 36.27   e2fsprogs-libs-1.47.1-5.el10.x86_64                                           
#6 36.27   glusterfs-2026.08.21-0.0.git5b9f1aa03caf.el10.x86_64                          
#6 36.27   glusterfs-cli-2026.08.21-0.0.git5b9f1aa03caf.el10.x86_64                      
#6 36.27   glusterfs-client-xlators-2026.08.21-0.0.git5b9f1aa03caf.el10.x86_64           
#6 36.27   glusterfs-fuse-2026.08.21-0.0.git5b9f1aa03caf.el10.x86_64                     
#6 36.27   glusterfs-gnfs-2026.08.21-0.0.git5b9f1aa03caf.el10.x86_64                     
#6 36.27   glusterfs-selinux-2.0.1-1.el10.noarch                                         
#6 36.27   glusterfs-server-2026.08.21-0.0.git5b9f1aa03caf.el10.x86_64                   
#6 36.27   gperftools-libs-2.15-4.el10_0.x86_64                                          
#6 36.27   gssproxy-0.9.2-10.el10.x86_64                                                 
#6 36.27   kmod-31-13.el10.x86_64                                                        
#6 36.27   kmod-libs-31-13.el10.x86_64                                                   
#6 36.27   libaio-0.3.111-22.el10.x86_64                                                 
#6 36.27   libbasicobjects-0.1.1-58.el10.x86_64                                          
#6 36.27   libbpf-2:1.7.0-1.el10.x86_64                                                  
#6 36.27   libbrotli-1.1.0-7.el10_1.x86_64                                               
#6 36.27   libcollection-0.7.0-58.el10.x86_64                                            
#6 36.27   libedit-3.1-52.20230828cvs.el10.x86_64                                        
#6 36.27   libev-4.33-15.el10.x86_64                                                     
#6 36.27   libgfapi0-2026.08.21-0.0.git5b9f1aa03caf.el10.x86_64                          
#6 36.27   libgfchangelog0-2026.08.21-0.0.git5b9f1aa03caf.el10.x86_64                    
#6 36.27   libgfrpc0-2026.08.21-0.0.git5b9f1aa03caf.el10.x86_64                          
#6 36.27   libgfxdr0-2026.08.21-0.0.git5b9f1aa03caf.el10.x86_64                          
#6 36.27   libglusterfs0-2026.08.21-0.0.git5b9f1aa03caf.el10.x86_64                      
#6 36.27   libini_config-1.3.1-58.el10.x86_64                                            
#6 36.27   libnfsidmap-1:2.8.3-5.el10.x86_64                                             
#6 36.27   libnl3-3.11.0-1.el10.x86_64                                                   
#6 36.27   libnvme-1.16.1-3.el10_2.x86_64                                                
#6 36.27   libpath_utils-0.2.1-58.el10.x86_64                                            
#6 36.27   libref_array-0.1.5-58.el10.x86_64                                             
#6 36.27   libseccomp-2.5.6-1.el10.x86_64                                                
#6 36.27   libselinux-utils-3.10-1.el10.x86_64                                           
#6 36.27   libtirpc-1.3.5-1.el10.x86_64                                                  
#6 36.27   libunwind-1.8.0-4.el10_0.x86_64                                               
#6 36.27   liburing-2.12-1.el10.x86_64                                                   
#6 36.27   libuv-1:1.52.1-1.el10_2.x86_64                                                
#6 36.27   libverto-libev-0.3.2-10.el10.x86_64                                           
#6 36.27   libxkbcommon-1.7.0-4.el10.x86_64                                              
#6 36.27   lvm2-10:2.03.36-2.el10.x86_64                                                 
#6 36.27   lvm2-libs-10:2.03.36-2.el10.x86_64                                            
#6 36.27   nfs-utils-1:2.8.3-5.el10.x86_64                                               
#6 36.27   nodejs-1:22.23.1-6.el10_2.x86_64                                              
#6 36.27   nodejs-docs-1:22.23.1-6.el10_2.noarch                                         
#6 36.27   nodejs-full-i18n-1:22.23.1-6.el10_2.x86_64                                    
#6 36.27   nodejs-libs-1:22.23.1-6.el10_2.x86_64                                         
#6 36.27   nodejs-npm-1:10.9.8-1.22.23.1.6.el10_2.x86_64                                 
#6 36.27   openssl-1:3.5.5-2.el10_2.x86_64                                               
#6 36.27   policycoreutils-3.10-2.el10_2.x86_64                                          
#6 36.27   policycoreutils-python-utils-3.10-2.el10_2.noarch                             
#6 36.27   psmisc-23.6-8.el10.x86_64                                                     
#6 36.27   python3-audit-4.0.3-5.el10.x86_64                                             
#6 36.27   python3-distro-1.9.0-5.el10.noarch                                            
#6 36.27   python3-gluster-2026.08.21-0.0.git5b9f1aa03caf.el10.x86_64                    
#6 36.27   python3-libselinux-3.10-1.el10.x86_64                                         
#6 36.27   python3-libsemanage-3.10-1.el10.x86_64                                        
#6 36.27   python3-policycoreutils-3.10-2.el10_2.noarch                                  
#6 36.27   python3-pyxattr-0.7.2-14.el10.x86_64                                          
#6 36.27   python3-setools-4.6.0-3.el10.x86_64                                           
#6 36.27   quota-1:4.09-10.el10.x86_64                                                   
#6 36.27   quota-nls-1:4.09-10.el10.noarch                                               
#6 36.27   rpcbind-1.2.7-3.el10.x86_64                                                   
#6 36.27   rpm-plugin-selinux-4.19.1.1-23.el10.x86_64                                    
#6 36.27   selinux-policy-42.1.18-4.el10_2.3.noarch                                      
#6 36.27   selinux-policy-targeted-42.1.18-4.el10_2.3.noarch                             
#6 36.27   selinux-policy-targeted-extra-42.1.18-4.el10_2.3.noarch                       
#6 36.27   systemd-257-23.el10_2.1.rocky.0.1.x86_64                                      
#6 36.27   systemd-pam-257-23.el10_2.1.rocky.0.1.x86_64                                  
#6 36.27   userspace-rcu-0.14.0-7.el10.x86_64                                            
#6 36.27   xkeyboard-config-2.41-3.el10.noarch                                           
#6 36.27 
#6 36.27 Complete!
#6 36.66 36 files removed
#6 DONE 36.7s

#7 [3/5] COPY containers/gluster-bootstrap.mjs /usr/local/bin/gluster-bootstrap.mjs
#7 DONE 0.1s

#8 [4/5] RUN chmod 0755 /usr/local/bin/gluster-bootstrap.mjs
#8 DONE 0.2s

#9 [5/5] WORKDIR /app
#9 DONE 0.0s

#10 exporting to image
#10 exporting layers
#10 exporting layers 10.0s done
#10 exporting manifest sha256:284ca445a6d59612ffc3faf54a1dd998d8b63093f3600447e0b0d90541d9b04c done
#10 exporting config sha256:7fb469e9c1d9ce5c626e2c4a01bc25b1cbb05ff0d8210a504ef26c5e9b97cc29 done
#10 exporting attestation manifest sha256:24ae7aaf4e87627a3ea0fc1ca7d100f509278832c8487682295ac8ef306a2175 done
#10 exporting manifest list sha256:4913f810cb01545074dbd3dc357eb587f373413b107115495edbb83965d2a62c done
#10 naming to ghcr.io/eliware/rocky10-gluster:2026.08.21-5b9f1aa03caf done
#10 unpacking to ghcr.io/eliware/rocky10-gluster:2026.08.21-5b9f1aa03caf
#10 unpacking to ghcr.io/eliware/rocky10-gluster:2026.08.21-5b9f1aa03caf 2.0s done
#10 DONE 12.0s

 [33m1 warning found (use docker --debug to expand):
[0m - SecretsUsedInArgOrEnv: Do not use ARG or ENV instructions for sensitive data (ARG "RPM_GPG_KEY_URL") (line 15)
{
  "run_id": "20260821020015510-429bc30c",
  "generated": "2026-08-21T02:11:04Z",
  "repository_integrity": {
    "status": "not-tested",
    "detail": "verified by the conductor against the package repository"
  },
  "provenance_verification": {
    "status": "not-tested",
    "detail": "generated and verified by the conductor after image publication"
  },
  "checks": {
    "install": {
      "status": "passed"
    },
    "cli_available": {
      "status": "passed"
    },
    "volume_create_mount": {
      "status": "passed"
    },
    "file_lifecycle": {
      "status": "passed"
    },
    "volume_unmount_delete": {
      "status": "passed"
    },
    "service_shutdown": {
      "status": "passed"
    }
  },
  "distributions": [
    {
      "id": "rocky-10",
      "label": "Rocky Linux 10",
      "container_core": {
        "status": "passed",
        "detail": "updated; volume stop: smoke: success; volume delete: smoke: success"
      }
    }
  ],
  "metadata_version": "0.1.0"
}
Validated 11 image labels
Login Succeeded
The push refers to repository [ghcr.io/eliware/rocky10-gluster]
96852c0878af: Waiting
44136fa355b3: Waiting
96b8194ede8d: Waiting
530d6b37ba46: Waiting
96852c0878af: Waiting
44136fa355b3: Waiting
96b8194ede8d: Waiting
530d6b37ba46: Waiting
2224a2a79d19: Waiting
96852c0878af: Waiting
44136fa355b3: Already exists
96b8194ede8d: Waiting
530d6b37ba46: Layer already exists
54312b447bfa: Waiting
54312b447bfa: Waiting
2224a2a79d19: Waiting
96852c0878af: Pushed
25b1e01e8872: Waiting
25b1e01e8872: Waiting
54312b447bfa: Pushed
2224a2a79d19: Pushed
25b1e01e8872: Pushed
96b8194ede8d: Pushed
2026.08.21-5b9f1aa03caf: digest: sha256:4913f810cb01545074dbd3dc357eb587f373413b107115495edbb83965d2a62c size: 856
sha256:4913f810cb01545074dbd3dc357eb587f373413b107115495edbb83965d2a62c
