#0 building with "default" instance using docker driver

#1 [internal] load build definition from centos10-gluster.Dockerfile
#1 transferring dockerfile: 3.19kB done
#1 WARN: SecretsUsedInArgOrEnv: Do not use ARG or ENV instructions for sensitive data (ARG "RPM_GPG_KEY_URL") (line 15)
#1 DONE 0.0s

#2 [internal] load metadata for docker.io/rockylinux/rockylinux:10@sha256:827d37bc128288ccf160ee318bb3cb92d591164cb217e92f8bc61e3982ae1834
#2 DONE 0.0s

#3 [internal] load .dockerignore
#3 transferring context: 2B done
#3 DONE 0.0s

#4 [1/5] FROM docker.io/rockylinux/rockylinux:10@sha256:827d37bc128288ccf160ee318bb3cb92d591164cb217e92f8bc61e3982ae1834
#4 resolve docker.io/rockylinux/rockylinux:10@sha256:827d37bc128288ccf160ee318bb3cb92d591164cb217e92f8bc61e3982ae1834 0.0s done
#4 CACHED

#5 [internal] load build context
#5 transferring context: 2.88kB done
#5 DONE 0.0s

#6 [2/5] RUN test -n "https://glusterfs.eliware.org/el10/x86_64/previews/epel10-rolling-2026.08.18-ae1d69672fe0/"     && test -n "95e479d2ee2cd78a4c222950638d4cdbde82ab7f2bfb286f1a77c674c2a849a7"     && dnf -y install dnf-plugins-core     && dnf -y install epel-release     && dnf config-manager --set-enabled crb     && curl --fail --silent --show-error --location --retry 6 --retry-all-errors --retry-delay 2 --connect-timeout 15 --max-time 60 "https://glusterfs.eliware.org/keys/RPM-GPG-KEY-ELIWARE-GLUSTER" --output /tmp/eliware-gluster-key     && rpm --import /tmp/eliware-gluster-key     && printf '[eliware-glusterfs]\nname=Eliware GlusterFS\nbaseurl=%s\nenabled=1\ngpgcheck=1\nrepo_gpgcheck=1\ngpgkey=%s\n' "https://glusterfs.eliware.org/el10/x86_64/previews/epel10-rolling-2026.08.18-ae1d69672fe0/" "https://glusterfs.eliware.org/keys/RPM-GPG-KEY-ELIWARE-GLUSTER" > /etc/yum.repos.d/eliware-glusterfs.repo     && curl --fail --silent --show-error --location --retry 6 --retry-all-errors --retry-delay 2 --connect-timeout 15 --max-time 60 "https://glusterfs.eliware.org/el10/x86_64/previews/epel10-rolling-2026.08.18-ae1d69672fe0/repodata/repomd.xml" --output /tmp/repomd.xml     && printf '%s  /tmp/repomd.xml\n' "95e479d2ee2cd78a4c222950638d4cdbde82ab7f2bfb286f1a77c674c2a849a7" | sha256sum --check --status     && dnf -y --enablerepo=eliware-glusterfs install          glusterfs glusterfs-server glusterfs-selinux glusterfs-cli          glusterfs-client-xlators glusterfs-fuse glusterfs-gnfs          libgfapi0 libgfchangelog0 libgfrpc0 libgfxdr0 libglusterfs0          python3-gluster nodejs     && dnf clean all     && rm -f /tmp/eliware-gluster-key /tmp/repomd.xml     && rm -rf /var/cache/dnf
#6 0.845 Rocky Linux 10 - BaseOS                          43 MB/s |  20 MB     00:00    
#6 2.774 Rocky Linux 10 - AppStream                      8.6 MB/s | 2.5 MB     00:00    
#6 3.218 Rocky Linux 10 - Extras                          40 kB/s | 5.8 kB     00:00    
#6 3.534 Dependencies resolved.
#6 3.535 ================================================================================
#6 3.535  Package                    Arch     Version                     Repo      Size
#6 3.535 ================================================================================
#6 3.535 Installing:
#6 3.535  dnf-plugins-core           noarch   4.7.0-10.el10               baseos    41 k
#6 3.535 Installing dependencies:
#6 3.535  dbus-libs                  x86_64   1:1.14.10-5.el10            baseos   155 k
#6 3.535  python3-dateutil           noarch   1:2.9.0.post0-1.el10_0      baseos   341 k
#6 3.535  python3-dbus               x86_64   1.3.2-8.el10                baseos   159 k
#6 3.535  python3-dnf-plugins-core   noarch   4.7.0-10.el10               baseos   313 k
#6 3.535  python3-six                noarch   1.16.0-16.el10              baseos    41 k
#6 3.535  python3-systemd            x86_64   235-11.el10                 baseos   108 k
#6 3.535 
#6 3.535 Transaction Summary
#6 3.535 ================================================================================
#6 3.535 Install  7 Packages
#6 3.535 
#6 3.536 Total download size: 1.1 M
#6 3.536 Installed size: 3.4 M
#6 3.536 Downloading Packages:
#6 3.737 (1/7): dnf-plugins-core-4.7.0-10.el10.noarch.rp 268 kB/s |  41 kB     00:00    
#6 3.760 (2/7): dbus-libs-1.14.10-5.el10.x86_64.rpm      873 kB/s | 155 kB     00:00    
#6 3.766 (3/7): python3-dbus-1.3.2-8.el10.x86_64.rpm     5.5 MB/s | 159 kB     00:00    
#6 3.773 (4/7): python3-dateutil-2.9.0.post0-1.el10_0.no 1.8 MB/s | 341 kB     00:00    
#6 3.794 (5/7): python3-dnf-plugins-core-4.7.0-10.el10.n 9.1 MB/s | 313 kB     00:00    
#6 3.796 (6/7): python3-six-1.16.0-16.el10.noarch.rpm    1.3 MB/s |  41 kB     00:00    
#6 3.799 (7/7): python3-systemd-235-11.el10.x86_64.rpm   4.1 MB/s | 108 kB     00:00    
#6 3.800 --------------------------------------------------------------------------------
#6 3.800 Total                                           4.3 MB/s | 1.1 MB     00:00     
#6 3.853 Running transaction check
#6 3.865 Transaction check succeeded.
#6 3.865 Running transaction test
#6 3.903 Transaction test succeeded.
#6 3.903 Running transaction
#6 3.930   Preparing        :                                                        1/1 
#6 3.958   Installing       : python3-systemd-235-11.el10.x86_64                     1/7 
#6 3.963   Installing       : python3-six-1.16.0-16.el10.noarch                      2/7 
#6 3.973   Installing       : python3-dateutil-1:2.9.0.post0-1.el10_0.noarch         3/7 
#6 3.978   Installing       : dbus-libs-1:1.14.10-5.el10.x86_64                      4/7 
#6 3.988   Installing       : python3-dbus-1.3.2-8.el10.x86_64                       5/7 
#6 4.002   Installing       : python3-dnf-plugins-core-4.7.0-10.el10.noarch          6/7 
#6 4.005   Installing       : dnf-plugins-core-4.7.0-10.el10.noarch                  7/7 
#6 4.011   Running scriptlet: dnf-plugins-core-4.7.0-10.el10.noarch                  7/7 
#6 4.149 
#6 4.149 Installed:
#6 4.149   dbus-libs-1:1.14.10-5.el10.x86_64                                             
#6 4.149   dnf-plugins-core-4.7.0-10.el10.noarch                                         
#6 4.149   python3-dateutil-1:2.9.0.post0-1.el10_0.noarch                                
#6 4.149   python3-dbus-1.3.2-8.el10.x86_64                                              
#6 4.149   python3-dnf-plugins-core-4.7.0-10.el10.noarch                                 
#6 4.149   python3-six-1.16.0-16.el10.noarch                                             
#6 4.149   python3-systemd-235-11.el10.x86_64                                            
#6 4.149 
#6 4.149 Complete!
#6 4.371 Last metadata expiration check: 0:00:01 ago on Tue Aug 18 05:52:36 2026.
#6 4.464 Dependencies resolved.
#6 4.464 ================================================================================
#6 4.464  Package              Architecture   Version               Repository      Size
#6 4.464 ================================================================================
#6 4.464 Installing:
#6 4.464  epel-release         noarch         10-7.el10_1           extras          19 k
#6 4.464 
#6 4.464 Transaction Summary
#6 4.464 ================================================================================
#6 4.464 Install  1 Package
#6 4.464 
#6 4.464 Total download size: 19 k
#6 4.464 Installed size: 25 k
#6 4.464 Downloading Packages:
#6 4.569 epel-release-10-7.el10_1.noarch.rpm             355 kB/s |  19 kB     00:00    
#6 4.570 --------------------------------------------------------------------------------
#6 4.571 Total                                           169 kB/s |  19 kB     00:00     
#6 4.580 Running transaction check
#6 4.583 Transaction check succeeded.
#6 4.584 Running transaction test
#6 4.586 Transaction test succeeded.
#6 4.586 Running transaction
#6 4.594   Preparing        :                                                        1/1 
#6 4.599   Installing       : epel-release-10-7.el10_1.noarch                        1/1 
#6 4.601   Running scriptlet: epel-release-10-7.el10_1.noarch                        1/1 
#6 4.605 Many EPEL packages require the CodeReady Builder (CRB) repository.
#6 4.605 It is recommended that you run /usr/bin/crb enable to enable the CRB repository.
#6 4.605 
#6 4.660 
#6 4.660 Installed:
#6 4.660   epel-release-10-7.el10_1.noarch                                               
#6 4.660 
#6 4.660 Complete!
#6 5.313 Eliware GlusterFS                               2.0 kB/s | 228  B     00:00    
#6 5.333 Eliware GlusterFS                                42 kB/s | 847  B     00:00    
#6 5.334 Importing GPG key 0x79687D60:
#6 5.334  Userid     : "Eliware GlusterFS Release <gluster-release@eliware.org>"
#6 5.334  Fingerprint: 82EC A351 E170 E834 0B53 B476 EDCB 5E07 7968 7D60
#6 5.334  From       : https://glusterfs.eliware.org/keys/RPM-GPG-KEY-ELIWARE-GLUSTER
#6 5.396 Eliware GlusterFS                               162 kB/s |  10 kB     00:00    
#6 5.972 Extra Packages for Enterprise Linux 10 - x86_64  12 MB/s | 6.6 MB     00:00    
#6 7.448 Rocky Linux 10 - BaseOS                          69 kB/s | 4.3 kB     00:00    
#6 7.543 Rocky Linux 10 - AppStream                       67 kB/s | 4.4 kB     00:00    
#6 7.672 Rocky Linux 10 - CRB                            5.2 MB/s | 529 kB     00:00    
#6 8.737 Dependencies resolved.
#6 8.742 =====================================================================================================
#6 8.742  Package                         Arch    Version                             Repository          Size
#6 8.742 =====================================================================================================
#6 8.742 Installing:
#6 8.742  glusterfs                       x86_64  2026.08.18-0.0.gitae1d69672fe0.el10 eliware-glusterfs  594 k
#6 8.742  glusterfs-cli                   x86_64  2026.08.18-0.0.gitae1d69672fe0.el10 eliware-glusterfs  185 k
#6 8.742  glusterfs-client-xlators        x86_64  2026.08.18-0.0.gitae1d69672fe0.el10 eliware-glusterfs  784 k
#6 8.742  glusterfs-fuse                  x86_64  2026.08.18-0.0.gitae1d69672fe0.el10 eliware-glusterfs  137 k
#6 8.742  glusterfs-gnfs                  x86_64  2026.08.18-0.0.gitae1d69672fe0.el10 eliware-glusterfs  145 k
#6 8.742  glusterfs-selinux               noarch  2.0.1-1.el10                        eliware-glusterfs   25 k
#6 8.742  glusterfs-server                x86_64  2026.08.18-0.0.gitae1d69672fe0.el10 eliware-glusterfs  1.2 M
#6 8.742  libgfapi0                       x86_64  2026.08.18-0.0.gitae1d69672fe0.el10 eliware-glusterfs   95 k
#6 8.742  libgfchangelog0                 x86_64  2026.08.18-0.0.gitae1d69672fe0.el10 eliware-glusterfs   34 k
#6 8.742  libgfrpc0                       x86_64  2026.08.18-0.0.gitae1d69672fe0.el10 eliware-glusterfs   53 k
#6 8.742  libgfxdr0                       x86_64  2026.08.18-0.0.gitae1d69672fe0.el10 eliware-glusterfs   31 k
#6 8.742  libglusterfs0                   x86_64  2026.08.18-0.0.gitae1d69672fe0.el10 eliware-glusterfs  289 k
#6 8.742  nodejs                          x86_64  1:22.23.1-4.el10_2                  appstream           52 k
#6 8.742  python3-gluster                 x86_64  2026.08.18-0.0.gitae1d69672fe0.el10 eliware-glusterfs   17 k
#6 8.742 Installing dependencies:
#6 8.742  c-ares                          x86_64  1.34.6-2.el10_2                     baseos             117 k
#6 8.742  checkpolicy                     x86_64  3.10-1.el10                         appstream          370 k
#6 8.742  dbus                            x86_64  1:1.14.10-5.el10                    baseos             7.4 k
#6 8.742  dbus-broker                     x86_64  36-4.el10                           baseos             174 k
#6 8.742  dbus-common                     noarch  1:1.14.10-5.el10                    baseos              14 k
#6 8.742  device-mapper                   x86_64  10:1.02.210-2.el10                  baseos             142 k
#6 8.742  device-mapper-event             x86_64  10:1.02.210-2.el10                  baseos              36 k
#6 8.742  device-mapper-event-libs        x86_64  10:1.02.210-2.el10                  baseos              31 k
#6 8.742  device-mapper-libs              x86_64  10:1.02.210-2.el10                  baseos             181 k
#6 8.742  device-mapper-persistent-data   x86_64  1.3.0-1.el10                        baseos             1.2 M
#6 8.742  diffutils                       x86_64  3.10-8.el10                         baseos             411 k
#6 8.742  e2fsprogs-libs                  x86_64  1.47.1-5.el10                       baseos             225 k
#6 8.742  gperftools-libs                 x86_64  2.15-4.el10_0                       epel               303 k
#6 8.742  gssproxy                        x86_64  0.9.2-10.el10                       baseos             111 k
#6 8.742  kmod                            x86_64  31-13.el10                          baseos             137 k
#6 8.742  libaio                          x86_64  0.3.111-22.el10                     baseos              24 k
#6 8.742  libbasicobjects                 x86_64  0.1.1-58.el10                       baseos              26 k
#6 8.742  libbrotli                       x86_64  1.1.0-7.el10_1                      baseos             345 k
#6 8.742  libcollection                   x86_64  0.7.0-58.el10                       baseos              44 k
#6 8.742  libedit                         x86_64  3.1-52.20230828cvs.el10             baseos             105 k
#6 8.742  libev                           x86_64  4.33-15.el10                        baseos              52 k
#6 8.742  libini_config                   x86_64  1.3.1-58.el10                       baseos              67 k
#6 8.742  libnfsidmap                     x86_64  1:2.8.3-5.el10                      baseos              61 k
#6 8.742  libnl3                          x86_64  3.11.0-1.el10                       baseos             357 k
#6 8.742  libnvme                         x86_64  1.16.1-3.el10_2                     baseos             120 k
#6 8.742  libpath_utils                   x86_64  0.2.1-58.el10                       baseos              29 k
#6 8.742  libref_array                    x86_64  0.1.5-58.el10                       baseos              27 k
#6 8.742  libseccomp                      x86_64  2.5.6-1.el10                        baseos              70 k
#6 8.742  libselinux-utils                x86_64  3.10-1.el10                         baseos             122 k
#6 8.742  libtirpc                        x86_64  1.3.5-1.el10                        baseos              94 k
#6 8.742  libunwind                       x86_64  1.8.0-4.el10_0                      epel                73 k
#6 8.742  liburing                        x86_64  2.12-1.el10                         baseos              43 k
#6 8.742  libuv                           x86_64  1:1.52.1-1.el10_2                   appstream          265 k
#6 8.742  libverto-libev                  x86_64  0.3.2-10.el10                       baseos              13 k
#6 8.742  lvm2                            x86_64  10:2.03.36-2.el10                   baseos             1.6 M
#6 8.742  lvm2-libs                       x86_64  10:2.03.36-2.el10                   baseos             1.0 M
#6 8.742  nfs-utils                       x86_64  1:2.8.3-5.el10                      baseos             478 k
#6 8.742  nodejs-libs                     x86_64  1:22.23.1-4.el10_2                  appstream           20 M
#6 8.742  openssl                         x86_64  1:3.5.5-2.el10_2                    baseos             1.2 M
#6 8.742  policycoreutils                 x86_64  3.10-2.el10_2                       baseos             233 k
#6 8.742  policycoreutils-python-utils    noarch  3.10-2.el10_2                       appstream           45 k
#6 8.742  psmisc                          x86_64  23.6-8.el10                         baseos             320 k
#6 8.742  python3-audit                   x86_64  4.0.3-5.el10                        appstream           69 k
#6 8.742  python3-distro                  noarch  1.9.0-5.el10                        appstream           50 k
#6 8.742  python3-libselinux              x86_64  3.10-1.el10                         appstream          202 k
#6 8.742  python3-libsemanage             x86_64  3.10-1.el10                         appstream           80 k
#6 8.742  python3-policycoreutils         noarch  3.10-2.el10_2                       appstream          2.1 M
#6 8.742  python3-pyxattr                 x86_64  0.7.2-14.el10                       crb                 34 k
#6 8.742  python3-setools                 x86_64  4.6.0-3.el10                        baseos             776 k
#6 8.742  quota                           x86_64  1:4.09-10.el10                      baseos             195 k
#6 8.742  quota-nls                       noarch  1:4.09-10.el10                      baseos              77 k
#6 8.742  rpcbind                         x86_64  1.2.7-3.el10                        baseos              57 k
#6 8.742  rpm-plugin-selinux              x86_64  4.19.1.1-23.el10                    baseos              17 k
#6 8.742  selinux-policy                  noarch  42.1.18-4.el10_2.3                  baseos              55 k
#6 8.742  selinux-policy-targeted         noarch  42.1.18-4.el10_2.3                  baseos             5.9 M
#6 8.742  systemd                         x86_64  257-23.el10_2.1.rocky.0.1           baseos             5.6 M
#6 8.742  systemd-pam                     x86_64  257-23.el10_2.1.rocky.0.1           baseos             322 k
#6 8.742  userspace-rcu                   x86_64  0.14.0-7.el10                       baseos             109 k
#6 8.742  xkeyboard-config                noarch  2.41-3.el10                         appstream          998 k
#6 8.742 Installing weak dependencies:
#6 8.742  cryptsetup-libs                 x86_64  2.8.1-2.el10                        baseos             581 k
#6 8.742  kmod-libs                       x86_64  31-13.el10                          baseos              69 k
#6 8.742  libbpf                          x86_64  2:1.7.0-1.el10                      baseos             193 k
#6 8.742  libxkbcommon                    x86_64  1.7.0-4.el10                        appstream          144 k
#6 8.742  nodejs-docs                     noarch  1:22.23.1-4.el10_2                  appstream          9.1 M
#6 8.742  nodejs-full-i18n                x86_64  1:22.23.1-4.el10_2                  appstream          8.9 M
#6 8.742  nodejs-npm                      x86_64  1:10.9.8-1.22.23.1.4.el10_2         appstream          2.0 M
#6 8.742  selinux-policy-targeted-extra   noarch  42.1.18-4.el10_2.3                  crb                720 k
#6 8.742 
#6 8.742 Transaction Summary
#6 8.742 =====================================================================================================
#6 8.742 Install  81 Packages
#6 8.742 
#6 8.745 Total download size: 72 M
#6 8.745 Installed size: 315 M
#6 8.745 Downloading Packages:
#6 9.201 (1/81): glusterfs-cli-2026.08.18-0.0.gitae1d696 4.4 MB/s | 185 kB     00:00    
#6 9.213 (2/81): glusterfs-client-xlators-2026.08.18-0.0  14 MB/s | 784 kB     00:00    
#6 9.219 (3/81): glusterfs-2026.08.18-0.0.gitae1d69672fe 9.8 MB/s | 594 kB     00:00    
#6 9.220 (4/81): glusterfs-fuse-2026.08.18-0.0.gitae1d69 7.2 MB/s | 137 kB     00:00    
#6 9.223 (5/81): glusterfs-gnfs-2026.08.18-0.0.gitae1d69  15 MB/s | 145 kB     00:00    
#6 9.229 (6/81): glusterfs-selinux-2.0.1-1.el10.noarch.r 2.7 MB/s |  25 kB     00:00    
#6 9.237 (7/81): libgfapi0-2026.08.18-0.0.gitae1d69672fe 7.1 MB/s |  95 kB     00:00    
#6 9.242 (8/81): libgfchangelog0-2026.08.18-0.0.gitae1d6 2.5 MB/s |  34 kB     00:00    
#6 9.249 (9/81): libgfrpc0-2026.08.18-0.0.gitae1d69672fe 4.8 MB/s |  53 kB     00:00    
#6 9.254 (10/81): glusterfs-server-2026.08.18-0.0.gitae1  38 MB/s | 1.2 MB     00:00    
#6 9.255 (11/81): libgfxdr0-2026.08.18-0.0.gitae1d69672f 2.4 MB/s |  31 kB     00:00    
#6 9.260 (12/81): libglusterfs0-2026.08.18-0.0.gitae1d69  25 MB/s | 289 kB     00:00    
#6 9.260 (13/81): python3-gluster-2026.08.18-0.0.gitae1d 2.6 MB/s |  17 kB     00:00    
#6 9.288 (14/81): c-ares-1.34.6-2.el10_2.x86_64.rpm      4.3 MB/s | 117 kB     00:00    
#6 9.346 (15/81): cryptsetup-libs-2.8.1-2.el10.x86_64.rp 9.8 MB/s | 581 kB     00:00    
#6 9.354 (16/81): dbus-1.14.10-5.el10.x86_64.rpm         959 kB/s | 7.4 kB     00:00    
#6 9.378 (17/81): dbus-broker-36-4.el10.x86_64.rpm       7.1 MB/s | 174 kB     00:00    
#6 9.389 (18/81): dbus-common-1.14.10-5.el10.noarch.rpm  1.3 MB/s |  14 kB     00:00    
#6 9.413 (19/81): device-mapper-1.02.210-2.el10.x86_64.r 6.0 MB/s | 142 kB     00:00    
#6 9.423 (20/81): device-mapper-event-1.02.210-2.el10.x8 3.4 MB/s |  36 kB     00:00    
#6 9.431 (21/81): device-mapper-event-libs-1.02.210-2.el 3.9 MB/s |  31 kB     00:00    
#6 9.442 (22/81): device-mapper-libs-1.02.210-2.el10.x86  17 MB/s | 181 kB     00:00    
#6 9.549 (23/81): device-mapper-persistent-data-1.3.0-1.  12 MB/s | 1.2 MB     00:00    
#6 9.560 (24/81): diffutils-3.10-8.el10.x86_64.rpm        35 MB/s | 411 kB     00:00    
#6 9.570 (25/81): e2fsprogs-libs-1.47.1-5.el10.x86_64.rp  23 MB/s | 225 kB     00:00    
#6 9.572 (26/81): libunwind-1.8.0-4.el10_0.x86_64.rpm    233 kB/s |  73 kB     00:00    
#6 9.579 (27/81): gssproxy-0.9.2-10.el10.x86_64.rpm       13 MB/s | 111 kB     00:00    
#6 9.581 (28/81): kmod-31-13.el10.x86_64.rpm              15 MB/s | 137 kB     00:00    
#6 9.589 (29/81): libaio-0.3.111-22.el10.x86_64.rpm      2.9 MB/s |  24 kB     00:00    
#6 9.592 (30/81): kmod-libs-31-13.el10.x86_64.rpm        5.3 MB/s |  69 kB     00:00    
#6 9.599 (31/81): libbasicobjects-0.1.1-58.el10.x86_64.r 2.9 MB/s |  26 kB     00:00    
#6 9.609 (32/81): libbrotli-1.1.0-7.el10_1.x86_64.rpm     34 MB/s | 345 kB     00:00    
#6 9.616 (33/81): libbpf-1.7.0-1.el10.x86_64.rpm         8.4 MB/s | 193 kB     00:00    
#6 9.621 (34/81): libcollection-0.7.0-58.el10.x86_64.rpm 3.9 MB/s |  44 kB     00:00    
#6 9.631 (35/81): libedit-3.1-52.20230828cvs.el10.x86_64 6.8 MB/s | 105 kB     00:00    
#6 9.632 (36/81): libev-4.33-15.el10.x86_64.rpm          4.7 MB/s |  52 kB     00:00    
#6 9.639 (37/81): libnfsidmap-2.8.3-5.el10.x86_64.rpm     10 MB/s |  61 kB     00:00    
#6 9.647 (38/81): libini_config-1.3.1-58.el10.x86_64.rpm 4.2 MB/s |  67 kB     00:00    
#6 9.666 (39/81): libnvme-1.16.1-3.el10_2.x86_64.rpm     6.6 MB/s | 120 kB     00:00    
#6 9.676 (40/81): libnl3-3.11.0-1.el10.x86_64.rpm        9.4 MB/s | 357 kB     00:00    
#6 9.680 (41/81): libpath_utils-0.2.1-58.el10.x86_64.rpm 2.0 MB/s |  29 kB     00:00    
#6 9.686 (42/81): libref_array-0.1.5-58.el10.x86_64.rpm  2.9 MB/s |  27 kB     00:00    
#6 9.689 (43/81): libseccomp-2.5.6-1.el10.x86_64.rpm     8.4 MB/s |  70 kB     00:00    
#6 9.699 (44/81): gperftools-libs-2.15-4.el10_0.x86_64.r 683 kB/s | 303 kB     00:00    
#6 9.704 (45/81): libselinux-utils-3.10-1.el10.x86_64.rp 7.0 MB/s | 122 kB     00:00    
#6 9.710 (46/81): libtirpc-1.3.5-1.el10.x86_64.rpm       4.6 MB/s |  94 kB     00:00    
#6 9.711 (47/81): liburing-2.12-1.el10.x86_64.rpm        3.8 MB/s |  43 kB     00:00    
#6 9.711 (48/81): libverto-libev-0.3.2-10.el10.x86_64.rp 1.8 MB/s |  13 kB     00:00    
#6 9.727 (49/81): lvm2-libs-2.03.36-2.el10.x86_64.rpm     67 MB/s | 1.0 MB     00:00    
#6 9.755 (50/81): nfs-utils-2.8.3-5.el10.x86_64.rpm       11 MB/s | 478 kB     00:00    
#6 9.779 (51/81): policycoreutils-3.10-2.el10_2.x86_64.r 9.6 MB/s | 233 kB     00:00    
#6 9.809 (52/81): psmisc-23.6-8.el10.x86_64.rpm           11 MB/s | 320 kB     00:00    
#6 9.815 (53/81): openssl-3.5.5-2.el10_2.x86_64.rpm       14 MB/s | 1.2 MB     00:00    
#6 9.844 (54/81): lvm2-2.03.36-2.el10.x86_64.rpm          12 MB/s | 1.6 MB     00:00    
#6 9.851 (55/81): quota-4.09-10.el10.x86_64.rpm          5.6 MB/s | 195 kB     00:00    
#6 9.858 (56/81): quota-nls-4.09-10.el10.noarch.rpm      5.6 MB/s |  77 kB     00:00    
#6 9.864 (57/81): rpm-plugin-selinux-4.19.1.1-23.el10.x8 3.0 MB/s |  17 kB     00:00    
#6 9.865 (58/81): rpcbind-1.2.7-3.el10.x86_64.rpm        3.7 MB/s |  57 kB     00:00    
#6 9.877 (59/81): selinux-policy-42.1.18-4.el10_2.3.noar 4.4 MB/s |  55 kB     00:00    
#6 9.895 (60/81): python3-setools-4.6.0-3.el10.x86_64.rp 8.8 MB/s | 776 kB     00:00    
#6 9.951 (61/81): selinux-policy-targeted-42.1.18-4.el10  70 MB/s | 5.9 MB     00:00    
#6 9.956 (62/81): systemd-pam-257-23.el10_2.1.rocky.0.1. 5.2 MB/s | 322 kB     00:00    
#6 9.969 (63/81): userspace-rcu-0.14.0-7.el10.x86_64.rpm 6.2 MB/s | 109 kB     00:00    
#6 10.04 (64/81): checkpolicy-3.10-1.el10.x86_64.rpm     4.3 MB/s | 370 kB     00:00    
#6 10.04 (65/81): libuv-1.52.1-1.el10_2.x86_64.rpm       3.4 MB/s | 265 kB     00:00    
#6 10.07 (66/81): nodejs-22.23.1-4.el10_2.x86_64.rpm     1.9 MB/s |  52 kB     00:00    
#6 10.08 (67/81): libxkbcommon-1.7.0-4.el10.x86_64.rpm   4.0 MB/s | 144 kB     00:00    
#6 10.22 (68/81): nodejs-docs-22.23.1-4.el10_2.noarch.rp  61 MB/s | 9.1 MB     00:00    
#6 10.25 (69/81): nodejs-full-i18n-22.23.1-4.el10_2.x86_  50 MB/s | 8.9 MB     00:00    
#6 10.32 (70/81): nodejs-npm-10.9.8-1.22.23.1.4.el10_2.x  32 MB/s | 2.0 MB     00:00    
#6 10.34 (71/81): systemd-257-23.el10_2.1.rocky.0.1.x86_  12 MB/s | 5.6 MB     00:00    
#6 10.35 (72/81): policycoreutils-python-utils-3.10-2.el 1.2 MB/s |  45 kB     00:00    
#6 10.44 (73/81): nodejs-libs-22.23.1-4.el10_2.x86_64.rp  91 MB/s |  20 MB     00:00    
#6 10.44 (74/81): python3-audit-4.0.3-5.el10.x86_64.rpm  713 kB/s |  69 kB     00:00    
#6 10.44 (75/81): python3-distro-1.9.0-5.el10.noarch.rpm 588 kB/s |  50 kB     00:00    
#6 10.47 (76/81): python3-libselinux-3.10-1.el10.x86_64. 5.9 MB/s | 202 kB     00:00    
#6 10.47 (77/81): python3-libsemanage-3.10-1.el10.x86_64 2.3 MB/s |  80 kB     00:00    
#6 10.49 (78/81): python3-policycoreutils-3.10-2.el10_2.  44 MB/s | 2.1 MB     00:00    
#6 10.51 (79/81): xkeyboard-config-2.41-3.el10.noarch.rp  24 MB/s | 998 kB     00:00    
#6 10.52 (80/81): python3-pyxattr-0.7.2-14.el10.x86_64.r 678 kB/s |  34 kB     00:00    
#6 10.54 (81/81): selinux-policy-targeted-extra-42.1.18-  14 MB/s | 720 kB     00:00    
#6 10.54 --------------------------------------------------------------------------------
#6 10.54 Total                                            40 MB/s |  72 MB     00:01     
#6 10.69 Extra Packages for Enterprise Linux 10 - x86_64 1.6 MB/s | 1.6 kB     00:00    
#6 10.69 Importing GPG key 0xE37ED158:
#6 10.69  Userid     : "Fedora (epel10) <epel@fedoraproject.org>"
#6 10.69  Fingerprint: 7D8D 15CB FC4E 6268 8591 FB26 33D9 8517 E37E D158
#6 10.69  From       : /etc/pki/rpm-gpg/RPM-GPG-KEY-EPEL-10
#6 10.70 Key imported successfully
#6 11.57 Running transaction check
#6 11.64 Transaction check succeeded.
#6 11.64 Running transaction test
#6 12.48 Transaction test succeeded.
#6 12.48 Running transaction
#6 13.25   Running scriptlet: selinux-policy-targeted-42.1.18-4.el10_2.3.noarch      1/1 
#6 13.25   Running scriptlet: nodejs-1:22.23.1-4.el10_2.x86_64                       1/1 
#6 13.31   Preparing        :                                                        1/1 
#6 13.34   Installing       : libtirpc-1.3.5-1.el10.x86_64                          1/81 
#6 13.35   Installing       : userspace-rcu-0.14.0-7.el10.x86_64                    2/81 
#6 13.35   Installing       : libaio-0.3.111-22.el10.x86_64                         3/81 
#6 13.36   Installing       : python3-libselinux-3.10-1.el10.x86_64                 4/81 
#6 13.43   Installing       : nodejs-docs-1:22.23.1-4.el10_2.noarch                 5/81 
#6 13.44   Installing       : libuv-1:1.52.1-1.el10_2.x86_64                        6/81 
#6 13.45   Installing       : libselinux-utils-3.10-1.el10.x86_64                   7/81 
#6 13.46   Installing       : libref_array-0.1.5-58.el10.x86_64                     8/81 
#6 13.46   Installing       : libnvme-1.16.1-3.el10_2.x86_64                        9/81 
#6 13.47   Installing       : kmod-31-13.el10.x86_64                               10/81 
#6 13.47   Installing       : diffutils-3.10-8.el10.x86_64                         11/81 
#6 13.49   Installing       : policycoreutils-3.10-2.el10_2.x86_64                 12/81 
#6 13.49   Running scriptlet: policycoreutils-3.10-2.el10_2.x86_64                 12/81 
#6 13.50   Installing       : selinux-policy-42.1.18-4.el10_2.3.noarch             13/81 
#6 13.50   Running scriptlet: selinux-policy-42.1.18-4.el10_2.3.noarch             13/81 
#6 13.52   Running scriptlet: selinux-policy-targeted-extra-42.1.18-4.el10_2.3.n   14/81 
#6 13.56   Installing       : selinux-policy-targeted-extra-42.1.18-4.el10_2.3.n   14/81 
#6 13.57   Running scriptlet: selinux-policy-targeted-42.1.18-4.el10_2.3.noarch    15/81 
#6 13.79   Installing       : selinux-policy-targeted-42.1.18-4.el10_2.3.noarch    15/81 
#6 13.80   Running scriptlet: selinux-policy-targeted-42.1.18-4.el10_2.3.noarch    15/81 
#6 13.81   Installing       : python3-libsemanage-3.10-1.el10.x86_64               16/81 
#6 13.81   Installing       : python3-pyxattr-0.7.2-14.el10.x86_64                 17/81 
#6 13.87   Installing       : xkeyboard-config-2.41-3.el10.noarch                  18/81 
#6 13.87   Installing       : libxkbcommon-1.7.0-4.el10.x86_64                     19/81 
#6 13.88   Installing       : python3-distro-1.9.0-5.el10.noarch                   20/81 
#6 13.88   Installing       : python3-audit-4.0.3-5.el10.x86_64                    21/81 
#6 13.89   Installing       : checkpolicy-3.10-1.el10.x86_64                       22/81 
#6 13.89   Installing       : quota-nls-1:4.09-10.el10.noarch                      23/81 
#6 13.93   Installing       : python3-setools-4.6.0-3.el10.x86_64                  24/81 
#6 13.96   Installing       : python3-policycoreutils-3.10-2.el10_2.noarch         25/81 
#6 13.97   Installing       : policycoreutils-python-utils-3.10-2.el10_2.noarch    26/81 
#6 13.97   Running scriptlet: glusterfs-selinux-2.0.1-1.el10.noarch                27/81 
#6 13.98   Installing       : glusterfs-selinux-2.0.1-1.el10.noarch                27/81 
#6 13.98   Running scriptlet: glusterfs-selinux-2.0.1-1.el10.noarch                27/81 
#6 16.95 Failed to resolve typeattributeset statement at /var/lib/selinux/targeted/tmp/modules/200/glusterd/cil:81
#6 16.95 Failed to resolve AST
#6 16.95 semodule:  Failed!
#6 16.95 libsemanage.semanage_direct_install_info: Overriding glusterd module at lower priority 100 with module at priority 200.
#6 16.95 
#6 17.06   Installing       : psmisc-23.6-8.el10.x86_64                            28/81 
#6 17.15   Installing       : openssl-1:3.5.5-2.el10_2.x86_64                      29/81 
#6 17.16   Installing       : liburing-2.12-1.el10.x86_64                          30/81 
#6 17.16   Installing       : libseccomp-2.5.6-1.el10.x86_64                       31/81 
#6 17.17   Installing       : libpath_utils-0.2.1-58.el10.x86_64                   32/81 
#6 17.18   Installing       : libnl3-3.11.0-1.el10.x86_64                          33/81 
#6 17.19   Installing       : libnfsidmap-1:2.8.3-5.el10.x86_64                    34/81 
#6 17.19   Installing       : libev-4.33-15.el10.x86_64                            35/81 
#6 17.20   Installing       : libverto-libev-0.3.2-10.el10.x86_64                  36/81 
#6 17.20   Installing       : libedit-3.1-52.20230828cvs.el10.x86_64               37/81 
#6 17.20   Installing       : libcollection-0.7.0-58.el10.x86_64                   38/81 
#6 17.21   Installing       : libbrotli-1.1.0-7.el10_1.x86_64                      39/81 
#6 17.22   Installing       : libbpf-2:1.7.0-1.el10.x86_64                         40/81 
#6 17.22   Installing       : libbasicobjects-0.1.1-58.el10.x86_64                 41/81 
#6 17.22   Installing       : libini_config-1.3.1-58.el10.x86_64                   42/81 
#6 17.23   Installing       : kmod-libs-31-13.el10.x86_64                          43/81 
#6 17.23   Installing       : e2fsprogs-libs-1.47.1-5.el10.x86_64                  44/81 
#6 17.24   Installing       : quota-1:4.09-10.el10.x86_64                          45/81 
#6 17.28   Installing       : device-mapper-persistent-data-1.3.0-1.el10.x86_64    46/81 
#6 17.29   Installing       : dbus-common-1:1.14.10-5.el10.noarch                  47/81 
#6 17.29   Running scriptlet: dbus-common-1:1.14.10-5.el10.noarch                  47/81 
#6 17.30   Installing       : dbus-broker-36-4.el10.x86_64                         48/81 
#6 17.31   Running scriptlet: dbus-broker-36-4.el10.x86_64                         48/81 
#6 17.32   Installing       : dbus-1:1.14.10-5.el10.x86_64                         49/81 
#6 17.32   Installing       : device-mapper-libs-10:1.02.210-2.el10.x86_64         50/81 
#6 17.33   Installing       : cryptsetup-libs-2.8.1-2.el10.x86_64                  51/81 
#6 17.34   Installing       : device-mapper-10:1.02.210-2.el10.x86_64              52/81 
#6 17.34   Installing       : systemd-pam-257-23.el10_2.1.rocky.0.1.x86_64         53/81 
#6 17.35   Running scriptlet: systemd-257-23.el10_2.1.rocky.0.1.x86_64             54/81 
#6 17.54   Installing       : systemd-257-23.el10_2.1.rocky.0.1.x86_64             54/81 
#6 17.55   Running scriptlet: systemd-257-23.el10_2.1.rocky.0.1.x86_64             54/81 
#6 17.70 Creating group 'input' with GID 104.
#6 17.70 Creating group 'kvm' with GID 36.
#6 17.70 Creating group 'render' with GID 105.
#6 17.70 Creating group 'sgx' with GID 106.
#6 17.70 Creating group 'systemd-journal' with GID 190.
#6 17.70 Creating group 'dbus' with GID 81.
#6 17.70 Creating user 'dbus' (System Message Bus) with UID 81 and GID 81.
#6 17.70 
#6 17.71   Installing       : device-mapper-event-libs-10:1.02.210-2.el10.x86_64   55/81 
#6 17.71   Running scriptlet: rpcbind-1.2.7-3.el10.x86_64                          56/81 
#6 17.76   Installing       : rpcbind-1.2.7-3.el10.x86_64                          56/81 
#6 17.76   Running scriptlet: rpcbind-1.2.7-3.el10.x86_64                          56/81 
#6 17.82   Installing       : device-mapper-event-10:1.02.210-2.el10.x86_64        57/81 
#6 17.82   Running scriptlet: device-mapper-event-10:1.02.210-2.el10.x86_64        57/81 
#6 17.84 Created symlink '/etc/systemd/system/sockets.target.wants/dm-event.socket' → '/usr/lib/systemd/system/dm-event.socket'.
#6 17.84 
#6 17.85   Installing       : lvm2-libs-10:2.03.36-2.el10.x86_64                   58/81 
#6 17.88   Installing       : lvm2-10:2.03.36-2.el10.x86_64                        59/81 
#6 17.89   Running scriptlet: lvm2-10:2.03.36-2.el10.x86_64                        59/81 
#6 17.92 Created symlink '/etc/systemd/system/sysinit.target.wants/lvm2-monitor.service' → '/usr/lib/systemd/system/lvm2-monitor.service'.
#6 17.92 Created symlink '/etc/systemd/system/sysinit.target.wants/lvm2-lvmpolld.socket' → '/usr/lib/systemd/system/lvm2-lvmpolld.socket'.
#6 17.92 
#6 17.93   Running scriptlet: gssproxy-0.9.2-10.el10.x86_64                        60/81 
#6 17.94   Installing       : gssproxy-0.9.2-10.el10.x86_64                        60/81 
#6 17.94   Running scriptlet: gssproxy-0.9.2-10.el10.x86_64                        60/81 
#6 17.95   Running scriptlet: nfs-utils-1:2.8.3-5.el10.x86_64                      61/81 
#6 18.00   Installing       : nfs-utils-1:2.8.3-5.el10.x86_64                      61/81 
#6 18.00   Running scriptlet: nfs-utils-1:2.8.3-5.el10.x86_64                      61/81 
#6 18.01 Created symlink '/etc/systemd/system/multi-user.target.wants/nfs-client.target' → '/usr/lib/systemd/system/nfs-client.target'.
#6 18.01 Created symlink '/etc/systemd/system/remote-fs.target.wants/nfs-client.target' → '/usr/lib/systemd/system/nfs-client.target'.
#6 18.01 
#6 18.03 System has not been booted with systemd as init system (PID 1). Can't operate.
#6 18.03 Failed to connect to system scope bus via local transport: Host is down
#6 18.03 
#6 18.05 System has not been booted with systemd as init system (PID 1). Can't operate.
#6 18.05 Failed to connect to system scope bus via local transport: Host is down
#6 18.05 
#6 18.05   Installing       : c-ares-1.34.6-2.el10_2.x86_64                        62/81 
#6 18.41   Installing       : nodejs-libs-1:22.23.1-4.el10_2.x86_64                63/81 
#6 18.68   Installing       : nodejs-full-i18n-1:22.23.1-4.el10_2.x86_64           64/81 
#6 18.96   Installing       : nodejs-npm-1:10.9.8-1.22.23.1.4.el10_2.x86_64        65/81 
#6 18.98   Installing       : nodejs-1:22.23.1-4.el10_2.x86_64                     66/81 
#6 18.99   Installing       : libunwind-1.8.0-4.el10_0.x86_64                      67/81 
#6 19.00   Installing       : gperftools-libs-2.15-4.el10_0.x86_64                 68/81 
#6 19.01   Installing       : libgfxdr0-2026.08.18-0.0.gitae1d69672fe0.el10.x86_   69/81 
#6 19.01   Running scriptlet: libgfxdr0-2026.08.18-0.0.gitae1d69672fe0.el10.x86_   69/81 
#6 19.04   Installing       : libglusterfs0-2026.08.18-0.0.gitae1d69672fe0.el10.   70/81 
#6 19.04   Running scriptlet: libglusterfs0-2026.08.18-0.0.gitae1d69672fe0.el10.   70/81 
#6 19.05   Installing       : libgfrpc0-2026.08.18-0.0.gitae1d69672fe0.el10.x86_   71/81 
#6 19.06   Running scriptlet: libgfrpc0-2026.08.18-0.0.gitae1d69672fe0.el10.x86_   71/81 
#6 19.09   Installing       : glusterfs-client-xlators-2026.08.18-0.0.gitae1d696   72/81 
#6 19.10   Running scriptlet: glusterfs-2026.08.18-0.0.gitae1d69672fe0.el10.x86_   73/81 
#6 19.14   Installing       : glusterfs-2026.08.18-0.0.gitae1d69672fe0.el10.x86_   73/81 
#6 19.15   Running scriptlet: glusterfs-2026.08.18-0.0.gitae1d69672fe0.el10.x86_   73/81 
#6 19.17   Installing       : libgfapi0-2026.08.18-0.0.gitae1d69672fe0.el10.x86_   74/81 
#6 19.17   Running scriptlet: libgfapi0-2026.08.18-0.0.gitae1d69672fe0.el10.x86_   74/81 
#6 19.19   Installing       : glusterfs-fuse-2026.08.18-0.0.gitae1d69672fe0.el10   75/81 
#6 19.19   Installing       : glusterfs-cli-2026.08.18-0.0.gitae1d69672fe0.el10.   76/81 
#6 19.20   Installing       : libgfchangelog0-2026.08.18-0.0.gitae1d69672fe0.el1   77/81 
#6 19.20   Running scriptlet: libgfchangelog0-2026.08.18-0.0.gitae1d69672fe0.el1   77/81 
#6 19.25   Installing       : glusterfs-server-2026.08.18-0.0.gitae1d69672fe0.el   78/81 
#6 19.25   Running scriptlet: glusterfs-server-2026.08.18-0.0.gitae1d69672fe0.el   78/81 
#6 19.29   Installing       : glusterfs-gnfs-2026.08.18-0.0.gitae1d69672fe0.el10   79/81 
#6 19.30   Installing       : rpm-plugin-selinux-4.19.1.1-23.el10.x86_64           80/81 
#6 19.30   Installing       : python3-gluster-2026.08.18-0.0.gitae1d69672fe0.el1   81/81 
#6 19.30   Running scriptlet: selinux-policy-targeted-extra-42.1.18-4.el10_2.3.n   81/81 
#6 25.67   Running scriptlet: selinux-policy-targeted-42.1.18-4.el10_2.3.noarch    81/81 
#6 31.86   Running scriptlet: glusterfs-selinux-2.0.1-1.el10.noarch                81/81 
#6 31.88   Running scriptlet: python3-gluster-2026.08.18-0.0.gitae1d69672fe0.el1   81/81 
#6 32.27 
#6 32.27 Installed:
#6 32.27   c-ares-1.34.6-2.el10_2.x86_64                                                 
#6 32.27   checkpolicy-3.10-1.el10.x86_64                                                
#6 32.27   cryptsetup-libs-2.8.1-2.el10.x86_64                                           
#6 32.27   dbus-1:1.14.10-5.el10.x86_64                                                  
#6 32.27   dbus-broker-36-4.el10.x86_64                                                  
#6 32.27   dbus-common-1:1.14.10-5.el10.noarch                                           
#6 32.27   device-mapper-10:1.02.210-2.el10.x86_64                                       
#6 32.27   device-mapper-event-10:1.02.210-2.el10.x86_64                                 
#6 32.27   device-mapper-event-libs-10:1.02.210-2.el10.x86_64                            
#6 32.27   device-mapper-libs-10:1.02.210-2.el10.x86_64                                  
#6 32.27   device-mapper-persistent-data-1.3.0-1.el10.x86_64                             
#6 32.27   diffutils-3.10-8.el10.x86_64                                                  
#6 32.27   e2fsprogs-libs-1.47.1-5.el10.x86_64                                           
#6 32.27   glusterfs-2026.08.18-0.0.gitae1d69672fe0.el10.x86_64                          
#6 32.27   glusterfs-cli-2026.08.18-0.0.gitae1d69672fe0.el10.x86_64                      
#6 32.27   glusterfs-client-xlators-2026.08.18-0.0.gitae1d69672fe0.el10.x86_64           
#6 32.27   glusterfs-fuse-2026.08.18-0.0.gitae1d69672fe0.el10.x86_64                     
#6 32.27   glusterfs-gnfs-2026.08.18-0.0.gitae1d69672fe0.el10.x86_64                     
#6 32.27   glusterfs-selinux-2.0.1-1.el10.noarch                                         
#6 32.27   glusterfs-server-2026.08.18-0.0.gitae1d69672fe0.el10.x86_64                   
#6 32.27   gperftools-libs-2.15-4.el10_0.x86_64                                          
#6 32.27   gssproxy-0.9.2-10.el10.x86_64                                                 
#6 32.27   kmod-31-13.el10.x86_64                                                        
#6 32.27   kmod-libs-31-13.el10.x86_64                                                   
#6 32.27   libaio-0.3.111-22.el10.x86_64                                                 
#6 32.27   libbasicobjects-0.1.1-58.el10.x86_64                                          
#6 32.27   libbpf-2:1.7.0-1.el10.x86_64                                                  
#6 32.27   libbrotli-1.1.0-7.el10_1.x86_64                                               
#6 32.27   libcollection-0.7.0-58.el10.x86_64                                            
#6 32.27   libedit-3.1-52.20230828cvs.el10.x86_64                                        
#6 32.27   libev-4.33-15.el10.x86_64                                                     
#6 32.27   libgfapi0-2026.08.18-0.0.gitae1d69672fe0.el10.x86_64                          
#6 32.27   libgfchangelog0-2026.08.18-0.0.gitae1d69672fe0.el10.x86_64                    
#6 32.27   libgfrpc0-2026.08.18-0.0.gitae1d69672fe0.el10.x86_64                          
#6 32.27   libgfxdr0-2026.08.18-0.0.gitae1d69672fe0.el10.x86_64                          
#6 32.27   libglusterfs0-2026.08.18-0.0.gitae1d69672fe0.el10.x86_64                      
#6 32.27   libini_config-1.3.1-58.el10.x86_64                                            
#6 32.27   libnfsidmap-1:2.8.3-5.el10.x86_64                                             
#6 32.27   libnl3-3.11.0-1.el10.x86_64                                                   
#6 32.27   libnvme-1.16.1-3.el10_2.x86_64                                                
#6 32.27   libpath_utils-0.2.1-58.el10.x86_64                                            
#6 32.27   libref_array-0.1.5-58.el10.x86_64                                             
#6 32.27   libseccomp-2.5.6-1.el10.x86_64                                                
#6 32.27   libselinux-utils-3.10-1.el10.x86_64                                           
#6 32.27   libtirpc-1.3.5-1.el10.x86_64                                                  
#6 32.27   libunwind-1.8.0-4.el10_0.x86_64                                               
#6 32.27   liburing-2.12-1.el10.x86_64                                                   
#6 32.27   libuv-1:1.52.1-1.el10_2.x86_64                                                
#6 32.27   libverto-libev-0.3.2-10.el10.x86_64                                           
#6 32.27   libxkbcommon-1.7.0-4.el10.x86_64                                              
#6 32.27   lvm2-10:2.03.36-2.el10.x86_64                                                 
#6 32.27   lvm2-libs-10:2.03.36-2.el10.x86_64                                            
#6 32.27   nfs-utils-1:2.8.3-5.el10.x86_64                                               
#6 32.27   nodejs-1:22.23.1-4.el10_2.x86_64                                              
#6 32.27   nodejs-docs-1:22.23.1-4.el10_2.noarch                                         
#6 32.27   nodejs-full-i18n-1:22.23.1-4.el10_2.x86_64                                    
#6 32.27   nodejs-libs-1:22.23.1-4.el10_2.x86_64                                         
#6 32.27   nodejs-npm-1:10.9.8-1.22.23.1.4.el10_2.x86_64                                 
#6 32.27   openssl-1:3.5.5-2.el10_2.x86_64                                               
#6 32.27   policycoreutils-3.10-2.el10_2.x86_64                                          
#6 32.27   policycoreutils-python-utils-3.10-2.el10_2.noarch                             
#6 32.27   psmisc-23.6-8.el10.x86_64                                                     
#6 32.27   python3-audit-4.0.3-5.el10.x86_64                                             
#6 32.27   python3-distro-1.9.0-5.el10.noarch                                            
#6 32.27   python3-gluster-2026.08.18-0.0.gitae1d69672fe0.el10.x86_64                    
#6 32.27   python3-libselinux-3.10-1.el10.x86_64                                         
#6 32.27   python3-libsemanage-3.10-1.el10.x86_64                                        
#6 32.27   python3-policycoreutils-3.10-2.el10_2.noarch                                  
#6 32.27   python3-pyxattr-0.7.2-14.el10.x86_64                                          
#6 32.27   python3-setools-4.6.0-3.el10.x86_64                                           
#6 32.27   quota-1:4.09-10.el10.x86_64                                                   
#6 32.27   quota-nls-1:4.09-10.el10.noarch                                               
#6 32.27   rpcbind-1.2.7-3.el10.x86_64                                                   
#6 32.27   rpm-plugin-selinux-4.19.1.1-23.el10.x86_64                                    
#6 32.27   selinux-policy-42.1.18-4.el10_2.3.noarch                                      
#6 32.27   selinux-policy-targeted-42.1.18-4.el10_2.3.noarch                             
#6 32.27   selinux-policy-targeted-extra-42.1.18-4.el10_2.3.noarch                       
#6 32.27   systemd-257-23.el10_2.1.rocky.0.1.x86_64                                      
#6 32.27   systemd-pam-257-23.el10_2.1.rocky.0.1.x86_64                                  
#6 32.27   userspace-rcu-0.14.0-7.el10.x86_64                                            
#6 32.27   xkeyboard-config-2.41-3.el10.noarch                                           
#6 32.27 
#6 32.27 Complete!
#6 32.78 36 files removed
#6 DONE 32.8s

#7 [3/5] COPY containers/gluster-bootstrap.mjs /usr/local/bin/gluster-bootstrap.mjs
#7 DONE 0.1s

#8 [4/5] RUN chmod 0755 /usr/local/bin/gluster-bootstrap.mjs
#8 DONE 0.2s

#9 [5/5] WORKDIR /app
#9 DONE 0.0s

#10 exporting to image
#10 exporting layers
#10 exporting layers 8.4s done
#10 exporting manifest sha256:f9c873aee0c9cde77938985af979d89ec01fd3d5d1781b8866065203f7b5f60b done
#10 exporting config sha256:ab7781a3f8191a5b6255f1b821924789a35375acc0bc2630feb41dfdb034412d done
#10 exporting attestation manifest sha256:f178f1d46285be9099dbe6a8a03d50ea54f433a0c9eaa9ac5f1ab873e0e2e359 done
#10 exporting manifest list sha256:f90f3e7b78d3db4c4e4362ec5fd3943ae04bffae90929cf6cba8657b9f11b0cb done
#10 naming to ghcr.io/eliware/rocky10-gluster:2026.08.18-ae1d69672fe0 done
#10 unpacking to ghcr.io/eliware/rocky10-gluster:2026.08.18-ae1d69672fe0
#10 unpacking to ghcr.io/eliware/rocky10-gluster:2026.08.18-ae1d69672fe0 1.5s done
#10 DONE 10.0s

 [33m1 warning found (use docker --debug to expand):
[0m - SecretsUsedInArgOrEnv: Do not use ARG or ENV instructions for sensitive data (ARG "RPM_GPG_KEY_URL") (line 15)
{
  "run_id": "20260818054246765-0d8a45d9",
  "generated": "2026-08-18T05:53:20Z",
  "repository_integrity": {
    "status": "not-tested",
    "detail": "verified by the conductor against the package repository"
  },
  "provenance_verification": {
    "status": "not-tested",
    "detail": "generated and verified by the conductor after image publication"
  },
  "checks": {
    "install": {
      "status": "passed"
    },
    "cli_available": {
      "status": "passed"
    },
    "volume_create_mount": {
      "status": "passed"
    },
    "file_lifecycle": {
      "status": "passed"
    },
    "volume_unmount_delete": {
      "status": "passed"
    },
    "service_shutdown": {
      "status": "passed"
    }
  },
  "distributions": [
    {
      "id": "rocky-10",
      "label": "Rocky Linux 10",
      "container_core": {
        "status": "passed",
        "detail": "updated; volume stop: smoke: success; volume delete: smoke: success"
      }
    }
  ],
  "metadata_version": "0.1.0"
}
Validated 11 image labels
Login Succeeded
The push refers to repository [ghcr.io/eliware/rocky10-gluster]
ab8d41fb5e0e: Waiting
44136fa355b3: Waiting
835a986dbe0c: Waiting
530d6b37ba46: Waiting
ab8d41fb5e0e: Waiting
44136fa355b3: Already exists
835a986dbe0c: Waiting
530d6b37ba46: Waiting
6a3cb287c53e: Waiting
835a986dbe0c: Waiting
530d6b37ba46: Layer already exists
0c88f05d5235: Waiting
ab8d41fb5e0e: Waiting
6a3cb287c53e: Waiting
ab8d41fb5e0e: Pushed
6a3cb287c53e: Pushed
2d7ca5af8be7: Waiting
0c88f05d5235: Pushed
2d7ca5af8be7: Pushed
835a986dbe0c: Pushed
2026.08.18-ae1d69672fe0: digest: sha256:f90f3e7b78d3db4c4e4362ec5fd3943ae04bffae90929cf6cba8657b9f11b0cb size: 856
sha256:f90f3e7b78d3db4c4e4362ec5fd3943ae04bffae90929cf6cba8657b9f11b0cb
